Component: ARM Compiler 5.06 update 1 (build 61) Tool: armlink [4d35a8]

==============================================================================

Section Cross References

    startup_stm32g474xx.o(STACK) refers (Special) to heapauxi.o(.text) for __use_two_region_memory
    startup_stm32g474xx.o(HEAP) refers (Special) to heapauxi.o(.text) for __use_two_region_memory
    startup_stm32g474xx.o(RESET) refers (Special) to heapauxi.o(.text) for __use_two_region_memory
    startup_stm32g474xx.o(RESET) refers to startup_stm32g474xx.o(STACK) for __initial_sp
    startup_stm32g474xx.o(RESET) refers to startup_stm32g474xx.o(.text) for Reset_Handler
    startup_stm32g474xx.o(RESET) refers to stm32g4xx_it.o(i.NMI_Handler) for NMI_Handler
    startup_stm32g474xx.o(RESET) refers to stm32g4xx_it.o(i.HardFault_Handler) for HardFault_Handler
    startup_stm32g474xx.o(RESET) refers to stm32g4xx_it.o(i.MemManage_Handler) for MemManage_Handler
    startup_stm32g474xx.o(RESET) refers to stm32g4xx_it.o(i.BusFault_Handler) for BusFault_Handler
    startup_stm32g474xx.o(RESET) refers to stm32g4xx_it.o(i.UsageFault_Handler) for UsageFault_Handler
    startup_stm32g474xx.o(RESET) refers to stm32g4xx_it.o(i.SVC_Handler) for SVC_Handler
    startup_stm32g474xx.o(RESET) refers to stm32g4xx_it.o(i.DebugMon_Handler) for DebugMon_Handler
    startup_stm32g474xx.o(RESET) refers to stm32g4xx_it.o(i.PendSV_Handler) for PendSV_Handler
    startup_stm32g474xx.o(RESET) refers to stm32g4xx_it.o(i.SysTick_Handler) for SysTick_Handler
    startup_stm32g474xx.o(.text) refers (Special) to heapauxi.o(.text) for __use_two_region_memory
    startup_stm32g474xx.o(.text) refers to system_stm32g4xx.o(i.SystemInit) for SystemInit
    startup_stm32g474xx.o(.text) refers to __main.o(!!!main) for __main
    startup_stm32g474xx.o(.text) refers to startup_stm32g474xx.o(HEAP) for Heap_Mem
    startup_stm32g474xx.o(.text) refers to startup_stm32g474xx.o(STACK) for Stack_Mem
    bsp_fdcan.o(i.HAL_FDCAN_RxFifo0Callback) refers to bsp_fdcan.o(i.fdcan2_rx_callback) for fdcan2_rx_callback
    bsp_fdcan.o(i.HAL_FDCAN_RxFifo0Callback) refers to bsp_fdcan.o(i.fdcan3_rx_callback) for fdcan3_rx_callback
    bsp_fdcan.o(i.HAL_FDCAN_RxFifo0Callback) refers to fdcan.o(.bss) for hfdcan2
    bsp_fdcan.o(i.bsp_can_init) refers to bsp_fdcan.o(i.can_filter_init) for can_filter_init
    bsp_fdcan.o(i.bsp_can_init) refers to stm32g4xx_hal_fdcan.o(i.HAL_FDCAN_Start) for HAL_FDCAN_Start
    bsp_fdcan.o(i.bsp_can_init) refers to stm32g4xx_hal_fdcan.o(i.HAL_FDCAN_ActivateNotification) for HAL_FDCAN_ActivateNotification
    bsp_fdcan.o(i.bsp_can_init) refers to fdcan.o(.bss) for hfdcan2
    bsp_fdcan.o(i.fdcan2_rx_callback) refers to bsp_fdcan.o(i.fdcanx_receive) for fdcanx_receive
    bsp_fdcan.o(i.fdcan2_rx_callback) refers to bsp_fdcan.o(.data) for .data
    bsp_fdcan.o(i.fdcan2_rx_callback) refers to fdcan.o(.bss) for hfdcan2
    bsp_fdcan.o(i.fdcan3_rx_callback) refers to bsp_fdcan.o(i.fdcanx_receive) for fdcanx_receive
    bsp_fdcan.o(i.fdcan3_rx_callback) refers to bsp_fdcan.o(.data) for .data
    bsp_fdcan.o(i.fdcan3_rx_callback) refers to fdcan.o(.bss) for hfdcan3
    bsp_fdcan.o(i.fdcanx_receive) refers to stm32g4xx_hal_fdcan.o(i.HAL_FDCAN_GetRxMessage) for HAL_FDCAN_GetRxMessage
    bsp_fdcan.o(i.fdcanx_send_data) refers to stm32g4xx_hal_fdcan.o(i.HAL_FDCAN_AddMessageToTxFifoQ) for HAL_FDCAN_AddMessageToTxFifoQ
    main.o(i.SystemClock_Config) refers to rt_memclr_w.o(.text) for __aeabi_memclr4
    main.o(i.SystemClock_Config) refers to stm32g4xx_hal_pwr_ex.o(i.HAL_PWREx_ControlVoltageScaling) for HAL_PWREx_ControlVoltageScaling
    main.o(i.SystemClock_Config) refers to stm32g4xx_hal_rcc.o(i.HAL_RCC_OscConfig) for HAL_RCC_OscConfig
    main.o(i.SystemClock_Config) refers to stm32g4xx_hal_rcc.o(i.HAL_RCC_ClockConfig) for HAL_RCC_ClockConfig
    main.o(i.main) refers to stm32g4xx_hal.o(i.HAL_Init) for HAL_Init
    main.o(i.main) refers to main.o(i.SystemClock_Config) for SystemClock_Config
    main.o(i.main) refers to gpio.o(i.MX_GPIO_Init) for MX_GPIO_Init
    main.o(i.main) refers to adc.o(i.MX_ADC1_Init) for MX_ADC1_Init
    main.o(i.main) refers to fdcan.o(i.MX_FDCAN3_Init) for MX_FDCAN3_Init
    main.o(i.main) refers to hrtim.o(i.MX_HRTIM1_Init) for MX_HRTIM1_Init
    main.o(i.main) refers to adc.o(i.MX_ADC2_Init) for MX_ADC2_Init
    main.o(i.main) refers to adc.o(i.MX_ADC3_Init) for MX_ADC3_Init
    main.o(i.main) refers to adc.o(i.MX_ADC4_Init) for MX_ADC4_Init
    main.o(i.main) refers to adc.o(i.MX_ADC5_Init) for MX_ADC5_Init
    main.o(i.main) refers to fmac.o(i.MX_FMAC_Init) for MX_FMAC_Init
    main.o(i.main) refers to opamp.o(i.MX_OPAMP1_Init) for MX_OPAMP1_Init
    main.o(i.main) refers to opamp.o(i.MX_OPAMP2_Init) for MX_OPAMP2_Init
    main.o(i.main) refers to opamp.o(i.MX_OPAMP3_Init) for MX_OPAMP3_Init
    main.o(i.main) refers to opamp.o(i.MX_OPAMP4_Init) for MX_OPAMP4_Init
    main.o(i.main) refers to opamp.o(i.MX_OPAMP5_Init) for MX_OPAMP5_Init
[...]
    Removing stm32g4xx_hal_hrtim.o(i.HAL_HRTIM_SimpleOCStop), (408 bytes).
    Removing stm32g4xx_hal_hrtim.o(i.HAL_HRTIM_SimpleOCStop_DMA), (468 bytes).
    Removing stm32g4xx_hal_hrtim.o(i.HAL_HRTIM_SimpleOCStop_IT), (436 bytes).
    Removing stm32g4xx_hal_hrtim.o(i.HAL_HRTIM_SimpleOnePulseChannelConfig), (740 bytes).
    Removing stm32g4xx_hal_hrtim.o(i.HAL_HRTIM_SimpleOnePulseStart), (232 bytes).
    Removing stm32g4xx_hal_hrtim.o(i.HAL_HRTIM_SimpleOnePulseStart_IT), (360 bytes).
    Removing stm32g4xx_hal_hrtim.o(i.HAL_HRTIM_SimpleOnePulseStop), (408 bytes).
    Removing stm32g4xx_hal_hrtim.o(i.HAL_HRTIM_SimpleOnePulseStop_IT), (532 bytes).
    Removing stm32g4xx_hal_hrtim.o(i.HAL_HRTIM_SimplePWMChannelConfig), (480 bytes).
    Removing stm32g4xx_hal_hrtim.o(i.HAL_HRTIM_SimplePWMStart), (232 bytes).
    Removing stm32g4xx_hal_hrtim.o(i.HAL_HRTIM_SimplePWMStart_DMA), (440 bytes).
    Removing stm32g4xx_hal_hrtim.o(i.HAL_HRTIM_SimplePWMStart_IT), (360 bytes).
    Removing stm32g4xx_hal_hrtim.o(i.HAL_HRTIM_SimplePWMStop), (408 bytes).
    Removing stm32g4xx_hal_hrtim.o(i.HAL_HRTIM_SimplePWMStop_DMA), (556 bytes).
    Removing stm32g4xx_hal_hrtim.o(i.HAL_HRTIM_SimplePWMStop_IT), (532 bytes).
    Removing stm32g4xx_hal_hrtim.o(i.HAL_HRTIM_SoftwareCapture), (220 bytes).
    Removing stm32g4xx_hal_hrtim.o(i.HAL_HRTIM_SoftwareReset), (128 bytes).
    Removing stm32g4xx_hal_hrtim.o(i.HAL_HRTIM_SoftwareUpdate), (132 bytes).
    Removing stm32g4xx_hal_hrtim.o(i.HAL_HRTIM_SwapTimerOutput), (136 bytes).
    Removing stm32g4xx_hal_hrtim.o(i.HAL_HRTIM_SynchronizationEventCallback), (2 bytes).
    Removing stm32g4xx_hal_hrtim.o(i.HAL_HRTIM_SystemFaultCallback), (2 bytes).
    Removing stm32g4xx_hal_hrtim.o(i.HAL_HRTIM_TimerDualChannelDacConfig), (204 bytes).
    Removing stm32g4xx_hal_hrtim.o(i.HAL_HRTIM_TimerEventFilteringConfig), (592 bytes).
    Removing stm32g4xx_hal_hrtim.o(i.HAL_HRTIM_UpdateDisable), (124 bytes).
    Removing stm32g4xx_hal_hrtim.o(i.HAL_HRTIM_UpdateEnable), (124 bytes).
    Removing stm32g4xx_hal_hrtim.o(i.HAL_HRTIM_WaveformCaptureConfig), (744 bytes).
    Removing stm32g4xx_hal_hrtim.o(i.HAL_HRTIM_WaveformCompareConfig), (476 bytes).
    Removing stm32g4xx_hal_hrtim.o(i.HAL_HRTIM_WaveformCountStart), (124 bytes).
    Removing stm32g4xx_hal_hrtim.o(i.HAL_HRTIM_WaveformCountStart_DMA), (316 bytes).
    Removing stm32g4xx_hal_hrtim.o(i.HAL_HRTIM_WaveformCountStart_IT), (216 bytes).
    Removing stm32g4xx_hal_hrtim.o(i.HAL_HRTIM_WaveformCountStop), (124 bytes).
    Removing stm32g4xx_hal_hrtim.o(i.HAL_HRTIM_WaveformCountStop_DMA), (396 bytes).
    Removing stm32g4xx_hal_hrtim.o(i.HAL_HRTIM_WaveformCountStop_IT), (228 bytes).
    Removing stm32g4xx_hal_hrtim.o(i.HAL_HRTIM_WaveformGetOutputLevel), (280 bytes).
    Removing stm32g4xx_hal_hrtim.o(i.HAL_HRTIM_WaveformGetOutputState), (308 bytes).
    Removing stm32g4xx_hal_hrtim.o(i.HAL_HRTIM_WaveformOutputStart), (124 bytes).
    Removing stm32g4xx_hal_hrtim.o(i.HAL_HRTIM_WaveformOutputStop), (124 bytes).
    Removing stm32g4xx_hal_hrtim.o(i.HAL_HRTIM_WaveformSetOutputLevel), (372 bytes).
    Removing stm32g4xx_hal_hrtim.o(i.HRTIM_BurstDMACplt), (22 bytes).
    Removing stm32g4xx_hal_hrtim.o(i.HRTIM_CaptureUnitConfig), (96 bytes).
    Removing stm32g4xx_hal_hrtim.o(i.HRTIM_DMAError), (10 bytes).
    Removing stm32g4xx_hal_hrtim.o(i.HRTIM_DMAMasterCplt), (102 bytes).
    Removing stm32g4xx_hal_hrtim.o(i.HRTIM_DMATimerxCplt), (242 bytes).
    Removing stm32g4xx_hal_hrtim.o(i.HRTIM_EventConfig), (588 bytes).
    Removing stm32g4xx_hal_hrtim.o(i.HRTIM_GetDMAFromOCMode), (182 bytes).
    Removing stm32g4xx_hal_hrtim.o(i.HRTIM_GetDMAHandleFromTimerIdx), (62 bytes).
    Removing stm32g4xx_hal_hrtim.o(i.HRTIM_GetITFromOCMode), (174 bytes).
    Removing stm32g4xx_hal_hrtim.o(i.HRTIM_HRTIM_ISR), (168 bytes).
    Removing stm32g4xx_hal_hrtim.o(i.HRTIM_Master_ISR), (240 bytes).
    Removing stm32g4xx_hal_hrtim.o(i.HRTIM_TIM_ResetConfig), (90 bytes).
    Removing stm32g4xx_hal_hrtim.o(i.HRTIM_Timer_ISR), (358 bytes).
    Removing stm32g4xx_hal_hrtim.o(.data), (28 bytes).
    Removing stm32g4xx_hal_opamp.o(.rev16_text), (4 bytes).
    Removing stm32g4xx_hal_opamp.o(.revsh_text), (4 bytes).
    Removing stm32g4xx_hal_opamp.o(.rrx_text), (6 bytes).
    Removing stm32g4xx_hal_opamp.o(i.HAL_OPAMP_DeInit), (176 bytes).
    Removing stm32g4xx_hal_opamp.o(i.HAL_OPAMP_GetState), (128 bytes).
    Removing stm32g4xx_hal_opamp.o(i.HAL_OPAMP_GetTrimOffset), (252 bytes).
    Removing stm32g4xx_hal_opamp.o(i.HAL_OPAMP_Lock), (156 bytes).
    Removing stm32g4xx_hal_opamp.o(i.HAL_OPAMP_LockTimerMux), (152 bytes).
    Removing stm32g4xx_hal_opamp.o(i.HAL_OPAMP_MspDeInit), (2 bytes).
    Removing stm32g4xx_hal_opamp.o(i.HAL_OPAMP_MspInit), (2 bytes).
    Removing stm32g4xx_hal_opamp.o(i.HAL_OPAMP_SelfCalibrate), (452 bytes).
    Removing stm32g4xx_hal_opamp.o(i.HAL_OPAMP_Start), (164 bytes).
    Removing stm32g4xx_hal_opamp.o(i.HAL_OPAMP_Stop), (172 bytes).
    Removing stm32g4xx_hal_opamp_ex.o(.rev16_text), (4 bytes).
    Removing stm32g4xx_hal_opamp_ex.o(.revsh_text), (4 bytes).
    Removing stm32g4xx_hal_opamp_ex.o(.rrx_text), (6 bytes).
    Removing stm32g4xx_hal_opamp_ex.o(i.HAL_OPAMPEx_SelfCalibrateAll), (2382 bytes).
    Removing stm32g4xx_hal_tim.o(.rev16_text), (4 bytes).
    Removing stm32g4xx_hal_tim.o(.revsh_text), (4 bytes).
    Removing stm32g4xx_hal_tim.o(.rrx_text), (6 bytes).
    Removing stm32g4xx_hal_tim_ex.o(.rev16_text), (4 bytes).
    Removing stm32g4xx_hal_tim_ex.o(.revsh_text), (4 bytes).
    Removing stm32g4xx_hal_tim_ex.o(.rrx_text), (6 bytes).
    Removing system_stm32g4xx.o(.rev16_text), (4 bytes).
    Removing system_stm32g4xx.o(.revsh_text), (4 bytes).
    Removing system_stm32g4xx.o(.rrx_text), (6 bytes).
    Removing system_stm32g4xx.o(i.SystemCoreClockUpdate), (128 bytes).
    Removing system_stm32g4xx.o(.constdata), (8 bytes).

608 unused section(s) (total 77982 bytes) removed from the image.

==============================================================================

Image Symbol Table

    Local Symbols

    Symbol Name                              Value     Ov Type        Size  Object(Section)

    ../Core/Src/adc.c                        0x00000000   Number         0  adc.o ABSOLUTE
    ../Core/Src/fdcan.c                      0x00000000   Number         0  fdcan.o ABSOLUTE
    ../Core/Src/fmac.c                       0x00000000   Number         0  fmac.o ABSOLUTE
    ../Core/Src/gpio.c                       0x00000000   Number         0  gpio.o ABSOLUTE
    ../Core/Src/hrtim.c                      0x00000000   Number         0  hrtim.o ABSOLUTE
    ../Core/Src/main.c                       0x00000000   Number         0  main.o ABSOLUTE
    ../Core/Src/opamp.c                      0x00000000   Number         0  opamp.o ABSOLUTE
    ../Core/Src/stm32g4xx_hal_msp.c          0x00000000   Number         0  stm32g4xx_hal_msp.o ABSOLUTE
    ../Core/Src/stm32g4xx_it.c               0x00000000   Number         0  stm32g4xx_it.o ABSOLUTE
    ../Core/Src/system_stm32g4xx.c           0x00000000   Number         0  system_stm32g4xx.o ABSOLUTE
    ../Drivers/STM32G4xx_HAL_Driver/Src/stm32g4xx_hal.c 0x00000000   Number         0  stm32g4xx_hal.o ABSOLUTE
    ../Drivers/STM32G4xx_HAL_Driver/Src/stm32g4xx_hal_adc.c 0x00000000   Number         0  stm32g4xx_hal_adc.o ABSOLUTE
    ../Drivers/STM32G4xx_HAL_Driver/Src/stm32g4xx_hal_adc_ex.c 0x00000000   Number         0  stm32g4xx_hal_adc_ex.o ABSOLUTE
    ../Drivers/STM32G4xx_HAL_Driver/Src/stm32g4xx_hal_cortex.c 0x00000000   Number         0  stm32g4xx_hal_cortex.o ABSOLUTE
    ../Drivers/STM32G4xx_HAL_Driver/Src/stm32g4xx_hal_dma.c 0x00000000   Number         0  stm32g4xx_hal_dma.o ABSOLUTE
    ../Drivers/STM32G4xx_HAL_Driver/Src/stm32g4xx_hal_dma_ex.c 0x00000000   Number         0  stm32g4xx_hal_dma_ex.o ABSOLUTE
    ../Drivers/STM32G4xx_HAL_Driver/Src/stm32g4xx_hal_exti.c 0x00000000   Number         0  stm32g4xx_hal_exti.o ABSOLUTE
    ../Drivers/STM32G4xx_HAL_Driver/Src/stm32g4xx_hal_fdcan.c 0x00000000   Number         0  stm32g4xx_hal_fdcan.o ABSOLUTE
    ../Drivers/STM32G4xx_HAL_Driver/Src/stm32g4xx_hal_flash.c 0x00000000   Number         0  stm32g4xx_hal_flash.o ABSOLUTE
    ../Drivers/STM32G4xx_HAL_Driver/Src/stm32g4xx_hal_flash_ex.c 0x00000000   Number         0  stm32g4xx_hal_flash_ex.o ABSOLUTE
    ../Drivers/STM32G4xx_HAL_Driver/Src/stm32g4xx_hal_flash_ramfunc.c 0x00000000   Number         0  stm32g4xx_hal_flash_ramfunc.o ABSOLUTE
    ../Drivers/STM32G4xx_HAL_Driver/Src/stm32g4xx_hal_fmac.c 0x00000000   Number         0  stm32g4xx_hal_fmac.o ABSOLUTE
    ../Drivers/STM32G4xx_HAL_Driver/Src/stm32g4xx_hal_gpio.c 0x00000000   Number         0  stm32g4xx_hal_gpio.o ABSOLUTE
    ../Drivers/STM32G4xx_HAL_Driver/Src/stm32g4xx_hal_hrtim.c 0x00000000   Number         0  stm32g4xx_hal_hrtim.o ABSOLUTE
    ../Drivers/STM32G4xx_HAL_Driver/Src/stm32g4xx_hal_opamp.c 0x00000000   Number         0  stm32g4xx_hal_opamp.o ABSOLUTE
    ../Drivers/STM32G4xx_HAL_Driver/Src/stm32g4xx_hal_opamp_ex.c 0x00000000   Number         0  stm32g4xx_hal_opamp_ex.o ABSOLUTE
    ../Drivers/STM32G4xx_HAL_Driver/Src/stm32g4xx_hal_pwr.c 0x00000000   Number         0  stm32g4xx_hal_pwr.o ABSOLUTE
    ../Drivers/STM32G4xx_HAL_Driver/Src/stm32g4xx_hal_pwr_ex.c 0x00000000   Number         0  stm32g4xx_hal_pwr_ex.o ABSOLUTE
    ../Drivers/STM32G4xx_HAL_Driver/Src/stm32g4xx_hal_rcc.c 0x00000000   Number         0  stm32g4xx_hal_rcc.o ABSOLUTE
    ../Drivers/STM32G4xx_HAL_Driver/Src/stm32g4xx_hal_rcc_ex.c 0x00000000   Number         0  stm32g4xx_hal_rcc_ex.o ABSOLUTE
    ../Drivers/STM32G4xx_HAL_Driver/Src/stm32g4xx_hal_tim.c 0x00000000   Number         0  stm32g4xx_hal_tim.o ABSOLUTE
    ../Drivers/STM32G4xx_HAL_Driver/Src/stm32g4xx_hal_tim_ex.c 0x00000000   Number         0  stm32g4xx_hal_tim_ex.o ABSOLUTE
    ../Drivers/STM32G4xx_HAL_Driver/Src/stm32g4xx_ll_adc.c 0x00000000   Number         0  stm32g4xx_ll_adc.o ABSOLUTE
    ../clib/angel/boardlib.s                 0x00000000   Number         0  boardinit3.o ABSOLUTE
    ../clib/angel/boardlib.s                 0x00000000   Number         0  boardinit2.o ABSOLUTE
    ../clib/angel/boardlib.s                 0x00000000   Number         0  boardinit1.o ABSOLUTE
    ../clib/angel/boardlib.s                 0x00000000   Number         0  boardshut.o ABSOLUTE
    ../clib/angel/handlers.s                 0x00000000   Number         0  __scatter_copy.o ABSOLUTE
    ../clib/angel/handlers.s                 0x00000000   Number         0  __scatter_zi.o ABSOLUTE
    ../clib/angel/kernel.s                   0x00000000   Number         0  rtexit2.o ABSOLUTE
    ../clib/angel/kernel.s                   0x00000000   Number         0  rtexit.o ABSOLUTE
    ../clib/angel/kernel.s                   0x00000000   Number         0  __rtentry4.o ABSOLUTE
    ../clib/angel/kernel.s                   0x00000000   Number         0  __rtentry2.o ABSOLUTE
    ../clib/angel/kernel.s                   0x00000000   Number         0  __rtentry.o ABSOLUTE
    ../clib/angel/rt.s                       0x00000000   Number         0  rt_raise.o ABSOLUTE
    ../clib/angel/scatter.s                  0x00000000   Number         0  __scatter.o ABSOLUTE
    ../clib/angel/startup.s                  0x00000000   Number         0  __main.o ABSOLUTE
    ../clib/angel/sys.s                      0x00000000   Number         0  libspace.o ABSOLUTE
    ../clib/angel/sys.s                      0x00000000   Number         0  indicate_semi.o ABSOLUTE
    ../clib/angel/sys.s                      0x00000000   Number         0  use_no_semi.o ABSOLUTE
    ../clib/angel/sys.s                      0x00000000   Number         0  sys_stackheap_outer.o ABSOLUTE
    ../clib/angel/sysapp.c                   0x00000000   Number         0  sys_exit.o ABSOLUTE
    ../clib/angel/sysapp.c                   0x00000000   Number         0  sys_command.o ABSOLUTE
    ../clib/angel/sysapp.c                   0x00000000   Number         0  sys_wrch.o ABSOLUTE
    ../clib/armsys.c                         0x00000000   Number         0  _get_argv_nomalloc.o ABSOLUTE
    ../clib/armsys.c                         0x00000000   Number         0  argv_veneer.o ABSOLUTE
    ../clib/armsys.c                         0x00000000   Number         0  argv_veneer.o ABSOLUTE
    ../clib/armsys.c                         0x00000000   Number         0  no_argv.o ABSOLUTE
    ../clib/heapalloc.c                      0x00000000   Number         0  hrguard.o ABSOLUTE
    ../clib/heapaux.c                        0x00000000   Number         0  heapauxi.o ABSOLUTE
    ../clib/libinit.s                        0x00000000   Number         0  libinit2.o ABSOLUTE
    ../clib/libinit.s                        0x00000000   Number         0  libshutdown.o ABSOLUTE
    ../clib/libinit.s                        0x00000000   Number         0  libshutdown2.o ABSOLUTE
    ../clib/libinit.s                        0x00000000   Number         0  libinit.o ABSOLUTE
    ../clib/memcpset.s                       0x00000000   Number         0  rt_memclr_w.o ABSOLUTE
    ../clib/signal.c                         0x00000000   Number         0  defsig_pvfn_inner.o ABSOLUTE
    ../clib/signal.c                         0x00000000   Number         0  defsig_stak_inner.o ABSOLUTE
    ../clib/signal.c                         0x00000000   Number         0  defsig_rtred_inner.o ABSOLUTE
    ../clib/signal.c                         0x00000000   Number         0  defsig_fpe_inner.o ABSOLUTE
    ../clib/signal.c                         0x00000000   Number         0  defsig_general.o ABSOLUTE
    ../clib/signal.c                         0x00000000   Number         0  defsig_rtmem_outer.o ABSOLUTE
    ../clib/signal.c                         0x00000000   Number         0  defsig_rtmem_formal.o ABSOLUTE
    ../clib/signal.c                         0x00000000   Number         0  defsig_exit.o ABSOLUTE
    ../clib/signal.c                         0x00000000   Number         0  defsig_rtmem_inner.o ABSOLUTE
    ../clib/signal.c                         0x00000000   Number         0  __raise.o ABSOLUTE
    ../clib/signal.c                         0x00000000   Number         0  defsig_abrt_inner.o ABSOLUTE
    ../clib/signal.c                         0x00000000   Number         0  defsig_other.o ABSOLUTE
    ../clib/signal.c                         0x00000000   Number         0  defsig_segv_inner.o ABSOLUTE
    ../clib/signal.c                         0x00000000   Number         0  defsig_cppl_inner.o ABSOLUTE
    ../clib/signal.s                         0x00000000   Number         0  defsig.o ABSOLUTE
    ../clib/stdlib.c                         0x00000000   Number         0  exit.o ABSOLUTE
    ../fplib/fpinit.s                        0x00000000   Number         0  fpinit.o ABSOLUTE
    ..\Core\Src\adc.c                        0x00000000   Number         0  adc.o ABSOLUTE
    ..\Core\Src\bsp_fdcan.c                  0x00000000   Number         0  bsp_fdcan.o ABSOLUTE
    ..\Core\Src\fdcan.c                      0x00000000   Number         0  fdcan.o ABSOLUTE
    ..\Core\Src\fmac.c                       0x00000000   Number         0  fmac.o ABSOLUTE
    ..\Core\Src\gpio.c                       0x00000000   Number         0  gpio.o ABSOLUTE
    ..\Core\Src\hrtim.c                      0x00000000   Number         0  hrtim.o ABSOLUTE
    ..\Core\Src\main.c                       0x00000000   Number         0  main.o ABSOLUTE
    ..\Core\Src\opamp.c                      0x00000000   Number         0  opamp.o ABSOLUTE
    ..\Core\Src\stm32g4xx_hal_msp.c          0x00000000   Number         0  stm32g4xx_hal_msp.o ABSOLUTE
    ..\Core\Src\stm32g4xx_it.c               0x00000000   Number         0  stm32g4xx_it.o ABSOLUTE
    ..\Core\Src\system_stm32g4xx.c           0x00000000   Number         0  system_stm32g4xx.o ABSOLUTE
    ..\Drivers\STM32G4xx_HAL_Driver\Src\stm32g4xx_hal.c 0x00000000   Number         0  stm32g4xx_hal.o ABSOLUTE
    ..\Drivers\STM32G4xx_HAL_Driver\Src\stm32g4xx_hal_adc.c 0x00000000   Number         0  stm32g4xx_hal_adc.o ABSOLUTE
    ..\Drivers\STM32G4xx_HAL_Driver\Src\stm32g4xx_hal_adc_ex.c 0x00000000   Number         0  stm32g4xx_hal_adc_ex.o ABSOLUTE
    ..\Drivers\STM32G4xx_HAL_Driver\Src\stm32g4xx_hal_cortex.c 0x00000000   Number         0  stm32g4xx_hal_cortex.o ABSOLUTE
    ..\Drivers\STM32G4xx_HAL_Driver\Src\stm32g4xx_hal_dma.c 0x00000000   Number         0  stm32g4xx_hal_dma.o ABSOLUTE
    ..\Drivers\STM32G4xx_HAL_Driver\Src\stm32g4xx_hal_dma_ex.c 0x00000000   Number         0  stm32g4xx_hal_dma_ex.o ABSOLUTE
    ..\Drivers\STM32G4xx_HAL_Driver\Src\stm32g4xx_hal_exti.c 0x00000000   Number         0  stm32g4xx_hal_exti.o ABSOLUTE
    ..\Drivers\STM32G4xx_HAL_Driver\Src\stm32g4xx_hal_fdcan.c 0x00000000   Number         0  stm32g4xx_hal_fdcan.o ABSOLUTE
    ..\Drivers\STM32G4xx_HAL_Driver\Src\stm32g4xx_hal_flash.c 0x00000000   Number         0  stm32g4xx_hal_flash.o ABSOLUTE
    ..\Drivers\STM32G4xx_HAL_Driver\Src\stm32g4xx_hal_flash_ex.c 0x00000000   Number         0  stm32g4xx_hal_flash_ex.o ABSOLUTE
    ..\Drivers\STM32G4xx_HAL_Driver\Src\stm32g4xx_hal_flash_ramfunc.c 0x00000000   Number         0  stm32g4xx_hal_flash_ramfunc.o ABSOLUTE
    ..\Drivers\STM32G4xx_HAL_Driver\Src\stm32g4xx_hal_fmac.c 0x00000000   Number         0  stm32g4xx_hal_fmac.o ABSOLUTE
    ..\Drivers\STM32G4xx_HAL_Driver\Src\stm32g4xx_hal_gpio.c 0x00000000   Number         0  stm32g4xx_hal_gpio.o ABSOLUTE
    ..\Drivers\STM32G4xx_HAL_Driver\Src\stm32g4xx_hal_hrtim.c 0x00000000   Number         0  stm32g4xx_hal_hrtim.o ABSOLUTE
    ..\Drivers\STM32G4xx_HAL_Driver\Src\stm32g4xx_hal_opamp.c 0x00000000   Number         0  stm32g4xx_hal_opamp.o ABSOLUTE
    ..\Drivers\STM32G4xx_HAL_Driver\Src\stm32g4xx_hal_opamp_ex.c 0x00000000   Number         0  stm32g4xx_hal_opamp_ex.o ABSOLUTE
    ..\Drivers\STM32G4xx_HAL_Driver\Src\stm32g4xx_hal_pwr.c 0x00000000   Number         0  stm32g4xx_hal_pwr.o ABSOLUTE
    ..\Drivers\STM32G4xx_HAL_Driver\Src\stm32g4xx_hal_pwr_ex.c 0x00000000   Number         0  stm32g4xx_hal_pwr_ex.o ABSOLUTE
    ..\Drivers\STM32G4xx_HAL_Driver\Src\stm32g4xx_hal_rcc.c 0x00000000   Number         0  stm32g4xx_hal_rcc.o ABSOLUTE
    ..\Drivers\STM32G4xx_HAL_Driver\Src\stm32g4xx_hal_rcc_ex.c 0x00000000   Number         0  stm32g4xx_hal_rcc_ex.o ABSOLUTE
    ..\Drivers\STM32G4xx_HAL_Driver\Src\stm32g4xx_hal_tim.c 0x00000000   Number         0  stm32g4xx_hal_tim.o ABSOLUTE
    ..\Drivers\STM32G4xx_HAL_Driver\Src\stm32g4xx_hal_tim_ex.c 0x00000000   Number         0  stm32g4xx_hal_tim_ex.o ABSOLUTE
    ..\\Core\\Src\\bsp_fdcan.c               0x00000000   Number         0  bsp_fdcan.o ABSOLUTE
    dc.s                                     0x00000000   Number         0  dc.o ABSOLUTE
    startup_stm32g474xx.s                    0x00000000   Number         0  startup_stm32g474xx.o ABSOLUTE
    RESET                                    0x08000000   Section      472  startup_stm32g474xx.o(RESET)
    !!!main                                  0x080001d8   Section        8  __main.o(!!!main)
    !!!scatter                               0x080001e0   Section       52  __scatter.o(!!!scatter)
    !!handler_copy                           0x08000214   Section       26  __scatter_copy.o(!!handler_copy)
    !!handler_zi                             0x08000230   Section       28  __scatter_zi.o(!!handler_zi)
    .ARM.Collect$$libinit$$00000000          0x0800024c   Section        2  libinit.o(.ARM.Collect$$libinit$$00000000)
    .ARM.Collect$$libinit$$00000001          0x0800024e   Section        4  libinit2.o(.ARM.Collect$$libinit$$00000001)
    .ARM.Collect$$libinit$$00000004          0x08000252   Section        0  libinit2.o(.ARM.Collect$$libinit$$00000004)
    .ARM.Collect$$libinit$$0000000A          0x08000252   Section        0  libinit2.o(.ARM.Collect$$libinit$$0000000A)
    .ARM.Collect$$libinit$$0000000C          0x08000252   Section        0  libinit2.o(.ARM.Collect$$libinit$$0000000C)
    .ARM.Collect$$libinit$$0000000E          0x08000252   Section        0  libinit2.o(.ARM.Collect$$libinit$$0000000E)
    .ARM.Collect$$libinit$$00000011          0x08000252   Section        0  libinit2.o(.ARM.Collect$$libinit$$00000011)
    .ARM.Collect$$libinit$$00000013          0x08000252   Section        0  libinit2.o(.ARM.Collect$$libinit$$00000013)
    .ARM.Collect$$libinit$$00000015          0x08000252   Section        0  libinit2.o(.ARM.Collect$$libinit$$00000015)
    .ARM.Collect$$libinit$$00000017          0x08000252   Section        0  libinit2.o(.ARM.Collect$$libinit$$00000017)
    .ARM.Collect$$libinit$$00000019          0x08000252   Section        0  libinit2.o(.ARM.Collect$$libinit$$00000019)
    .ARM.Collect$$libinit$$0000001B          0x08000252   Section        0  libinit2.o(.ARM.Collect$$libinit$$0000001B)
    .ARM.Collect$$libinit$$0000001D          0x08000252   Section        0  libinit2.o(.ARM.Collect$$libinit$$0000001D)
    .ARM.Collect$$libinit$$0000001F          0x08000252   Section        0  libinit2.o(.ARM.Collect$$libinit$$0000001F)
    .ARM.Collect$$libinit$$00000021          0x08000252   Section        0  libinit2.o(.ARM.Collect$$libinit$$00000021)
    .ARM.Collect$$libinit$$00000023          0x08000252   Section        0  libinit2.o(.ARM.Collect$$libinit$$00000023)
    .ARM.Collect$$libinit$$00000025          0x08000252   Section        0  libinit2.o(.ARM.Collect$$libinit$$00000025)
    .ARM.Collect$$libinit$$0000002C          0x08000252   Section        0  libinit2.o(.ARM.Collect$$libinit$$0000002C)
    .ARM.Collect$$libinit$$0000002E          0x08000252   Section        0  libinit2.o(.ARM.Collect$$libinit$$0000002E)
    .ARM.Collect$$libinit$$00000030          0x08000252   Section        0  libinit2.o(.ARM.Collect$$libinit$$00000030)
    .ARM.Collect$$libinit$$00000032          0x08000252   Section        0  libinit2.o(.ARM.Collect$$libinit$$00000032)
    .ARM.Collect$$libinit$$00000033          0x08000252   Section        2  libinit2.o(.ARM.Collect$$libinit$$00000033)
    .ARM.Collect$$libshutdown$$00000000      0x08000254   Section        2  libshutdown.o(.ARM.Collect$$libshutdown$$00000000)
    .ARM.Collect$$libshutdown$$00000002      0x08000256   Section        0  libshutdown2.o(.ARM.Collect$$libshutdown$$00000002)
    .ARM.Collect$$libshutdown$$00000004      0x08000256   Section        0  libshutdown2.o(.ARM.Collect$$libshutdown$$00000004)
    .ARM.Collect$$libshutdown$$00000007      0x08000256   Section        0  libshutdown2.o(.ARM.Collect$$libshutdown$$00000007)
    .ARM.Collect$$libshutdown$$0000000A      0x08000256   Section        0  libshutdown2.o(.ARM.Collect$$libshutdown$$0000000A)
    .ARM.Collect$$libshutdown$$0000000C      0x08000256   Section        0  libshutdown2.o(.ARM.Collect$$libshutdown$$0000000C)
    .ARM.Collect$$libshutdown$$0000000F      0x08000256   Section        0  libshutdown2.o(.ARM.Collect$$libshutdown$$0000000F)
    .ARM.Collect$$libshutdown$$00000010      0x08000256   Section        2  libshutdown2.o(.ARM.Collect$$libshutdown$$00000010)
    .ARM.Collect$$rtentry$$00000000          0x08000258   Section        0  __rtentry.o(.ARM.Collect$$rtentry$$00000000)
    .ARM.Collect$$rtentry$$00000002          0x08000258   Section        0  __rtentry2.o(.ARM.Collect$$rtentry$$00000002)
    .ARM.Collect$$rtentry$$00000004          0x08000258   Section        6  __rtentry4.o(.ARM.Collect$$rtentry$$00000004)
    .ARM.Collect$$rtentry$$00000009          0x0800025e   Section        0  __rtentry2.o(.ARM.Collect$$rtentry$$00000009)
    .ARM.Collect$$rtentry$$0000000A          0x0800025e   Section        4  __rtentry2.o(.ARM.Collect$$rtentry$$0000000A)
    .ARM.Collect$$rtentry$$0000000C          0x08000262   Section        0  __rtentry2.o(.ARM.Collect$$rtentry$$0000000C)
    .ARM.Collect$$rtentry$$0000000D          0x08000262   Section        8  __rtentry2.o(.ARM.Collect$$rtentry$$0000000D)
    .ARM.Collect$$rtexit$$00000000           0x0800026a   Section        2  rtexit.o(.ARM.Collect$$rtexit$$00000000)
    .ARM.Collect$$rtexit$$00000002           0x0800026c   Section        0  rtexit2.o(.ARM.Collect$$rtexit$$00000002)
    .ARM.Collect$$rtexit$$00000003           0x0800026c   Section        4  rtexit2.o(.ARM.Collect$$rtexit$$00000003)
    .ARM.Collect$$rtexit$$00000004           0x08000270   Section        6  rtexit2.o(.ARM.Collect$$rtexit$$00000004)
    .text                                    0x08000278   Section       64  startup_stm32g474xx.o(.text)
    $v0                                      0x08000278   Number         0  startup_stm32g474xx.o(.text)
    .text                                    0x080002b8   Section       78  rt_memclr_w.o(.text)
    .text                                    0x08000306   Section        0  heapauxi.o(.text)
    .text                                    0x0800030c   Section       74  sys_stackheap_outer.o(.text)
    .text                                    0x08000356   Section        0  exit.o(.text)
    .text                                    0x08000368   Section        8  libspace.o(.text)
    .text                                    0x08000370   Section        0  sys_exit.o(.text)
    .text                                    0x0800037c   Section        2  use_no_semi.o(.text)
    .text                                    0x0800037e   Section        0  indicate_semi.o(.text)
    i.BusFault_Handler                       0x0800037e   Section        0  stm32g4xx_it.o(i.BusFault_Handler)
    i.DebugMon_Handler                       0x08000380   Section        0  stm32g4xx_it.o(i.DebugMon_Handler)
    i.Error_Handler                          0x08000382   Section        0  main.o(i.Error_Handler)
    i.FDCAN_CopyMessageToRAM                 0x08000388   Section        0  stm32g4xx_hal_fdcan.o(i.FDCAN_CopyMessageToRAM)
    FDCAN_CopyMessageToRAM                   0x08000389   Thumb Code    96  stm32g4xx_hal_fdcan.o(i.FDCAN_CopyMessageToRAM)
    i.FMAC_Reset                             0x080003ec   Section        0  stm32g4xx_hal_fmac.o(i.FMAC_Reset)
    FMAC_Reset                               0x080003ed   Thumb Code    64  stm32g4xx_hal_fmac.o(i.FMAC_Reset)
    i.FMAC_ResetDataPointers                 0x0800042c   Section        0  stm32g4xx_hal_fmac.o(i.FMAC_ResetDataPointers)
    FMAC_ResetDataPointers                   0x0800042d   Thumb Code    18  stm32g4xx_hal_fmac.o(i.FMAC_ResetDataPointers)
    i.FMAC_ResetInputStateAndDataPointers    0x0800043e   Section        0  stm32g4xx_hal_fmac.o(i.FMAC_ResetInputStateAndDataPointers)
    FMAC_ResetInputStateAndDataPointers      0x0800043f   Thumb Code    16  stm32g4xx_hal_fmac.o(i.FMAC_ResetInputStateAndDataPointers)
    i.FMAC_ResetOutputStateAndDataPointers   0x0800044e   Section        0  stm32g4xx_hal_fmac.o(i.FMAC_ResetOutputStateAndDataPointers)
    FMAC_ResetOutputStateAndDataPointers     0x0800044f   Thumb Code    16  stm32g4xx_hal_fmac.o(i.FMAC_ResetOutputStateAndDataPointers)
    i.HAL_ADCEx_MultiModeConfigChannel       0x08000460   Section        0  stm32g4xx_hal_adc_ex.o(i.HAL_ADCEx_MultiModeConfigChannel)
    i.HAL_ADC_ConfigChannel                  0x080006ac   Section        0  stm32g4xx_hal_adc.o(i.HAL_ADC_ConfigChannel)
    i.HAL_ADC_Init                           0x08000f3c   Section        0  stm32g4xx_hal_adc.o(i.HAL_ADC_Init)
    i.HAL_ADC_MspInit                        0x0800153c   Section        0  adc.o(i.HAL_ADC_MspInit)
    i.HAL_Delay                              0x080015e8   Section        0  stm32g4xx_hal.o(i.HAL_Delay)
    i.HAL_FDCAN_AddMessageToTxFifoQ          0x0800160c   Section        0  stm32g4xx_hal_fdcan.o(i.HAL_FDCAN_AddMessageToTxFifoQ)
    i.HAL_FDCAN_Init                         0x0800179c   Section        0  stm32g4xx_hal_fdcan.o(i.HAL_FDCAN_Init)
    i.HAL_FDCAN_MspInit                      0x08001b9c   Section        0  fdcan.o(i.HAL_FDCAN_MspInit)
    i.HAL_FMAC_Init                          0x08001c84   Section        0  stm32g4xx_hal_fmac.o(i.HAL_FMAC_Init)
    i.HAL_FMAC_MspInit                       0x08001d28   Section        0  fmac.o(i.HAL_FMAC_MspInit)
    i.HAL_GPIO_Init                          0x08001d50   Section        0  stm32g4xx_hal_gpio.o(i.HAL_GPIO_Init)
    i.HAL_GPIO_WritePin                      0x08002010   Section        0  stm32g4xx_hal_gpio.o(i.HAL_GPIO_WritePin)
    i.HAL_GetTick                            0x08002078   Section        0  stm32g4xx_hal.o(i.HAL_GetTick)
    i.HAL_HRTIM_DLLCalibrationStart          0x08002084   Section        0  stm32g4xx_hal_hrtim.o(i.HAL_HRTIM_DLLCalibrationStart)
    i.HAL_HRTIM_Init                         0x08002138   Section        0  stm32g4xx_hal_hrtim.o(i.HAL_HRTIM_Init)
    i.HAL_HRTIM_MspInit                      0x080022b0   Section        0  hrtim.o(i.HAL_HRTIM_MspInit)
    i.HAL_HRTIM_MspPostInit                  0x080022d8   Section        0  hrtim.o(i.HAL_HRTIM_MspPostInit)
    i.HAL_HRTIM_PollForDLLCalibration        0x0800232c   Section        0  stm32g4xx_hal_hrtim.o(i.HAL_HRTIM_PollForDLLCalibration)
    i.HAL_HRTIM_TimeBaseConfig               0x08002370   Section        0  stm32g4xx_hal_hrtim.o(i.HAL_HRTIM_TimeBaseConfig)
    i.HAL_HRTIM_WaveformOutputConfig         0x0800248c   Section        0  stm32g4xx_hal_hrtim.o(i.HAL_HRTIM_WaveformOutputConfig)
    i.HAL_HRTIM_WaveformTimerConfig          0x080025e8   Section        0  stm32g4xx_hal_hrtim.o(i.HAL_HRTIM_WaveformTimerConfig)
    i.HAL_HRTIM_WaveformTimerControl         0x08002914   Section        0  stm32g4xx_hal_hrtim.o(i.HAL_HRTIM_WaveformTimerControl)
    i.HAL_IncTick                            0x08002a84   Section        0  stm32g4xx_hal.o(i.HAL_IncTick)
    i.HAL_Init                               0x08002a94   Section        0  stm32g4xx_hal.o(i.HAL_Init)
    i.HAL_InitTick                           0x08002ab4   Section        0  stm32g4xx_hal.o(i.HAL_InitTick)
    i.HAL_MspInit                            0x08002af8   Section        0  stm32g4xx_hal_msp.o(i.HAL_MspInit)
    i.HAL_NVIC_SetPriority                   0x08002b28   Section        0  stm32g4xx_hal_cortex.o(i.HAL_NVIC_SetPriority)
    i.HAL_NVIC_SetPriorityGrouping           0x08002bc8   Section        0  stm32g4xx_hal_cortex.o(i.HAL_NVIC_SetPriorityGrouping)
    i.HAL_OPAMP_Init                         0x08002c48   Section        0  stm32g4xx_hal_opamp.o(i.HAL_OPAMP_Init)
    i.HAL_OPAMP_MspInit                      0x08002ee4   Section        0  opamp.o(i.HAL_OPAMP_MspInit)
    i.HAL_PWREx_ControlVoltageScaling        0x08002fcc   Section        0  stm32g4xx_hal_pwr_ex.o(i.HAL_PWREx_ControlVoltageScaling)
    i.HAL_PWREx_DisableUCPDDeadBattery       0x080030d8   Section        0  stm32g4xx_hal_pwr_ex.o(i.HAL_PWREx_DisableUCPDDeadBattery)
    i.HAL_RCCEx_PeriphCLKConfig              0x080030e8   Section        0  stm32g4xx_hal_rcc_ex.o(i.HAL_RCCEx_PeriphCLKConfig)
    i.HAL_RCC_ClockConfig                    0x08003694   Section        0  stm32g4xx_hal_rcc.o(i.HAL_RCC_ClockConfig)
    i.HAL_RCC_GetSysClockFreq                0x08003998   Section        0  stm32g4xx_hal_rcc.o(i.HAL_RCC_GetSysClockFreq)
    i.HAL_RCC_OscConfig                      0x08003a08   Section        0  stm32g4xx_hal_rcc.o(i.HAL_RCC_OscConfig)
    i.HAL_SYSTICK_Config                     0x08003f9c   Section        0  stm32g4xx_hal_cortex.o(i.HAL_SYSTICK_Config)
    i.HRTIM_ForceRegistersUpdate             0x08003fc4   Section        0  stm32g4xx_hal_hrtim.o(i.HRTIM_ForceRegistersUpdate)
    HRTIM_ForceRegistersUpdate               0x08003fc5   Thumb Code   104  stm32g4xx_hal_hrtim.o(i.HRTIM_ForceRegistersUpdate)
    i.HRTIM_MasterWaveform_Config            0x0800402c   Section        0  stm32g4xx_hal_hrtim.o(i.HRTIM_MasterWaveform_Config)
    HRTIM_MasterWaveform_Config              0x0800402d   Thumb Code   146  stm32g4xx_hal_hrtim.o(i.HRTIM_MasterWaveform_Config)
    i.HRTIM_OutputConfig                     0x080040be   Section        0  stm32g4xx_hal_hrtim.o(i.HRTIM_OutputConfig)
    HRTIM_OutputConfig                       0x080040bf   Thumb Code   222  stm32g4xx_hal_hrtim.o(i.HRTIM_OutputConfig)
    i.HRTIM_TimingUnitWaveform_Config        0x0800419c   Section        0  stm32g4xx_hal_hrtim.o(i.HRTIM_TimingUnitWaveform_Config)
    HRTIM_TimingUnitWaveform_Config          0x0800419d   Thumb Code   406  stm32g4xx_hal_hrtim.o(i.HRTIM_TimingUnitWaveform_Config)
    i.HardFault_Handler                      0x08004338   Section        0  stm32g4xx_it.o(i.HardFault_Handler)
    i.LL_ADC_GetOffsetChannel                0x0800433a   Section        0  stm32g4xx_hal_adc.o(i.LL_ADC_GetOffsetChannel)
    LL_ADC_GetOffsetChannel                  0x0800433b   Thumb Code    12  stm32g4xx_hal_adc.o(i.LL_ADC_GetOffsetChannel)
    i.LL_ADC_INJ_IsConversionOngoing         0x08004346   Section        0  stm32g4xx_hal_adc.o(i.LL_ADC_INJ_IsConversionOngoing)
    LL_ADC_INJ_IsConversionOngoing           0x08004347   Thumb Code     8  stm32g4xx_hal_adc.o(i.LL_ADC_INJ_IsConversionOngoing)
    i.LL_ADC_REG_IsConversionOngoing         0x0800434e   Section        0  stm32g4xx_hal_adc.o(i.LL_ADC_REG_IsConversionOngoing)
    LL_ADC_REG_IsConversionOngoing           0x0800434f   Thumb Code     8  stm32g4xx_hal_adc.o(i.LL_ADC_REG_IsConversionOngoing)
    i.LL_ADC_REG_IsConversionOngoing         0x08004356   Section        0  stm32g4xx_hal_adc_ex.o(i.LL_ADC_REG_IsConversionOngoing)
    LL_ADC_REG_IsConversionOngoing           0x08004357   Thumb Code     8  stm32g4xx_hal_adc_ex.o(i.LL_ADC_REG_IsConversionOngoing)
    i.LL_ADC_SetChannelSamplingTime          0x0800435e   Section        0  stm32g4xx_hal_adc.o(i.LL_ADC_SetChannelSamplingTime)
    LL_ADC_SetChannelSamplingTime            0x0800435f   Thumb Code    30  stm32g4xx_hal_adc.o(i.LL_ADC_SetChannelSamplingTime)
    i.LL_ADC_SetOffsetState                  0x0800437c   Section        0  stm32g4xx_hal_adc.o(i.LL_ADC_SetOffsetState)
    LL_ADC_SetOffsetState                    0x0800437d   Thumb Code    16  stm32g4xx_hal_adc.o(i.LL_ADC_SetOffsetState)
    i.MX_ADC1_Init                           0x0800438c   Section        0  adc.o(i.MX_ADC1_Init)
    i.MX_ADC2_Init                           0x0800441c   Section        0  adc.o(i.MX_ADC2_Init)
    i.MX_ADC3_Init                           0x08004498   Section        0  adc.o(i.MX_ADC3_Init)
    i.MX_ADC4_Init                           0x08004528   Section        0  adc.o(i.MX_ADC4_Init)
    i.MX_ADC5_Init                           0x080045a4   Section        0  adc.o(i.MX_ADC5_Init)
    i.MX_FDCAN2_Init                         0x08004620   Section        0  fdcan.o(i.MX_FDCAN2_Init)
    i.MX_FDCAN3_Init                         0x08004678   Section        0  fdcan.o(i.MX_FDCAN3_Init)
    i.MX_FMAC_Init                           0x080046d0   Section        0  fmac.o(i.MX_FMAC_Init)
    i.MX_GPIO_Init                           0x080046f4   Section        0  gpio.o(i.MX_GPIO_Init)
    i.MX_HRTIM1_Init                         0x080047e8   Section        0  hrtim.o(i.MX_HRTIM1_Init)
    i.MX_OPAMP1_Init                         0x08004970   Section        0  opamp.o(i.MX_OPAMP1_Init)
    i.MX_OPAMP2_Init                         0x080049a8   Section        0  opamp.o(i.MX_OPAMP2_Init)
    i.MX_OPAMP3_Init                         0x080049e0   Section        0  opamp.o(i.MX_OPAMP3_Init)
    i.MX_OPAMP4_Init                         0x08004a18   Section        0  opamp.o(i.MX_OPAMP4_Init)
    i.MX_OPAMP5_Init                         0x08004a50   Section        0  opamp.o(i.MX_OPAMP5_Init)
    i.MX_OPAMP6_Init                         0x08004a84   Section        0  opamp.o(i.MX_OPAMP6_Init)
    i.MemManage_Handler                      0x08004abc   Section        0  stm32g4xx_it.o(i.MemManage_Handler)
    i.NMI_Handler                            0x08004abe   Section        0  stm32g4xx_it.o(i.NMI_Handler)
    i.PendSV_Handler                         0x08004ac0   Section        0  stm32g4xx_it.o(i.PendSV_Handler)
    i.SVC_Handler                            0x08004ac2   Section        0  stm32g4xx_it.o(i.SVC_Handler)
    i.SysTick_Handler                        0x08004ac4   Section        0  stm32g4xx_it.o(i.SysTick_Handler)
    i.SystemClock_Config                     0x08004ac8   Section        0  main.o(i.SystemClock_Config)
    i.SystemInit                             0x08004b30   Section        0  system_stm32g4xx.o(i.SystemInit)
    i.UsageFault_Handler                     0x08004b40   Section        0  stm32g4xx_it.o(i.UsageFault_Handler)
    i.__NVIC_SetPriority                     0x08004b42   Section        0  stm32g4xx_hal_cortex.o(i.__NVIC_SetPriority)
    __NVIC_SetPriority                       0x08004b43   Thumb Code    32  stm32g4xx_hal_cortex.o(i.__NVIC_SetPriority)
    i.assert_failed                          0x08004b62   Section        0  main.o(i.assert_failed)
    i.fdcanx_send_data                       0x08004b64   Section        0  bsp_fdcan.o(i.fdcanx_send_data)
    i.main                                   0x08004bd0   Section        0  main.o(i.main)
    x$fpl$fpinit                             0x08004c50   Section       10  fpinit.o(x$fpl$fpinit)
    $v0                                      0x08004c50   Number         0  fpinit.o(x$fpl$fpinit)
    .constdata                               0x08004c5a   Section       16  stm32g4xx_hal_fdcan.o(.constdata)
    DLCtoBytes                               0x08004c5a   Data          16  stm32g4xx_hal_fdcan.o(.constdata)
    .constdata                               0x08004c6a   Section       16  system_stm32g4xx.o(.constdata)
    .data                                    0x20000000   Section        8  main.o(.data)
    .data                                    0x20000008   Section        8  adc.o(.data)
    HAL_RCC_ADC12_CLK_ENABLED                0x20000008   Data           4  adc.o(.data)
    HAL_RCC_ADC345_CLK_ENABLED               0x2000000c   Data           4  adc.o(.data)
    .data                                    0x20000010   Section        4  fdcan.o(.data)
    HAL_RCC_FDCAN_CLK_ENABLED                0x20000010   Data           4  fdcan.o(.data)
    .data                                    0x20000014   Section       12  stm32g4xx_hal.o(.data)
    .data                                    0x20000020   Section        4  system_stm32g4xx.o(.data)
    .bss                                     0x20000024   Section      540  adc.o(.bss)
    .bss                                     0x20000240   Section      200  fdcan.o(.bss)
    .bss                                     0x20000308   Section       56  fmac.o(.bss)
    .bss                                     0x20000340   Section      252  hrtim.o(.bss)
    .bss                                     0x2000043c   Section      360  opamp.o(.bss)
    .bss                                     0x200005a4   Section       96  libspace.o(.bss)
    HEAP                                     0x20000608   Section      512  startup_stm32g474xx.o(HEAP)
    Heap_Mem                                 0x20000608   Data         512  startup_stm32g474xx.o(HEAP)
    STACK                                    0x20000808   Section     1024  startup_stm32g474xx.o(STACK)
    Stack_Mem                                0x20000808   Data        1024  startup_stm32g474xx.o(STACK)
    __initial_sp                             0x20000c08   Data           0  startup_stm32g474xx.o(STACK)

    Global Symbols

    Symbol Name                              Value     Ov Type        Size  Object(Section)

    BuildAttributes$$THM_ISAv4$E$P$D$K$B$S$7EM$VFPi3$EXTD16$VFPS$VFMA$PE$A:L22UL41UL21$X:L11$S22US41US21$IEEE1$IW$USESV6$~STKCKD$USESV7$~SHL$OSPACE$ROPI$EBA8$UX$STANDARDLIB$REQ8$PRES8$EABIv2 0x00000000   Number         0  anon$$obj.o ABSOLUTE
    __ARM_use_no_argv                        0x00000000   Number         0  main.o ABSOLUTE
    __ARM_exceptions_init                     - Undefined Weak Reference
    __alloca_initialize                       - Undefined Weak Reference
    __arm_preinit_                            - Undefined Weak Reference
    __cpp_initialize__aeabi_                  - Undefined Weak Reference
    __cxa_finalize                            - Undefined Weak Reference
    __rt_locale                               - Undefined Weak Reference
    __sigvec_lookup                           - Undefined Weak Reference
    _atexit_init                              - Undefined Weak Reference
    _call_atexit_fns                          - Undefined Weak Reference
    _clock_init                               - Undefined Weak Reference
    _fp_trap_init                             - Undefined Weak Reference
    _fp_trap_shutdown                         - Undefined Weak Reference
    _get_lc_collate                           - Undefined Weak Reference
    _get_lc_ctype                             - Undefined Weak Reference
    _get_lc_monetary                          - Undefined Weak Reference
    _get_lc_numeric                           - Undefined Weak Reference
    _get_lc_time                              - Undefined Weak Reference
    _getenv_init                              - Undefined Weak Reference
    _handle_redirection                       - Undefined Weak Reference
    _init_alloc                               - Undefined Weak Reference
    _init_user_alloc                          - Undefined Weak Reference
    _initio                                   - Undefined Weak Reference
    _rand_init                                - Undefined Weak Reference
    _signal_finish                            - Undefined Weak Reference
    _signal_init                              - Undefined Weak Reference
    _terminate_alloc                          - Undefined Weak Reference
    _terminate_user_alloc                     - Undefined Weak Reference
    _terminateio                              - Undefined Weak Reference
    __Vectors_Size                           0x000001d8   Number         0  startup_stm32g474xx.o ABSOLUTE
    __Vectors                                0x08000000   Data           4  startup_stm32g474xx.o(RESET)
    __Vectors_End                            0x080001d8   Data           0  startup_stm32g474xx.o(RESET)
    __main                                   0x080001d9   Thumb Code     8  __main.o(!!!main)
    __scatterload                            0x080001e1   Thumb Code     0  __scatter.o(!!!scatter)
    __scatterload_rt2                        0x080001e1   Thumb Code    44  __scatter.o(!!!scatter)
    __scatterload_rt2_thumb_only             0x080001e1   Thumb Code     0  __scatter.o(!!!scatter)
    __scatterload_null                       0x080001ef   Thumb Code     0  __scatter.o(!!!scatter)
    __scatterload_copy                       0x08000215   Thumb Code    26  __scatter_copy.o(!!handler_copy)
    __scatterload_zeroinit                   0x08000231   Thumb Code    28  __scatter_zi.o(!!handler_zi)
    __rt_lib_init                            0x0800024d   Thumb Code     0  libinit.o(.ARM.Collect$$libinit$$00000000)
    __rt_lib_init_fp_1                       0x0800024f   Thumb Code     0  libinit2.o(.ARM.Collect$$libinit$$00000001)
    __rt_lib_init_alloca_1                   0x08000253   Thumb Code     0  libinit2.o(.ARM.Collect$$libinit$$0000002E)
    __rt_lib_init_argv_1                     0x08000253   Thumb Code     0  libinit2.o(.ARM.Collect$$libinit$$0000002C)
    __rt_lib_init_atexit_1                   0x08000253   Thumb Code     0  libinit2.o(.ARM.Collect$$libinit$$0000001B)
    __rt_lib_init_clock_1                    0x08000253   Thumb Code     0  libinit2.o(.ARM.Collect$$libinit$$00000021)
    __rt_lib_init_cpp_1                      0x08000253   Thumb Code     0  libinit2.o(.ARM.Collect$$libinit$$00000032)
    __rt_lib_init_exceptions_1               0x08000253   Thumb Code     0  libinit2.o(.ARM.Collect$$libinit$$00000030)
    __rt_lib_init_fp_trap_1                  0x08000253   Thumb Code     0  libinit2.o(.ARM.Collect$$libinit$$0000001F)
    __rt_lib_init_getenv_1                   0x08000253   Thumb Code     0  libinit2.o(.ARM.Collect$$libinit$$00000023)
    __rt_lib_init_heap_1                     0x08000253   Thumb Code     0  libinit2.o(.ARM.Collect$$libinit$$0000000A)
    __rt_lib_init_lc_collate_1               0x08000253   Thumb Code     0  libinit2.o(.ARM.Collect$$libinit$$00000011)
    __rt_lib_init_lc_ctype_1                 0x08000253   Thumb Code     0  libinit2.o(.ARM.Collect$$libinit$$00000013)
    __rt_lib_init_lc_monetary_1              0x08000253   Thumb Code     0  libinit2.o(.ARM.Collect$$libinit$$00000015)
    __rt_lib_init_lc_numeric_1               0x08000253   Thumb Code     0  libinit2.o(.ARM.Collect$$libinit$$00000017)
    __rt_lib_init_lc_time_1                  0x08000253   Thumb Code     0  libinit2.o(.ARM.Collect$$libinit$$00000019)
    __rt_lib_init_preinit_1                  0x08000253   Thumb Code     0  libinit2.o(.ARM.Collect$$libinit$$00000004)
    __rt_lib_init_rand_1                     0x08000253   Thumb Code     0  libinit2.o(.ARM.Collect$$libinit$$0000000E)
    __rt_lib_init_return                     0x08000253   Thumb Code     0  libinit2.o(.ARM.Collect$$libinit$$00000033)
    __rt_lib_init_signal_1                   0x08000253   Thumb Code     0  libinit2.o(.ARM.Collect$$libinit$$0000001D)
    __rt_lib_init_stdio_1                    0x08000253   Thumb Code     0  libinit2.o(.ARM.Collect$$libinit$$00000025)
    __rt_lib_init_user_alloc_1               0x08000253   Thumb Code     0  libinit2.o(.ARM.Collect$$libinit$$0000000C)
    __rt_lib_shutdown                        0x08000255   Thumb Code     0  libshutdown.o(.ARM.Collect$$libshutdown$$00000000)
    __rt_lib_shutdown_cpp_1                  0x08000257   Thumb Code     0  libshutdown2.o(.ARM.Collect$$libshutdown$$00000002)
    __rt_lib_shutdown_fp_trap_1              0x08000257   Thumb Code     0  libshutdown2.o(.ARM.Collect$$libshutdown$$00000007)
    __rt_lib_shutdown_heap_1                 0x08000257   Thumb Code     0  libshutdown2.o(.ARM.Collect$$libshutdown$$0000000F)
    __rt_lib_shutdown_return                 0x08000257   Thumb Code     0  libshutdown2.o(.ARM.Collect$$libshutdown$$00000010)
    __rt_lib_shutdown_signal_1               0x08000257   Thumb Code     0  libshutdown2.o(.ARM.Collect$$libshutdown$$0000000A)
    __rt_lib_shutdown_stdio_1                0x08000257   Thumb Code     0  libshutdown2.o(.ARM.Collect$$libshutdown$$00000004)
    __rt_lib_shutdown_user_alloc_1           0x08000257   Thumb Code     0  libshutdown2.o(.ARM.Collect$$libshutdown$$0000000C)
    __rt_entry                               0x08000259   Thumb Code     0  __rtentry.o(.ARM.Collect$$rtentry$$00000000)
    __rt_entry_presh_1                       0x08000259   Thumb Code     0  __rtentry2.o(.ARM.Collect$$rtentry$$00000002)
    __rt_entry_sh                            0x08000259   Thumb Code     0  __rtentry4.o(.ARM.Collect$$rtentry$$00000004)
    __rt_entry_li                            0x0800025f   Thumb Code     0  __rtentry2.o(.ARM.Collect$$rtentry$$0000000A)
    __rt_entry_postsh_1                      0x0800025f   Thumb Code     0  __rtentry2.o(.ARM.Collect$$rtentry$$00000009)
    __rt_entry_main                          0x08000263   Thumb Code     0  __rtentry2.o(.ARM.Collect$$rtentry$$0000000D)
    __rt_entry_postli_1                      0x08000263   Thumb Code     0  __rtentry2.o(.ARM.Collect$$rtentry$$0000000C)
    __rt_exit                                0x0800026b   Thumb Code     0  rtexit.o(.ARM.Collect$$rtexit$$00000000)
    __rt_exit_ls                             0x0800026d   Thumb Code     0  rtexit2.o(.ARM.Collect$$rtexit$$00000003)
    __rt_exit_prels_1                        0x0800026d   Thumb Code     0  rtexit2.o(.ARM.Collect$$rtexit$$00000002)
    __rt_exit_exit                           0x08000271   Thumb Code     0  rtexit2.o(.ARM.Collect$$rtexit$$00000004)
    Reset_Handler                            0x08000279   Thumb Code     8  startup_stm32g474xx.o(.text)
    ADC1_2_IRQHandler                        0x08000293   Thumb Code     0  startup_stm32g474xx.o(.text)
    ADC3_IRQHandler                          0x08000293   Thumb Code     0  startup_stm32g474xx.o(.text)
    ADC4_IRQHandler                          0x08000293   Thumb Code     0  startup_stm32g474xx.o(.text)
    ADC5_IRQHandler                          0x08000293   Thumb Code     0  startup_stm32g474xx.o(.text)
    COMP1_2_3_IRQHandler                     0x08000293   Thumb Code     0  startup_stm32g474xx.o(.text)
    COMP4_5_6_IRQHandler                     0x08000293   Thumb Code     0  startup_stm32g474xx.o(.text)
    COMP7_IRQHandler                         0x08000293   Thumb Code     0  startup_stm32g474xx.o(.text)
    CORDIC_IRQHandler                        0x08000293   Thumb Code     0  startup_stm32g474xx.o(.text)
    CRS_IRQHandler                           0x08000293   Thumb Code     0  startup_stm32g474xx.o(.text)
    DMA1_Channel1_IRQHandler                 0x08000293   Thumb Code     0  startup_stm32g474xx.o(.text)
    DMA1_Channel2_IRQHandler                 0x08000293   Thumb Code     0  startup_stm32g474xx.o(.text)
    DMA1_Channel3_IRQHandler                 0x08000293   Thumb Code     0  startup_stm32g474xx.o(.text)
    DMA1_Channel4_IRQHandler                 0x08000293   Thumb Code     0  startup_stm32g474xx.o(.text)
    DMA1_Channel5_IRQHandler                 0x08000293   Thumb Code     0  startup_stm32g474xx.o(.text)
    DMA1_Channel6_IRQHandler                 0x08000293   Thumb Code     0  startup_stm32g474xx.o(.text)
    DMA1_Channel7_IRQHandler                 0x08000293   Thumb Code     0  startup_stm32g474xx.o(.text)
    DMA1_Channel8_IRQHandler                 0x08000293   Thumb Code     0  startup_stm32g474xx.o(.text)
    DMA2_Channel1_IRQHandler                 0x08000293   Thumb Code     0  startup_stm32g474xx.o(.text)
    DMA2_Channel2_IRQHandler                 0x08000293   Thumb Code     0  startup_stm32g474xx.o(.text)
    DMA2_Channel3_IRQHandler                 0x08000293   Thumb Code     0  startup_stm32g474xx.o(.text)
    DMA2_Channel4_IRQHandler                 0x08000293   Thumb Code     0  startup_stm32g474xx.o(.text)
    DMA2_Channel5_IRQHandler                 0x08000293   Thumb Code     0  startup_stm32g474xx.o(.text)
    DMA2_Channel6_IRQHandler                 0x08000293   Thumb Code     0  startup_stm32g474xx.o(.text)
    DMA2_Channel7_IRQHandler                 0x08000293   Thumb Code     0  startup_stm32g474xx.o(.text)
    DMA2_Channel8_IRQHandler                 0x08000293   Thumb Code     0  startup_stm32g474xx.o(.text)
    DMAMUX_OVR_IRQHandler                    0x08000293   Thumb Code     0  startup_stm32g474xx.o(.text)
    EXTI0_IRQHandler                         0x08000293   Thumb Code     0  startup_stm32g474xx.o(.text)
    EXTI15_10_IRQHandler                     0x08000293   Thumb Code     0  startup_stm32g474xx.o(.text)
    EXTI1_IRQHandler                         0x08000293   Thumb Code     0  startup_stm32g474xx.o(.text)
    EXTI2_IRQHandler                         0x08000293   Thumb Code     0  startup_stm32g474xx.o(.text)
    EXTI3_IRQHandler                         0x08000293   Thumb Code     0  startup_stm32g474xx.o(.text)
    EXTI4_IRQHandler                         0x08000293   Thumb Code     0  startup_stm32g474xx.o(.text)
    EXTI9_5_IRQHandler                       0x08000293   Thumb Code     0  startup_stm32g474xx.o(.text)
    FDCAN1_IT0_IRQHandler                    0x08000293   Thumb Code     0  startup_stm32g474xx.o(.text)
    FDCAN1_IT1_IRQHandler                    0x08000293   Thumb Code     0  startup_stm32g474xx.o(.text)
    FDCAN2_IT0_IRQHandler                    0x08000293   Thumb Code     0  startup_stm32g474xx.o(.text)
    FDCAN2_IT1_IRQHandler                    0x08000293   Thumb Code     0  startup_stm32g474xx.o(.text)
    FDCAN3_IT0_IRQHandler                    0x08000293   Thumb Code     0  startup_stm32g474xx.o(.text)
    FDCAN3_IT1_IRQHandler                    0x08000293   Thumb Code     0  startup_stm32g474xx.o(.text)
    FLASH_IRQHandler                         0x08000293   Thumb Code     0  startup_stm32g474xx.o(.text)
    FMAC_IRQHandler                          0x08000293   Thumb Code     0  startup_stm32g474xx.o(.text)
    FMC_IRQHandler                           0x08000293   Thumb Code     0  startup_stm32g474xx.o(.text)
    FPU_IRQHandler                           0x08000293   Thumb Code     0  startup_stm32g474xx.o(.text)
    HRTIM1_FLT_IRQHandler                    0x08000293   Thumb Code     0  startup_stm32g474xx.o(.text)
    HRTIM1_Master_IRQHandler                 0x08000293   Thumb Code     0  startup_stm32g474xx.o(.text)
    HRTIM1_TIMA_IRQHandler                   0x08000293   Thumb Code     0  startup_stm32g474xx.o(.text)
    HRTIM1_TIMB_IRQHandler                   0x08000293   Thumb Code     0  startup_stm32g474xx.o(.text)
    HRTIM1_TIMC_IRQHandler                   0x08000293   Thumb Code     0  startup_stm32g474xx.o(.text)
    HRTIM1_TIMD_IRQHandler                   0x08000293   Thumb Code     0  startup_stm32g474xx.o(.text)
    HRTIM1_TIME_IRQHandler                   0x08000293   Thumb Code     0  startup_stm32g474xx.o(.text)
    HRTIM1_TIMF_IRQHandler                   0x08000293   Thumb Code     0  startup_stm32g474xx.o(.text)
    I2C1_ER_IRQHandler                       0x08000293   Thumb Code     0  startup_stm32g474xx.o(.text)
    I2C1_EV_IRQHandler                       0x08000293   Thumb Code     0  startup_stm32g474xx.o(.text)
    I2C2_ER_IRQHandler                       0x08000293   Thumb Code     0  startup_stm32g474xx.o(.text)
    I2C2_EV_IRQHandler                       0x08000293   Thumb Code     0  startup_stm32g474xx.o(.text)
    I2C3_ER_IRQHandler                       0x08000293   Thumb Code     0  startup_stm32g474xx.o(.text)
    I2C3_EV_IRQHandler                       0x08000293   Thumb Code     0  startup_stm32g474xx.o(.text)
    I2C4_ER_IRQHandler                       0x08000293   Thumb Code     0  startup_stm32g474xx.o(.text)
    I2C4_EV_IRQHandler                       0x08000293   Thumb Code     0  startup_stm32g474xx.o(.text)
    LPTIM1_IRQHandler                        0x08000293   Thumb Code     0  startup_stm32g474xx.o(.text)
    LPUART1_IRQHandler                       0x08000293   Thumb Code     0  startup_stm32g474xx.o(.text)
    PVD_PVM_IRQHandler                       0x08000293   Thumb Code     0  startup_stm32g474xx.o(.text)
    QUADSPI_IRQHandler                       0x08000293   Thumb Code     0  startup_stm32g474xx.o(.text)
    RCC_IRQHandler                           0x08000293   Thumb Code     0  startup_stm32g474xx.o(.text)
    RNG_IRQHandler                           0x08000293   Thumb Code     0  startup_stm32g474xx.o(.text)
    RTC_Alarm_IRQHandler                     0x08000293   Thumb Code     0  startup_stm32g474xx.o(.text)
    RTC_TAMP_LSECSS_IRQHandler               0x08000293   Thumb Code     0  startup_stm32g474xx.o(.text)
    RTC_WKUP_IRQHandler                      0x08000293   Thumb Code     0  startup_stm32g474xx.o(.text)
    SAI1_IRQHandler                          0x08000293   Thumb Code     0  startup_stm32g474xx.o(.text)
    SPI1_IRQHandler                          0x08000293   Thumb Code     0  startup_stm32g474xx.o(.text)
    SPI2_IRQHandler                          0x08000293   Thumb Code     0  startup_stm32g474xx.o(.text)
    SPI3_IRQHandler                          0x08000293   Thumb Code     0  startup_stm32g474xx.o(.text)
    SPI4_IRQHandler                          0x08000293   Thumb Code     0  startup_stm32g474xx.o(.text)
    TIM1_BRK_TIM15_IRQHandler                0x08000293   Thumb Code     0  startup_stm32g474xx.o(.text)
    TIM1_CC_IRQHandler                       0x08000293   Thumb Code     0  startup_stm32g474xx.o(.text)
    TIM1_TRG_COM_TIM17_IRQHandler            0x08000293   Thumb Code     0  startup_stm32g474xx.o(.text)
    TIM1_UP_TIM16_IRQHandler                 0x08000293   Thumb Code     0  startup_stm32g474xx.o(.text)
    TIM20_BRK_IRQHandler                     0x08000293   Thumb Code     0  startup_stm32g474xx.o(.text)
    TIM20_CC_IRQHandler                      0x08000293   Thumb Code     0  startup_stm32g474xx.o(.text)
    TIM20_TRG_COM_IRQHandler                 0x08000293   Thumb Code     0  startup_stm32g474xx.o(.text)
    TIM20_UP_IRQHandler                      0x08000293   Thumb Code     0  startup_stm32g474xx.o(.text)
    TIM2_IRQHandler                          0x08000293   Thumb Code     0  startup_stm32g474xx.o(.text)
    TIM3_IRQHandler                          0x08000293   Thumb Code     0  startup_stm32g474xx.o(.text)
    TIM4_IRQHandler                          0x08000293   Thumb Code     0  startup_stm32g474xx.o(.text)
    TIM5_IRQHandler                          0x08000293   Thumb Code     0  startup_stm32g474xx.o(.text)
    TIM6_DAC_IRQHandler                      0x08000293   Thumb Code     0  startup_stm32g474xx.o(.text)
    TIM7_DAC_IRQHandler                      0x08000293   Thumb Code     0  startup_stm32g474xx.o(.text)
    TIM8_BRK_IRQHandler                      0x08000293   Thumb Code     0  startup_stm32g474xx.o(.text)
    TIM8_CC_IRQHandler                       0x08000293   Thumb Code     0  startup_stm32g474xx.o(.text)
    TIM8_TRG_COM_IRQHandler                  0x08000293   Thumb Code     0  startup_stm32g474xx.o(.text)
    TIM8_UP_IRQHandler                       0x08000293   Thumb Code     0  startup_stm32g474xx.o(.text)
    UART4_IRQHandler                         0x08000293   Thumb Code     0  startup_stm32g474xx.o(.text)
    UART5_IRQHandler                         0x08000293   Thumb Code     0  startup_stm32g474xx.o(.text)
    UCPD1_IRQHandler                         0x08000293   Thumb Code     0  startup_stm32g474xx.o(.text)
    USART1_IRQHandler                        0x08000293   Thumb Code     0  startup_stm32g474xx.o(.text)
    USART2_IRQHandler                        0x08000293   Thumb Code     0  startup_stm32g474xx.o(.text)
    USART3_IRQHandler                        0x08000293   Thumb Code     0  startup_stm32g474xx.o(.text)
    USBWakeUp_IRQHandler                     0x08000293   Thumb Code     0  startup_stm32g474xx.o(.text)
    USB_HP_IRQHandler                        0x08000293   Thumb Code     0  startup_stm32g474xx.o(.text)
    USB_LP_IRQHandler                        0x08000293   Thumb Code     0  startup_stm32g474xx.o(.text)
    WWDG_IRQHandler                          0x08000293   Thumb Code     0  startup_stm32g474xx.o(.text)
    __user_initial_stackheap                 0x08000295   Thumb Code     0  startup_stm32g474xx.o(.text)
    __aeabi_memclr4                          0x080002b9   Thumb Code     0  rt_memclr_w.o(.text)
    __aeabi_memclr8                          0x080002b9   Thumb Code     0  rt_memclr_w.o(.text)
    __rt_memclr_w                            0x080002b9   Thumb Code    78  rt_memclr_w.o(.text)
    _memset_w                                0x080002bd   Thumb Code     0  rt_memclr_w.o(.text)
    __use_two_region_memory                  0x08000307   Thumb Code     2  heapauxi.o(.text)
    __rt_heap_escrow$2region                 0x08000309   Thumb Code     2  heapauxi.o(.text)
    __rt_heap_expand$2region                 0x0800030b   Thumb Code     2  heapauxi.o(.text)
    __user_setup_stackheap                   0x0800030d   Thumb Code    74  sys_stackheap_outer.o(.text)
    exit                                     0x08000357   Thumb Code    18  exit.o(.text)
    __user_libspace                          0x08000369   Thumb Code     8  libspace.o(.text)
    __user_perproc_libspace                  0x08000369   Thumb Code     0  libspace.o(.text)
    __user_perthread_libspace                0x08000369   Thumb Code     0  libspace.o(.text)
    _sys_exit                                0x08000371   Thumb Code     8  sys_exit.o(.text)
    __I$use$semihosting                      0x0800037d   Thumb Code     0  use_no_semi.o(.text)
    __use_no_semihosting_swi                 0x0800037d   Thumb Code     2  use_no_semi.o(.text)
    BusFault_Handler                         0x0800037f   Thumb Code     2  stm32g4xx_it.o(i.BusFault_Handler)
    __semihosting_library_function           0x0800037f   Thumb Code     0  indicate_semi.o(.text)
    DebugMon_Handler                         0x08000381   Thumb Code     2  stm32g4xx_it.o(i.DebugMon_Handler)
    Error_Handler                            0x08000383   Thumb Code     4  main.o(i.Error_Handler)
    HAL_ADCEx_MultiModeConfigChannel         0x08000461   Thumb Code   502  stm32g4xx_hal_adc_ex.o(i.HAL_ADCEx_MultiModeConfigChannel)
    HAL_ADC_ConfigChannel                    0x080006ad   Thumb Code  2146  stm32g4xx_hal_adc.o(i.HAL_ADC_ConfigChannel)
    HAL_ADC_Init                             0x08000f3d   Thumb Code  1524  stm32g4xx_hal_adc.o(i.HAL_ADC_Init)
    HAL_ADC_MspInit                          0x0800153d   Thumb Code   148  adc.o(i.HAL_ADC_MspInit)
    HAL_Delay                                0x080015e9   Thumb Code    32  stm32g4xx_hal.o(i.HAL_Delay)
    HAL_FDCAN_AddMessageToTxFifoQ            0x0800160d   Thumb Code   338  stm32g4xx_hal_fdcan.o(i.HAL_FDCAN_AddMessageToTxFifoQ)
    HAL_FDCAN_Init                           0x0800179d   Thumb Code   938  stm32g4xx_hal_fdcan.o(i.HAL_FDCAN_Init)
    HAL_FDCAN_MspInit                        0x08001b9d   Thumb Code   210  fdcan.o(i.HAL_FDCAN_MspInit)
    HAL_FMAC_Init                            0x08001c85   Thumb Code   100  stm32g4xx_hal_fmac.o(i.HAL_FMAC_Init)
    HAL_FMAC_MspInit                         0x08001d29   Thumb Code    30  fmac.o(i.HAL_FMAC_MspInit)
    HAL_GPIO_Init                            0x08001d51   Thumb Code   606  stm32g4xx_hal_gpio.o(i.HAL_GPIO_Init)
    HAL_GPIO_WritePin                        0x08002011   Thumb Code    44  stm32g4xx_hal_gpio.o(i.HAL_GPIO_WritePin)
    HAL_GetTick                              0x08002079   Thumb Code     6  stm32g4xx_hal.o(i.HAL_GetTick)
    HAL_HRTIM_DLLCalibrationStart            0x08002085   Thumb Code   120  stm32g4xx_hal_hrtim.o(i.HAL_HRTIM_DLLCalibrationStart)
    HAL_HRTIM_Init                           0x08002139   Thumb Code   304  stm32g4xx_hal_hrtim.o(i.HAL_HRTIM_Init)
    HAL_HRTIM_MspInit                        0x080022b1   Thumb Code    30  hrtim.o(i.HAL_HRTIM_MspInit)
    HAL_HRTIM_MspPostInit                    0x080022d9   Thumb Code    76  hrtim.o(i.HAL_HRTIM_MspPostInit)
    HAL_HRTIM_PollForDLLCalibration          0x0800232d   Thumb Code    66  stm32g4xx_hal_hrtim.o(i.HAL_HRTIM_PollForDLLCalibration)
    HAL_HRTIM_TimeBaseConfig                 0x08002371   Thumb Code   224  stm32g4xx_hal_hrtim.o(i.HAL_HRTIM_TimeBaseConfig)
    HAL_HRTIM_WaveformOutputConfig           0x0800248d   Thumb Code   288  stm32g4xx_hal_hrtim.o(i.HAL_HRTIM_WaveformOutputConfig)
    HAL_HRTIM_WaveformTimerConfig            0x080025e9   Thumb Code   742  stm32g4xx_hal_hrtim.o(i.HAL_HRTIM_WaveformTimerConfig)
    HAL_HRTIM_WaveformTimerControl           0x08002915   Thumb Code   306  stm32g4xx_hal_hrtim.o(i.HAL_HRTIM_WaveformTimerControl)
    HAL_IncTick                              0x08002a85   Thumb Code    12  stm32g4xx_hal.o(i.HAL_IncTick)
    HAL_Init                                 0x08002a95   Thumb Code    30  stm32g4xx_hal.o(i.HAL_Init)
    HAL_InitTick                             0x08002ab5   Thumb Code    58  stm32g4xx_hal.o(i.HAL_InitTick)
    HAL_MspInit                              0x08002af9   Thumb Code    42  stm32g4xx_hal_msp.o(i.HAL_MspInit)
    HAL_NVIC_SetPriority                     0x08002b29   Thumb Code    94  stm32g4xx_hal_cortex.o(i.HAL_NVIC_SetPriority)
    HAL_NVIC_SetPriorityGrouping             0x08002bc9   Thumb Code    58  stm32g4xx_hal_cortex.o(i.HAL_NVIC_SetPriorityGrouping)
    HAL_OPAMP_Init                           0x08002c49   Thumb Code   594  stm32g4xx_hal_opamp.o(i.HAL_OPAMP_Init)
    HAL_OPAMP_MspInit                        0x08002ee5   Thumb Code   220  opamp.o(i.HAL_OPAMP_MspInit)
    HAL_PWREx_ControlVoltageScaling          0x08002fcd   Thumb Code   194  stm32g4xx_hal_pwr_ex.o(i.HAL_PWREx_ControlVoltageScaling)
    HAL_PWREx_DisableUCPDDeadBattery         0x080030d9   Thumb Code    12  stm32g4xx_hal_pwr_ex.o(i.HAL_PWREx_DisableUCPDDeadBattery)
    HAL_RCCEx_PeriphCLKConfig                0x080030e9   Thumb Code  1452  stm32g4xx_hal_rcc_ex.o(i.HAL_RCCEx_PeriphCLKConfig)
    HAL_RCC_ClockConfig                      0x08003695   Thumb Code   684  stm32g4xx_hal_rcc.o(i.HAL_RCC_ClockConfig)
    HAL_RCC_GetSysClockFreq                  0x08003999   Thumb Code    98  stm32g4xx_hal_rcc.o(i.HAL_RCC_GetSysClockFreq)
    HAL_RCC_OscConfig                        0x08003a09   Thumb Code  1418  stm32g4xx_hal_rcc.o(i.HAL_RCC_OscConfig)
    HAL_SYSTICK_Config                       0x08003f9d   Thumb Code    40  stm32g4xx_hal_cortex.o(i.HAL_SYSTICK_Config)
    HardFault_Handler                        0x08004339   Thumb Code     2  stm32g4xx_it.o(i.HardFault_Handler)
    MX_ADC1_Init                             0x0800438d   Thumb Code   136  adc.o(i.MX_ADC1_Init)
    MX_ADC2_Init                             0x0800441d   Thumb Code   110  adc.o(i.MX_ADC2_Init)
    MX_ADC3_Init                             0x08004499   Thumb Code   132  adc.o(i.MX_ADC3_Init)
    MX_ADC4_Init                             0x08004529   Thumb Code   112  adc.o(i.MX_ADC4_Init)
    MX_ADC5_Init                             0x080045a5   Thumb Code   112  adc.o(i.MX_ADC5_Init)
    MX_FDCAN2_Init                           0x08004621   Thumb Code    78  fdcan.o(i.MX_FDCAN2_Init)
    MX_FDCAN3_Init                           0x08004679   Thumb Code    78  fdcan.o(i.MX_FDCAN3_Init)
    MX_FMAC_Init                             0x080046d1   Thumb Code    28  fmac.o(i.MX_FMAC_Init)
    MX_GPIO_Init                             0x080046f5   Thumb Code   222  gpio.o(i.MX_GPIO_Init)
    MX_HRTIM1_Init                           0x080047e9   Thumb Code   382  hrtim.o(i.MX_HRTIM1_Init)
    MX_OPAMP1_Init                           0x08004971   Thumb Code    46  opamp.o(i.MX_OPAMP1_Init)
    MX_OPAMP2_Init                           0x080049a9   Thumb Code    46  opamp.o(i.MX_OPAMP2_Init)
    MX_OPAMP3_Init                           0x080049e1   Thumb Code    46  opamp.o(i.MX_OPAMP3_Init)
    MX_OPAMP4_Init                           0x08004a19   Thumb Code    46  opamp.o(i.MX_OPAMP4_Init)
    MX_OPAMP5_Init                           0x08004a51   Thumb Code    44  opamp.o(i.MX_OPAMP5_Init)
    MX_OPAMP6_Init                           0x08004a85   Thumb Code    46  opamp.o(i.MX_OPAMP6_Init)
    MemManage_Handler                        0x08004abd   Thumb Code     2  stm32g4xx_it.o(i.MemManage_Handler)
    NMI_Handler                              0x08004abf   Thumb Code     2  stm32g4xx_it.o(i.NMI_Handler)
    PendSV_Handler                           0x08004ac1   Thumb Code     2  stm32g4xx_it.o(i.PendSV_Handler)
    SVC_Handler                              0x08004ac3   Thumb Code     2  stm32g4xx_it.o(i.SVC_Handler)
    SysTick_Handler                          0x08004ac5   Thumb Code     4  stm32g4xx_it.o(i.SysTick_Handler)
    SystemClock_Config                       0x08004ac9   Thumb Code   104  main.o(i.SystemClock_Config)
    SystemInit                               0x08004b31   Thumb Code    12  system_stm32g4xx.o(i.SystemInit)
    UsageFault_Handler                       0x08004b41   Thumb Code     2  stm32g4xx_it.o(i.UsageFault_Handler)
    assert_failed                            0x08004b63   Thumb Code     2  main.o(i.assert_failed)
    fdcanx_send_data                         0x08004b65   Thumb Code   108  bsp_fdcan.o(i.fdcanx_send_data)
    main                                     0x08004bd1   Thumb Code   114  main.o(i.main)
    _fp_init                                 0x08004c51   Thumb Code    10  fpinit.o(x$fpl$fpinit)
    __fplib_config_fpu_vfp                   0x08004c59   Thumb Code     0  fpinit.o(x$fpl$fpinit)
    __fplib_config_pureend_doubles           0x08004c59   Thumb Code     0  fpinit.o(x$fpl$fpinit)
    AHBPrescTable                            0x08004c6a   Data          16  system_stm32g4xx.o(.constdata)
    Region$$Table$$Base                      0x08004c7c   Number         0  anon$$obj.o(Region$$Table)
    Region$$Table$$Limit                     0x08004c9c   Number         0  anon$$obj.o(Region$$Table)
    tx_data                                  0x20000000   Data           8  main.o(.data)
    uwTickPrio                               0x20000014   Data           4  stm32g4xx_hal.o(.data)
    uwTickFreq                               0x20000018   Data           4  stm32g4xx_hal.o(.data)
    uwTick                                   0x2000001c   Data           4  stm32g4xx_hal.o(.data)
    SystemCoreClock                          0x20000020   Data           4  system_stm32g4xx.o(.data)
    hadc1                                    0x20000024   Data         108  adc.o(.bss)
    hadc2                                    0x20000090   Data         108  adc.o(.bss)
    hadc3                                    0x200000fc   Data         108  adc.o(.bss)
    hadc4                                    0x20000168   Data         108  adc.o(.bss)
    hadc5                                    0x200001d4   Data         108  adc.o(.bss)
    hfdcan2                                  0x20000240   Data         100  fdcan.o(.bss)
    hfdcan3                                  0x200002a4   Data         100  fdcan.o(.bss)
    hfmac                                    0x20000308   Data          56  fmac.o(.bss)
    hhrtim1                                  0x20000340   Data         252  hrtim.o(.bss)
    hopamp1                                  0x2000043c   Data          60  opamp.o(.bss)
    hopamp2                                  0x20000478   Data          60  opamp.o(.bss)
    hopamp3                                  0x200004b4   Data          60  opamp.o(.bss)
    hopamp4                                  0x200004f0   Data          60  opamp.o(.bss)
    hopamp5                                  0x2000052c   Data          60  opamp.o(.bss)
    hopamp6                                  0x20000568   Data          60  opamp.o(.bss)
    __libspace_start                         0x200005a4   Data          96  libspace.o(.bss)
    __temporary_stack_top$libspace           0x20000604   Data           0  libspace.o(.bss)



==============================================================================

Memory Map of the image

  Image Entry point : 0x080001d9

  Load Region LR_IROM1 (Base: 0x08000000, Size: 0x00004cc0, Max: 0x00080000, ABSOLUTE)

    Execution Region ER_IROM1 (Exec base: 0x08000000, Load base: 0x08000000, Size: 0x00004c9c, Max: 0x00080000, ABSOLUTE)

    Exec Addr    Load Addr    Size         Type   Attr      Idx    E Section Name        Object

    0x08000000   0x08000000   0x000001d8   Data   RO            3    RESET               startup_stm32g474xx.o
    0x080001d8   0x080001d8   0x00000008   Code   RO         4301  * !!!main             c_w.l(__main.o)
    0x080001e0   0x080001e0   0x00000034   Code   RO         4458    !!!scatter          c_w.l(__scatter.o)
    0x08000214   0x08000214   0x0000001a   Code   RO         4460    !!handler_copy      c_w.l(__scatter_copy.o)
    0x0800022e   0x0800022e   0x00000002   PAD
    0x08000230   0x08000230   0x0000001c   Code   RO         4462    !!handler_zi        c_w.l(__scatter_zi.o)
    0x0800024c   0x0800024c   0x00000002   Code   RO         4328    .ARM.Collect$$libinit$$00000000  c_w.l(libinit.o)
    0x0800024e   0x0800024e   0x00000004   Code   RO         4334    .ARM.Collect$$libinit$$00000001  c_w.l(libinit2.o)
    0x08000252   0x08000252   0x00000000   Code   RO         4337    .ARM.Collect$$libinit$$00000004  c_w.l(libinit2.o)
    0x08000252   0x08000252   0x00000000   Code   RO         4340    .ARM.Collect$$libinit$$0000000A  c_w.l(libinit2.o)
    0x08000252   0x08000252   0x00000000   Code   RO         4342    .ARM.Collect$$libinit$$0000000C  c_w.l(libinit2.o)
    0x08000252   0x08000252   0x00000000   Code   RO         4344    .ARM.Collect$$libinit$$0000000E  c_w.l(libinit2.o)
    0x08000252   0x08000252   0x00000000   Code   RO         4347    .ARM.Collect$$libinit$$00000011  c_w.l(libinit2.o)
    0x08000252   0x08000252   0x00000000   Code   RO         4349    .ARM.Collect$$libinit$$00000013  c_w.l(libinit2.o)
    0x08000252   0x08000252   0x00000000   Code   RO         4351    .ARM.Collect$$libinit$$00000015  c_w.l(libinit2.o)
    0x08000252   0x08000252   0x00000000   Code   RO         4353    .ARM.Collect$$libinit$$00000017  c_w.l(libinit2.o)
    0x08000252   0x08000252   0x00000000   Code   RO         4355    .ARM.Collect$$libinit$$00000019  c_w.l(libinit2.o)
    0x08000252   0x08000252   0x00000000   Code   RO         4357    .ARM.Collect$$libinit$$0000001B  c_w.l(libinit2.o)
    0x08000252   0x08000252   0x00000000   Code   RO         4359    .ARM.Collect$$libinit$$0000001D  c_w.l(libinit2.o)
    0x08000252   0x08000252   0x00000000   Code   RO         4361    .ARM.Collect$$libinit$$0000001F  c_w.l(libinit2.o)
    0x08000252   0x08000252   0x00000000   Code   RO         4363    .ARM.Collect$$libinit$$00000021  c_w.l(libinit2.o)
    0x08000252   0x08000252   0x00000000   Code   RO         4365    .ARM.Collect$$libinit$$00000023  c_w.l(libinit2.o)
    0x08000252   0x08000252   0x00000000   Code   RO         4367    .ARM.Collect$$libinit$$00000025  c_w.l(libinit2.o)
    0x08000252   0x08000252   0x00000000   Code   RO         4371    .ARM.Collect$$libinit$$0000002C  c_w.l(libinit2.o)
    0x08000252   0x08000252   0x00000000   Code   RO         4373    .ARM.Collect$$libinit$$0000002E  c_w.l(libinit2.o)
    0x08000252   0x08000252   0x00000000   Code   RO         4375    .ARM.Collect$$libinit$$00000030  c_w.l(libinit2.o)
    0x08000252   0x08000252   0x00000000   Code   RO         4377    .ARM.Collect$$libinit$$00000032  c_w.l(libinit2.o)
    0x08000252   0x08000252   0x00000002   Code   RO         4378    .ARM.Collect$$libinit$$00000033  c_w.l(libinit2.o)
    0x08000254   0x08000254   0x00000002   Code   RO         4398    .ARM.Collect$$libshutdown$$00000000  c_w.l(libshutdown.o)
    0x08000256   0x08000256   0x00000000   Code   RO         4411    .ARM.Collect$$libshutdown$$00000002  c_w.l(libshutdown2.o)
    0x08000256   0x08000256   0x00000000   Code   RO         4413    .ARM.Collect$$libshutdown$$00000004  c_w.l(libshutdown2.o)
    0x08000256   0x08000256   0x00000000   Code   RO         4416    .ARM.Collect$$libshutdown$$00000007  c_w.l(libshutdown2.o)
    0x08000256   0x08000256   0x00000000   Code   RO         4419    .ARM.Collect$$libshutdown$$0000000A  c_w.l(libshutdown2.o)
    0x08000256   0x08000256   0x00000000   Code   RO         4421    .ARM.Collect$$libshutdown$$0000000C  c_w.l(libshutdown2.o)
    0x08000256   0x08000256   0x00000000   Code   RO         4424    .ARM.Collect$$libshutdown$$0000000F  c_w.l(libshutdown2.o)
    0x08000256   0x08000256   0x00000002   Code   RO         4425    .ARM.Collect$$libshutdown$$00000010  c_w.l(libshutdown2.o)
    0x08000258   0x08000258   0x00000000   Code   RO         4303    .ARM.Collect$$rtentry$$00000000  c_w.l(__rtentry.o)
    0x08000258   0x08000258   0x00000000   Code   RO         4305    .ARM.Collect$$rtentry$$00000002  c_w.l(__rtentry2.o)
    0x08000258   0x08000258   0x00000006   Code   RO         4317    .ARM.Collect$$rtentry$$00000004  c_w.l(__rtentry4.o)
    0x0800025e   0x0800025e   0x00000000   Code   RO         4307    .ARM.Collect$$rtentry$$00000009  c_w.l(__rtentry2.o)
    0x0800025e   0x0800025e   0x00000004   Code   RO         4308    .ARM.Collect$$rtentry$$0000000A  c_w.l(__rtentry2.o)
    0x08000262   0x08000262   0x00000000   Code   RO         4310    .ARM.Collect$$rtentry$$0000000C  c_w.l(__rtentry2.o)
    0x08000262   0x08000262   0x00000008   Code   RO         4311    .ARM.Collect$$rtentry$$0000000D  c_w.l(__rtentry2.o)
    0x0800026a   0x0800026a   0x00000002   Code   RO         4332    .ARM.Collect$$rtexit$$00000000  c_w.l(rtexit.o)
    0x0800026c   0x0800026c   0x00000000   Code   RO         4380    .ARM.Collect$$rtexit$$00000002  c_w.l(rtexit2.o)
    0x0800026c   0x0800026c   0x00000004   Code   RO         4381    .ARM.Collect$$rtexit$$00000003  c_w.l(rtexit2.o)
    0x08000270   0x08000270   0x00000006   Code   RO         4382    .ARM.Collect$$rtexit$$00000004  c_w.l(rtexit2.o)
    0x08000276   0x08000276   0x00000002   PAD
    0x08000278   0x08000278   0x00000040   Code   RO            4    .text               startup_stm32g474xx.o
    0x080002b8   0x080002b8   0x0000004e   Code   RO         4297    .text               c_w.l(rt_memclr_w.o)
    0x08000306   0x08000306   0x00000006   Code   RO         4299    .text               c_w.l(heapauxi.o)
    0x0800030c   0x0800030c   0x0000004a   Code   RO         4319    .text               c_w.l(sys_stackheap_outer.o)
    0x08000356   0x08000356   0x00000012   Code   RO         4321    .text               c_w.l(exit.o)
    0x08000368   0x08000368   0x00000008   Code   RO         4329    .text               c_w.l(libspace.o)
    0x08000370   0x08000370   0x0000000c   Code   RO         4390    .text               c_w.l(sys_exit.o)
    0x0800037c   0x0800037c   0x00000002   Code   RO         4401    .text               c_w.l(use_no_semi.o)
    0x0800037e   0x0800037e   0x00000000   Code   RO         4403    .text               c_w.l(indicate_semi.o)
    0x0800037e   0x0800037e   0x00000002   Code   RO          560    i.BusFault_Handler  stm32g4xx_it.o
    0x08000380   0x08000380   0x00000002   Code   RO          561    i.DebugMon_Handler  stm32g4xx_it.o
    0x08000382   0x08000382   0x00000004   Code   RO          194    i.Error_Handler     main.o
    0x08000386   0x08000386   0x00000002   PAD
    0x08000388   0x08000388   0x00000064   Code   RO         2637    i.FDCAN_CopyMessageToRAM  stm32g4xx_hal_fdcan.o
    0x080003ec   0x080003ec   0x00000040   Code   RO         3033    i.FMAC_Reset        stm32g4xx_hal_fmac.o
    0x0800042c   0x0800042c   0x00000012   Code   RO         3034    i.FMAC_ResetDataPointers  stm32g4xx_hal_fmac.o
    0x0800043e   0x0800043e   0x00000010   Code   RO         3035    i.FMAC_ResetInputStateAndDataPointers  stm32g4xx_hal_fmac.o
    0x0800044e   0x0800044e   0x00000010   Code   RO         3036    i.FMAC_ResetOutputStateAndDataPointers  stm32g4xx_hal_fmac.o
    0x0800045e   0x0800045e   0x00000002   PAD
    0x08000460   0x08000460   0x0000024c   Code   RO          914    i.HAL_ADCEx_MultiModeConfigChannel  stm32g4xx_hal_adc_ex.o
    0x080006ac   0x080006ac   0x00000890   Code   RO          666    i.HAL_ADC_ConfigChannel  stm32g4xx_hal_adc.o
    0x08000f3c   0x08000f3c   0x00000600   Code   RO          675    i.HAL_ADC_Init      stm32g4xx_hal_adc.o
    0x0800153c   0x0800153c   0x000000ac   Code   RO          283    i.HAL_ADC_MspInit   adc.o
    0x080015e8   0x080015e8   0x00000024   Code   RO         1113    i.HAL_Delay         stm32g4xx_hal.o
    0x0800160c   0x0800160c   0x00000190   Code   RO         2640    i.HAL_FDCAN_AddMessageToTxFifoQ  stm32g4xx_hal_fdcan.o
    0x0800179c   0x0800179c   0x00000400   Code   RO         2681    i.HAL_FDCAN_Init    stm32g4xx_hal_fdcan.o
    0x08001b9c   0x08001b9c   0x000000e8   Code   RO          350    i.HAL_FDCAN_MspInit  fdcan.o
    0x08001c84   0x08001c84   0x000000a4   Code   RO         3058    i.HAL_FMAC_Init     stm32g4xx_hal_fmac.o
    0x08001d28   0x08001d28   0x00000028   Code   RO          399    i.HAL_FMAC_MspInit  fmac.o
    0x08001d50   0x08001d50   0x000002c0   Code   RO         1848    i.HAL_GPIO_Init     stm32g4xx_hal_gpio.o
    0x08002010   0x08002010   0x00000068   Code   RO         1852    i.HAL_GPIO_WritePin  stm32g4xx_hal_gpio.o
    0x08002078   0x08002078   0x0000000c   Code   RO         1117    i.HAL_GetTick       stm32g4xx_hal.o
    0x08002084   0x08002084   0x000000b4   Code   RO         3287    i.HAL_HRTIM_DLLCalibrationStart  stm32g4xx_hal_hrtim.o
    0x08002138   0x08002138   0x00000178   Code   RO         3320    i.HAL_HRTIM_Init    stm32g4xx_hal_hrtim.o
    0x080022b0   0x080022b0   0x00000028   Code   RO          441    i.HAL_HRTIM_MspInit  hrtim.o
    0x080022d8   0x080022d8   0x00000054   Code   RO          442    i.HAL_HRTIM_MspPostInit  hrtim.o
    0x0800232c   0x0800232c   0x00000042   Code   RO         3329    i.HAL_HRTIM_PollForDLLCalibration  stm32g4xx_hal_hrtim.o
    0x0800236e   0x0800236e   0x00000002   PAD
    0x08002370   0x08002370   0x0000011c   Code   RO         3371    i.HAL_HRTIM_TimeBaseConfig  stm32g4xx_hal_hrtim.o
    0x0800248c   0x0800248c   0x0000015c   Code   RO         3386    i.HAL_HRTIM_WaveformOutputConfig  stm32g4xx_hal_hrtim.o
    0x080025e8   0x080025e8   0x0000032c   Code   RO         3390    i.HAL_HRTIM_WaveformTimerConfig  stm32g4xx_hal_hrtim.o
    0x08002914   0x08002914   0x00000170   Code   RO         3391    i.HAL_HRTIM_WaveformTimerControl  stm32g4xx_hal_hrtim.o
    0x08002a84   0x08002a84   0x00000010   Code   RO         1123    i.HAL_IncTick       stm32g4xx_hal.o
    0x08002a94   0x08002a94   0x0000001e   Code   RO         1124    i.HAL_Init          stm32g4xx_hal.o
    0x08002ab2   0x08002ab2   0x00000002   PAD
    0x08002ab4   0x08002ab4   0x00000044   Code   RO         1125    i.HAL_InitTick      stm32g4xx_hal.o
    0x08002af8   0x08002af8   0x00000030   Code   RO          635    i.HAL_MspInit       stm32g4xx_hal_msp.o
    0x08002b28   0x08002b28   0x000000a0   Code   RO         2503    i.HAL_NVIC_SetPriority  stm32g4xx_hal_cortex.o
    0x08002bc8   0x08002bc8   0x00000080   Code   RO         2504    i.HAL_NVIC_SetPriorityGrouping  stm32g4xx_hal_cortex.o
    0x08002c48   0x08002c48   0x0000029c   Code   RO         4119    i.HAL_OPAMP_Init    stm32g4xx_hal_opamp.o
    0x08002ee4   0x08002ee4   0x000000e8   Code   RO          489    i.HAL_OPAMP_MspInit  opamp.o
    0x08002fcc   0x08002fcc   0x0000010c   Code   RO         2251    i.HAL_PWREx_ControlVoltageScaling  stm32g4xx_hal_pwr_ex.o
    0x080030d8   0x080030d8   0x00000010   Code   RO         2263    i.HAL_PWREx_DisableUCPDDeadBattery  stm32g4xx_hal_pwr_ex.o
    0x080030e8   0x080030e8   0x000005ac   Code   RO         1484    i.HAL_RCCEx_PeriphCLKConfig  stm32g4xx_hal_rcc_ex.o
    0x08003694   0x08003694   0x00000304   Code   RO         1359    i.HAL_RCC_ClockConfig  stm32g4xx_hal_rcc.o
    0x08003998   0x08003998   0x00000070   Code   RO         1369    i.HAL_RCC_GetSysClockFreq  stm32g4xx_hal_rcc.o
    0x08003a08   0x08003a08   0x00000594   Code   RO         1372    i.HAL_RCC_OscConfig  stm32g4xx_hal_rcc.o
    0x08003f9c   0x08003f9c   0x00000028   Code   RO         2508    i.HAL_SYSTICK_Config  stm32g4xx_hal_cortex.o
    0x08003fc4   0x08003fc4   0x00000068   Code   RO         3398    i.HRTIM_ForceRegistersUpdate  stm32g4xx_hal_hrtim.o
    0x0800402c   0x0800402c   0x00000092   Code   RO         3403    i.HRTIM_MasterWaveform_Config  stm32g4xx_hal_hrtim.o
    0x080040be   0x080040be   0x000000de   Code   RO         3405    i.HRTIM_OutputConfig  stm32g4xx_hal_hrtim.o
    0x0800419c   0x0800419c   0x0000019c   Code   RO         3408    i.HRTIM_TimingUnitWaveform_Config  stm32g4xx_hal_hrtim.o
    0x08004338   0x08004338   0x00000002   Code   RO          562    i.HardFault_Handler  stm32g4xx_it.o
    0x0800433a   0x0800433a   0x0000000c   Code   RO          689    i.LL_ADC_GetOffsetChannel  stm32g4xx_hal_adc.o
    0x08004346   0x08004346   0x00000008   Code   RO          690    i.LL_ADC_INJ_IsConversionOngoing  stm32g4xx_hal_adc.o
    0x0800434e   0x0800434e   0x00000008   Code   RO          691    i.LL_ADC_REG_IsConversionOngoing  stm32g4xx_hal_adc.o
    0x08004356   0x08004356   0x00000008   Code   RO          924    i.LL_ADC_REG_IsConversionOngoing  stm32g4xx_hal_adc_ex.o
    0x0800435e   0x0800435e   0x0000001e   Code   RO          694    i.LL_ADC_SetChannelSamplingTime  stm32g4xx_hal_adc.o
    0x0800437c   0x0800437c   0x00000010   Code   RO          695    i.LL_ADC_SetOffsetState  stm32g4xx_hal_adc.o
    0x0800438c   0x0800438c   0x00000090   Code   RO          284    i.MX_ADC1_Init      adc.o
    0x0800441c   0x0800441c   0x0000007c   Code   RO          285    i.MX_ADC2_Init      adc.o
    0x08004498   0x08004498   0x00000090   Code   RO          286    i.MX_ADC3_Init      adc.o
    0x08004528   0x08004528   0x0000007c   Code   RO          287    i.MX_ADC4_Init      adc.o
    0x080045a4   0x080045a4   0x0000007c   Code   RO          288    i.MX_ADC5_Init      adc.o
    0x08004620   0x08004620   0x00000058   Code   RO          351    i.MX_FDCAN2_Init    fdcan.o
    0x08004678   0x08004678   0x00000058   Code   RO          352    i.MX_FDCAN3_Init    fdcan.o
    0x080046d0   0x080046d0   0x00000024   Code   RO          400    i.MX_FMAC_Init      fmac.o
    0x080046f4   0x080046f4   0x000000f4   Code   RO          258    i.MX_GPIO_Init      gpio.o
    0x080047e8   0x080047e8   0x00000188   Code   RO          443    i.MX_HRTIM1_Init    hrtim.o
    0x08004970   0x08004970   0x00000038   Code   RO          490    i.MX_OPAMP1_Init    opamp.o
    0x080049a8   0x080049a8   0x00000038   Code   RO          491    i.MX_OPAMP2_Init    opamp.o
    0x080049e0   0x080049e0   0x00000038   Code   RO          492    i.MX_OPAMP3_Init    opamp.o
    0x08004a18   0x08004a18   0x00000038   Code   RO          493    i.MX_OPAMP4_Init    opamp.o
    0x08004a50   0x08004a50   0x00000034   Code   RO          494    i.MX_OPAMP5_Init    opamp.o
    0x08004a84   0x08004a84   0x00000038   Code   RO          495    i.MX_OPAMP6_Init    opamp.o
    0x08004abc   0x08004abc   0x00000002   Code   RO          563    i.MemManage_Handler  stm32g4xx_it.o
    0x08004abe   0x08004abe   0x00000002   Code   RO          564    i.NMI_Handler       stm32g4xx_it.o
    0x08004ac0   0x08004ac0   0x00000002   Code   RO          565    i.PendSV_Handler    stm32g4xx_it.o
    0x08004ac2   0x08004ac2   0x00000002   Code   RO          566    i.SVC_Handler       stm32g4xx_it.o
    0x08004ac4   0x08004ac4   0x00000004   Code   RO          567    i.SysTick_Handler   stm32g4xx_it.o
    0x08004ac8   0x08004ac8   0x00000068   Code   RO          195    i.SystemClock_Config  main.o
    0x08004b30   0x08004b30   0x00000010   Code   RO         4261    i.SystemInit        system_stm32g4xx.o
    0x08004b40   0x08004b40   0x00000002   Code   RO          568    i.UsageFault_Handler  stm32g4xx_it.o
    0x08004b42   0x08004b42   0x00000020   Code   RO         2510    i.__NVIC_SetPriority  stm32g4xx_hal_cortex.o
    0x08004b62   0x08004b62   0x00000002   Code   RO          196    i.assert_failed     main.o
    0x08004b64   0x08004b64   0x0000006c   Code   RO           19    i.fdcanx_send_data  bsp_fdcan.o
    0x08004bd0   0x08004bd0   0x00000080   Code   RO          197    i.main              main.o
    0x08004c50   0x08004c50   0x0000000a   Code   RO         4388    x$fpl$fpinit        fz_wm.l(fpinit.o)
    0x08004c5a   0x08004c5a   0x00000010   Data   RO         2698    .constdata          stm32g4xx_hal_fdcan.o
    0x08004c6a   0x08004c6a   0x00000010   Data   RO         4262    .constdata          system_stm32g4xx.o
    0x08004c7a   0x08004c7a   0x00000002   PAD
    0x08004c7c   0x08004c7c   0x00000020   Data   RO         4456    Region$$Table       anon$$obj.o


    Execution Region RW_IRAM1 (Exec base: 0x20000000, Load base: 0x08004c9c, Size: 0x00000c08, Max: 0x00020000, ABSOLUTE)

    Exec Addr    Load Addr    Size         Type   Attr      Idx    E Section Name        Object

    0x20000000   0x08004c9c   0x00000008   Data   RW          198    .data               main.o
    0x20000008   0x08004ca4   0x00000008   Data   RW          290    .data               adc.o
    0x20000010   0x08004cac   0x00000004   Data   RW          354    .data               fdcan.o
    0x20000014   0x08004cb0   0x0000000c   Data   RW         1144    .data               stm32g4xx_hal.o
    0x20000020   0x08004cbc   0x00000004   Data   RW         4264    .data               system_stm32g4xx.o
    0x20000024        -       0x0000021c   Zero   RW          289    .bss                adc.o
    0x20000240        -       0x000000c8   Zero   RW          353    .bss                fdcan.o
    0x20000308        -       0x00000038   Zero   RW          401    .bss                fmac.o
    0x20000340        -       0x000000fc   Zero   RW          444    .bss                hrtim.o
    0x2000043c        -       0x00000168   Zero   RW          496    .bss                opamp.o
    0x200005a4        -       0x00000060   Zero   RW         4330    .bss                c_w.l(libspace.o)
    0x20000604   0x08004cc0   0x00000004   PAD
    0x20000608        -       0x00000200   Zero   RW            2    HEAP                startup_stm32g474xx.o
    0x20000808        -       0x00000400   Zero   RW            1    STACK               startup_stm32g474xx.o


==============================================================================

Image component sizes


      Code (inc. data)   RO Data    RW Data    ZI Data      Debug   Object Name

       832         82          0          8        540       4733   adc.o
       108          0          0          0          0     981331   bsp_fdcan.o
       408         42          0          4        200       2700   fdcan.o
        76         18          0          0         56       1626   fmac.o
       244         22          0          0          0       1083   gpio.o
       516         28          0          0        252       2687   hrtim.o
       238         14          0          8          0       2870   main.o
       564         70          0          0        360       5020   opamp.o
        64         26        472          0       1536        864   startup_stm32g474xx.o
       162         24          0         12          0       4473   stm32g4xx_hal.o
      3802        334          0          0          0      75251   stm32g4xx_hal_adc.o
       596         86          0          0          0      69351   stm32g4xx_hal_adc_ex.o
       360        136          0          0          0      33366   stm32g4xx_hal_cortex.o
      1524        152         16          0          0       6125   stm32g4xx_hal_fdcan.o
       278         64          0          0          0       5288   stm32g4xx_hal_fmac.o
       808        158          0          0          0       2396   stm32g4xx_hal_gpio.o
      3318        404          0          0          0      12732   stm32g4xx_hal_hrtim.o
        48          6          0          0          0        910   stm32g4xx_hal_msp.o
       668         74          0          0          0       1977   stm32g4xx_hal_opamp.o
       284         78          0          0          0       1493   stm32g4xx_hal_pwr_ex.o
      2312        180          0          0          0       5362   stm32g4xx_hal_rcc.o
      1452         68          0          0          0       2364   stm32g4xx_hal_rcc_ex.o
        20          0          0          0          0       4358   stm32g4xx_it.o
        16          4         16          4          0       1187   system_stm32g4xx.o

    ----------------------------------------------------------------------
     18706       2070        538         36       2944    1229547   Object Totals
         0          0         32          0          0          0   (incl. Generated)
         8          0          2          0          0          0   (incl. Padding)

    ----------------------------------------------------------------------

      Code (inc. data)   RO Data    RW Data    ZI Data      Debug   Library Member Name

         8          0          0          0          0         68   __main.o
         0          0          0          0          0          0   __rtentry.o
        12          0          0          0          0          0   __rtentry2.o
         6          0          0          0          0          0   __rtentry4.o
        52          8          0          0          0          0   __scatter.o
        26          0          0          0          0          0   __scatter_copy.o
        28          0          0          0          0          0   __scatter_zi.o
        18          0          0          0          0         80   exit.o
         6          0          0          0          0        152   heapauxi.o
         0          0          0          0          0          0   indicate_semi.o
         2          0          0          0          0          0   libinit.o
         6          0          0          0          0          0   libinit2.o
         2          0          0          0          0          0   libshutdown.o
         2          0          0          0          0          0   libshutdown2.o
         8          4          0          0         96         68   libspace.o
        78          0          0          0          0         80   rt_memclr_w.o
         2          0          0          0          0          0   rtexit.o
        10          0          0          0          0          0   rtexit2.o
        12          4          0          0          0         68   sys_exit.o
        74          0          0          0          0         80   sys_stackheap_outer.o
         2          0          0          0          0         68   use_no_semi.o
        10          0          0          0          0        116   fpinit.o

    ----------------------------------------------------------------------
       368         16          0          0        100        780   Library Totals
         4          0          0          0          4          0   (incl. Padding)

    ----------------------------------------------------------------------

      Code (inc. data)   RO Data    RW Data    ZI Data      Debug   Library Name

       354         16          0          0         96        664   c_w.l
        10          0          0          0          0        116   fz_wm.l

    ----------------------------------------------------------------------
       368         16          0          0        100        780   Library Totals

    ----------------------------------------------------------------------

==============================================================================


      Code (inc. data)   RO Data    RW Data    ZI Data      Debug   

     19074       2086        538         36       3044    1222219   Grand Totals
     19074       2086        538         36       3044    1222219   ELF Image Totals
     19074       2086        538         36          0          0   ROM Totals

==============================================================================

    Total RO  Size (Code + RO Data)                19612 (  19.15kB)
    Total RW  Size (RW Data + ZI Data)              3080 (   3.01kB)
    Total ROM Size (Code + RO Data + RW Data)      19648 (  19.19kB)

==============================================================================

