Component: ARM Compiler 5.06 update 1 (build 61) Tool: armlink [4d35a8]

==============================================================================

Section Cross References

    startup_stm32g474xx.o(STACK) refers (Special) to heapauxi.o(.text) for __use_two_region_memory
    startup_stm32g474xx.o(HEAP) refers (Special) to heapauxi.o(.text) for __use_two_region_memory
    startup_stm32g474xx.o(RESET) refers (Special) to heapauxi.o(.text) for __use_two_region_memory
    startup_stm32g474xx.o(RESET) refers to startup_stm32g474xx.o(STACK) for __initial_sp
    startup_stm32g474xx.o(RESET) refers to startup_stm32g474xx.o(.text) for Reset_Handler
    startup_stm32g474xx.o(RESET) refers to stm32g4xx_it.o(i.NMI_Handler) for NMI_Handler
    startup_stm32g474xx.o(RESET) refers to stm32g4xx_it.o(i.HardFault_Handler) for HardFault_Handler
    startup_stm32g474xx.o(RESET) refers to stm32g4xx_it.o(i.MemManage_Handler) for MemManage_Handler
    startup_stm32g474xx.o(RESET) refers to stm32g4xx_it.o(i.BusFault_Handler) for BusFault_Handler
    startup_stm32g474xx.o(RESET) refers to stm32g4xx_it.o(i.UsageFault_Handler) for UsageFault_Handler
    startup_stm32g474xx.o(RESET) refers to stm32g4xx_it.o(i.SVC_Handler) for SVC_Handler
    startup_stm32g474xx.o(RESET) refers to stm32g4xx_it.o(i.DebugMon_Handler) for DebugMon_Handler
    startup_stm32g474xx.o(RESET) refers to stm32g4xx_it.o(i.PendSV_Handler) for PendSV_Handler
    startup_stm32g474xx.o(RESET) refers to stm32g4xx_it.o(i.SysTick_Handler) for SysTick_Handler
    startup_stm32g474xx.o(.text) refers (Special) to heapauxi.o(.text) for __use_two_region_memory
    startup_stm32g474xx.o(.text) refers to system_stm32g4xx.o(i.SystemInit) for SystemInit
    startup_stm32g474xx.o(.text) refers to __main.o(!!!main) for __main
    startup_stm32g474xx.o(.text) refers to startup_stm32g474xx.o(HEAP) for Heap_Mem
    startup_stm32g474xx.o(.text) refers to startup_stm32g474xx.o(STACK) for Stack_Mem
    main.o(i.SystemClock_Config) refers to rt_memclr_w.o(.text) for __aeabi_memclr4
    main.o(i.SystemClock_Config) refers to stm32g4xx_hal_pwr_ex.o(i.HAL_PWREx_ControlVoltageScaling) for HAL_PWREx_ControlVoltageScaling
    main.o(i.SystemClock_Config) refers to stm32g4xx_hal_rcc.o(i.HAL_RCC_OscConfig) for HAL_RCC_OscConfig
    main.o(i.SystemClock_Config) refers to stm32g4xx_hal_rcc.o(i.HAL_RCC_ClockConfig) for HAL_RCC_ClockConfig
    main.o(i.main) refers to stm32g4xx_hal.o(i.HAL_Init) for HAL_Init
    main.o(i.main) refers to main.o(i.SystemClock_Config) for SystemClock_Config
    main.o(i.main) refers to gpio.o(i.MX_GPIO_Init) for MX_GPIO_Init
    main.o(i.main) refers to adc.o(i.MX_ADC1_Init) for MX_ADC1_Init
    main.o(i.main) refers to fdcan.o(i.MX_FDCAN3_Init) for MX_FDCAN3_Init
    main.o(i.main) refers to hrtim.o(i.MX_HRTIM1_Init) for MX_HRTIM1_Init
    main.o(i.main) refers to usart.o(i.MX_USART1_UART_Init) for MX_USART1_UART_Init
    main.o(i.main) refers to adc.o(i.MX_ADC2_Init) for MX_ADC2_Init
    main.o(i.main) refers to adc.o(i.MX_ADC3_Init) for MX_ADC3_Init
    main.o(i.main) refers to adc.o(i.MX_ADC4_Init) for MX_ADC4_Init
    main.o(i.main) refers to adc.o(i.MX_ADC5_Init) for MX_ADC5_Init
    main.o(i.main) refers to fmac.o(i.MX_FMAC_Init) for MX_FMAC_Init
    main.o(i.main) refers to opamp.o(i.MX_OPAMP1_Init) for MX_OPAMP1_Init
    main.o(i.main) refers to opamp.o(i.MX_OPAMP2_Init) for MX_OPAMP2_Init
    main.o(i.main) refers to opamp.o(i.MX_OPAMP3_Init) for MX_OPAMP3_Init
    main.o(i.main) refers to opamp.o(i.MX_OPAMP4_Init) for MX_OPAMP4_Init
    main.o(i.main) refers to opamp.o(i.MX_OPAMP5_Init) for MX_OPAMP5_Init
    main.o(i.main) refers to opamp.o(i.MX_OPAMP6_Init) for MX_OPAMP6_Init
    gpio.o(i.MX_GPIO_Init) refers to rt_memclr_w.o(.text) for __aeabi_memclr4
    gpio.o(i.MX_GPIO_Init) refers to stm32g4xx_hal_gpio.o(i.HAL_GPIO_WritePin) for HAL_GPIO_WritePin
    gpio.o(i.MX_GPIO_Init) refers to stm32g4xx_hal_gpio.o(i.HAL_GPIO_Init) for HAL_GPIO_Init
    adc.o(i.HAL_ADC_MspDeInit) refers to adc.o(.data) for .data
    adc.o(i.HAL_ADC_MspInit) refers to rt_memclr_w.o(.text) for __aeabi_memclr4
    adc.o(i.HAL_ADC_MspInit) refers to stm32g4xx_hal_rcc_ex.o(i.HAL_RCCEx_PeriphCLKConfig) for HAL_RCCEx_PeriphCLKConfig
    adc.o(i.HAL_ADC_MspInit) refers to main.o(i.Error_Handler) for Error_Handler
    adc.o(i.HAL_ADC_MspInit) refers to adc.o(.data) for .data
    adc.o(i.MX_ADC1_Init) refers to rt_memclr_w.o(.text) for __aeabi_memclr4
    adc.o(i.MX_ADC1_Init) refers to stm32g4xx_hal_adc.o(i.HAL_ADC_Init) for HAL_ADC_Init
    adc.o(i.MX_ADC1_Init) refers to main.o(i.Error_Handler) for Error_Handler
    adc.o(i.MX_ADC1_Init) refers to stm32g4xx_hal_adc_ex.o(i.HAL_ADCEx_MultiModeConfigChannel) for HAL_ADCEx_MultiModeConfigChannel
    adc.o(i.MX_ADC1_Init) refers to stm32g4xx_hal_adc.o(i.HAL_ADC_ConfigChannel) for HAL_ADC_ConfigChannel
    adc.o(i.MX_ADC1_Init) refers to adc.o(.bss) for .bss
    adc.o(i.MX_ADC2_Init) refers to rt_memclr_w.o(.text) for __aeabi_memclr4
[...]
    Removing stm32g4xx_hal_uart_ex.o(i.HAL_UARTEx_StopModeWakeUpSourceConfig), (376 bytes).
    Removing stm32g4xx_hal_uart_ex.o(i.HAL_UARTEx_TxFifoEmptyCallback), (2 bytes).
    Removing stm32g4xx_hal_uart_ex.o(i.HAL_UARTEx_WakeupCallback), (2 bytes).
    Removing system_stm32g4xx.o(.rev16_text), (4 bytes).
    Removing system_stm32g4xx.o(.revsh_text), (4 bytes).
    Removing system_stm32g4xx.o(.rrx_text), (6 bytes).
    Removing system_stm32g4xx.o(i.SystemCoreClockUpdate), (128 bytes).

685 unused section(s) (total 87366 bytes) removed from the image.

==============================================================================

Image Symbol Table

    Local Symbols

    Symbol Name                              Value     Ov Type        Size  Object(Section)

    ../Core/Src/adc.c                        0x00000000   Number         0  adc.o ABSOLUTE
    ../Core/Src/fdcan.c                      0x00000000   Number         0  fdcan.o ABSOLUTE
    ../Core/Src/fmac.c                       0x00000000   Number         0  fmac.o ABSOLUTE
    ../Core/Src/gpio.c                       0x00000000   Number         0  gpio.o ABSOLUTE
    ../Core/Src/hrtim.c                      0x00000000   Number         0  hrtim.o ABSOLUTE
    ../Core/Src/main.c                       0x00000000   Number         0  main.o ABSOLUTE
    ../Core/Src/opamp.c                      0x00000000   Number         0  opamp.o ABSOLUTE
    ../Core/Src/stm32g4xx_hal_msp.c          0x00000000   Number         0  stm32g4xx_hal_msp.o ABSOLUTE
    ../Core/Src/stm32g4xx_it.c               0x00000000   Number         0  stm32g4xx_it.o ABSOLUTE
    ../Core/Src/system_stm32g4xx.c           0x00000000   Number         0  system_stm32g4xx.o ABSOLUTE
    ../Core/Src/usart.c                      0x00000000   Number         0  usart.o ABSOLUTE
    ../Drivers/STM32G4xx_HAL_Driver/Src/stm32g4xx_hal.c 0x00000000   Number         0  stm32g4xx_hal.o ABSOLUTE
    ../Drivers/STM32G4xx_HAL_Driver/Src/stm32g4xx_hal_adc.c 0x00000000   Number         0  stm32g4xx_hal_adc.o ABSOLUTE
    ../Drivers/STM32G4xx_HAL_Driver/Src/stm32g4xx_hal_adc_ex.c 0x00000000   Number         0  stm32g4xx_hal_adc_ex.o ABSOLUTE
    ../Drivers/STM32G4xx_HAL_Driver/Src/stm32g4xx_hal_cortex.c 0x00000000   Number         0  stm32g4xx_hal_cortex.o ABSOLUTE
    ../Drivers/STM32G4xx_HAL_Driver/Src/stm32g4xx_hal_dma.c 0x00000000   Number         0  stm32g4xx_hal_dma.o ABSOLUTE
    ../Drivers/STM32G4xx_HAL_Driver/Src/stm32g4xx_hal_dma_ex.c 0x00000000   Number         0  stm32g4xx_hal_dma_ex.o ABSOLUTE
    ../Drivers/STM32G4xx_HAL_Driver/Src/stm32g4xx_hal_exti.c 0x00000000   Number         0  stm32g4xx_hal_exti.o ABSOLUTE
    ../Drivers/STM32G4xx_HAL_Driver/Src/stm32g4xx_hal_fdcan.c 0x00000000   Number         0  stm32g4xx_hal_fdcan.o ABSOLUTE
    ../Drivers/STM32G4xx_HAL_Driver/Src/stm32g4xx_hal_flash.c 0x00000000   Number         0  stm32g4xx_hal_flash.o ABSOLUTE
    ../Drivers/STM32G4xx_HAL_Driver/Src/stm32g4xx_hal_flash_ex.c 0x00000000   Number         0  stm32g4xx_hal_flash_ex.o ABSOLUTE
    ../Drivers/STM32G4xx_HAL_Driver/Src/stm32g4xx_hal_flash_ramfunc.c 0x00000000   Number         0  stm32g4xx_hal_flash_ramfunc.o ABSOLUTE
    ../Drivers/STM32G4xx_HAL_Driver/Src/stm32g4xx_hal_fmac.c 0x00000000   Number         0  stm32g4xx_hal_fmac.o ABSOLUTE
    ../Drivers/STM32G4xx_HAL_Driver/Src/stm32g4xx_hal_gpio.c 0x00000000   Number         0  stm32g4xx_hal_gpio.o ABSOLUTE
    ../Drivers/STM32G4xx_HAL_Driver/Src/stm32g4xx_hal_hrtim.c 0x00000000   Number         0  stm32g4xx_hal_hrtim.o ABSOLUTE
    ../Drivers/STM32G4xx_HAL_Driver/Src/stm32g4xx_hal_opamp.c 0x00000000   Number         0  stm32g4xx_hal_opamp.o ABSOLUTE
    ../Drivers/STM32G4xx_HAL_Driver/Src/stm32g4xx_hal_opamp_ex.c 0x00000000   Number         0  stm32g4xx_hal_opamp_ex.o ABSOLUTE
    ../Drivers/STM32G4xx_HAL_Driver/Src/stm32g4xx_hal_pwr.c 0x00000000   Number         0  stm32g4xx_hal_pwr.o ABSOLUTE
    ../Drivers/STM32G4xx_HAL_Driver/Src/stm32g4xx_hal_pwr_ex.c 0x00000000   Number         0  stm32g4xx_hal_pwr_ex.o ABSOLUTE
    ../Drivers/STM32G4xx_HAL_Driver/Src/stm32g4xx_hal_rcc.c 0x00000000   Number         0  stm32g4xx_hal_rcc.o ABSOLUTE
    ../Drivers/STM32G4xx_HAL_Driver/Src/stm32g4xx_hal_rcc_ex.c 0x00000000   Number         0  stm32g4xx_hal_rcc_ex.o ABSOLUTE
    ../Drivers/STM32G4xx_HAL_Driver/Src/stm32g4xx_hal_tim.c 0x00000000   Number         0  stm32g4xx_hal_tim.o ABSOLUTE
    ../Drivers/STM32G4xx_HAL_Driver/Src/stm32g4xx_hal_tim_ex.c 0x00000000   Number         0  stm32g4xx_hal_tim_ex.o ABSOLUTE
    ../Drivers/STM32G4xx_HAL_Driver/Src/stm32g4xx_hal_uart.c 0x00000000   Number         0  stm32g4xx_hal_uart.o ABSOLUTE
    ../Drivers/STM32G4xx_HAL_Driver/Src/stm32g4xx_hal_uart_ex.c 0x00000000   Number         0  stm32g4xx_hal_uart_ex.o ABSOLUTE
    ../Drivers/STM32G4xx_HAL_Driver/Src/stm32g4xx_ll_adc.c 0x00000000   Number         0  stm32g4xx_ll_adc.o ABSOLUTE
    ../clib/angel/boardlib.s                 0x00000000   Number         0  boardinit2.o ABSOLUTE
    ../clib/angel/boardlib.s                 0x00000000   Number         0  boardinit3.o ABSOLUTE
    ../clib/angel/boardlib.s                 0x00000000   Number         0  boardshut.o ABSOLUTE
    ../clib/angel/boardlib.s                 0x00000000   Number         0  boardinit1.o ABSOLUTE
    ../clib/angel/handlers.s                 0x00000000   Number         0  __scatter_copy.o ABSOLUTE
    ../clib/angel/handlers.s                 0x00000000   Number         0  __scatter_zi.o ABSOLUTE
    ../clib/angel/kernel.s                   0x00000000   Number         0  rtexit2.o ABSOLUTE
    ../clib/angel/kernel.s                   0x00000000   Number         0  __rtentry4.o ABSOLUTE
    ../clib/angel/kernel.s                   0x00000000   Number         0  rtexit.o ABSOLUTE
    ../clib/angel/kernel.s                   0x00000000   Number         0  __rtentry.o ABSOLUTE
    ../clib/angel/kernel.s                   0x00000000   Number         0  __rtentry2.o ABSOLUTE
    ../clib/angel/rt.s                       0x00000000   Number         0  rt_raise.o ABSOLUTE
    ../clib/angel/rt.s                       0x00000000   Number         0  aeabi_ldiv0.o ABSOLUTE
    ../clib/angel/rt.s                       0x00000000   Number         0  aeabi_ldiv0_sigfpe.o ABSOLUTE
    ../clib/angel/rt.s                       0x00000000   Number         0  rt_div0.o ABSOLUTE
    ../clib/angel/scatter.s                  0x00000000   Number         0  __scatter.o ABSOLUTE
    ../clib/angel/startup.s                  0x00000000   Number         0  __main.o ABSOLUTE
    ../clib/angel/sys.s                      0x00000000   Number         0  sys_stackheap_outer.o ABSOLUTE
    ../clib/angel/sys.s                      0x00000000   Number         0  indicate_semi.o ABSOLUTE
    ../clib/angel/sys.s                      0x00000000   Number         0  libspace.o ABSOLUTE
    ../clib/angel/sys.s                      0x00000000   Number         0  use_no_semi.o ABSOLUTE
    ../clib/angel/sysapp.c                   0x00000000   Number         0  sys_wrch.o ABSOLUTE
    ../clib/angel/sysapp.c                   0x00000000   Number         0  sys_exit.o ABSOLUTE
    ../clib/angel/sysapp.c                   0x00000000   Number         0  sys_command.o ABSOLUTE
    ../clib/armsys.c                         0x00000000   Number         0  argv_veneer.o ABSOLUTE
    ../clib/armsys.c                         0x00000000   Number         0  no_argv.o ABSOLUTE
    ../clib/armsys.c                         0x00000000   Number         0  _get_argv_nomalloc.o ABSOLUTE
    ../clib/armsys.c                         0x00000000   Number         0  argv_veneer.o ABSOLUTE
    ../clib/heapalloc.c                      0x00000000   Number         0  hrguard.o ABSOLUTE
    ../clib/heapaux.c                        0x00000000   Number         0  heapauxi.o ABSOLUTE
    ../clib/libinit.s                        0x00000000   Number         0  libinit.o ABSOLUTE
    ../clib/libinit.s                        0x00000000   Number         0  libinit2.o ABSOLUTE
    ../clib/libinit.s                        0x00000000   Number         0  libshutdown.o ABSOLUTE
    ../clib/libinit.s                        0x00000000   Number         0  libshutdown2.o ABSOLUTE
    ../clib/longlong.s                       0x00000000   Number         0  lludivv7m.o ABSOLUTE
    ../clib/memcpset.s                       0x00000000   Number         0  rt_memclr_w.o ABSOLUTE
    ../clib/signal.c                         0x00000000   Number         0  defsig_fpe_outer.o ABSOLUTE
    ../clib/signal.c                         0x00000000   Number         0  defsig_fpe_inner.o ABSOLUTE
    ../clib/signal.c                         0x00000000   Number         0  defsig_exit.o ABSOLUTE
    ../clib/signal.c                         0x00000000   Number         0  defsig_rtmem_inner.o ABSOLUTE
    ../clib/signal.c                         0x00000000   Number         0  defsig_rtmem_outer.o ABSOLUTE
    ../clib/signal.c                         0x00000000   Number         0  defsig_abrt_inner.o ABSOLUTE
    ../clib/signal.c                         0x00000000   Number         0  defsig_stak_inner.o ABSOLUTE
    ../clib/signal.c                         0x00000000   Number         0  defsig_general.o ABSOLUTE
    ../clib/signal.c                         0x00000000   Number         0  defsig_pvfn_inner.o ABSOLUTE
    ../clib/signal.c                         0x00000000   Number         0  defsig_cppl_inner.o ABSOLUTE
    ../clib/signal.c                         0x00000000   Number         0  defsig_segv_inner.o ABSOLUTE
    ../clib/signal.c                         0x00000000   Number         0  defsig_rtmem_formal.o ABSOLUTE
    ../clib/signal.c                         0x00000000   Number         0  defsig_rtred_inner.o ABSOLUTE
    ../clib/signal.c                         0x00000000   Number         0  defsig_fpe_formal.o ABSOLUTE
    ../clib/signal.c                         0x00000000   Number         0  __raise.o ABSOLUTE
    ../clib/signal.c                         0x00000000   Number         0  defsig_other.o ABSOLUTE
    ../clib/signal.s                         0x00000000   Number         0  defsig.o ABSOLUTE
    ../clib/stdlib.c                         0x00000000   Number         0  exit.o ABSOLUTE
    ../fplib/fpinit.s                        0x00000000   Number         0  fpinit.o ABSOLUTE
    ..\Core\Src\adc.c                        0x00000000   Number         0  adc.o ABSOLUTE
    ..\Core\Src\fdcan.c                      0x00000000   Number         0  fdcan.o ABSOLUTE
    ..\Core\Src\fmac.c                       0x00000000   Number         0  fmac.o ABSOLUTE
    ..\Core\Src\gpio.c                       0x00000000   Number         0  gpio.o ABSOLUTE
    ..\Core\Src\hrtim.c                      0x00000000   Number         0  hrtim.o ABSOLUTE
    ..\Core\Src\main.c                       0x00000000   Number         0  main.o ABSOLUTE
    ..\Core\Src\opamp.c                      0x00000000   Number         0  opamp.o ABSOLUTE
    ..\Core\Src\stm32g4xx_hal_msp.c          0x00000000   Number         0  stm32g4xx_hal_msp.o ABSOLUTE
    ..\Core\Src\stm32g4xx_it.c               0x00000000   Number         0  stm32g4xx_it.o ABSOLUTE
    ..\Core\Src\system_stm32g4xx.c           0x00000000   Number         0  system_stm32g4xx.o ABSOLUTE
    ..\Core\Src\usart.c                      0x00000000   Number         0  usart.o ABSOLUTE
    ..\Drivers\STM32G4xx_HAL_Driver\Src\stm32g4xx_hal.c 0x00000000   Number         0  stm32g4xx_hal.o ABSOLUTE
    ..\Drivers\STM32G4xx_HAL_Driver\Src\stm32g4xx_hal_adc.c 0x00000000   Number         0  stm32g4xx_hal_adc.o ABSOLUTE
    ..\Drivers\STM32G4xx_HAL_Driver\Src\stm32g4xx_hal_adc_ex.c 0x00000000   Number         0  stm32g4xx_hal_adc_ex.o ABSOLUTE
    ..\Drivers\STM32G4xx_HAL_Driver\Src\stm32g4xx_hal_cortex.c 0x00000000   Number         0  stm32g4xx_hal_cortex.o ABSOLUTE
    ..\Drivers\STM32G4xx_HAL_Driver\Src\stm32g4xx_hal_dma.c 0x00000000   Number         0  stm32g4xx_hal_dma.o ABSOLUTE
    ..\Drivers\STM32G4xx_HAL_Driver\Src\stm32g4xx_hal_dma_ex.c 0x00000000   Number         0  stm32g4xx_hal_dma_ex.o ABSOLUTE
    ..\Drivers\STM32G4xx_HAL_Driver\Src\stm32g4xx_hal_exti.c 0x00000000   Number         0  stm32g4xx_hal_exti.o ABSOLUTE
    ..\Drivers\STM32G4xx_HAL_Driver\Src\stm32g4xx_hal_fdcan.c 0x00000000   Number         0  stm32g4xx_hal_fdcan.o ABSOLUTE
    ..\Drivers\STM32G4xx_HAL_Driver\Src\stm32g4xx_hal_flash.c 0x00000000   Number         0  stm32g4xx_hal_flash.o ABSOLUTE
    ..\Drivers\STM32G4xx_HAL_Driver\Src\stm32g4xx_hal_flash_ex.c 0x00000000   Number         0  stm32g4xx_hal_flash_ex.o ABSOLUTE
    ..\Drivers\STM32G4xx_HAL_Driver\Src\stm32g4xx_hal_flash_ramfunc.c 0x00000000   Number         0  stm32g4xx_hal_flash_ramfunc.o ABSOLUTE
    ..\Drivers\STM32G4xx_HAL_Driver\Src\stm32g4xx_hal_fmac.c 0x00000000   Number         0  stm32g4xx_hal_fmac.o ABSOLUTE
    ..\Drivers\STM32G4xx_HAL_Driver\Src\stm32g4xx_hal_gpio.c 0x00000000   Number         0  stm32g4xx_hal_gpio.o ABSOLUTE
    ..\Drivers\STM32G4xx_HAL_Driver\Src\stm32g4xx_hal_hrtim.c 0x00000000   Number         0  stm32g4xx_hal_hrtim.o ABSOLUTE
    ..\Drivers\STM32G4xx_HAL_Driver\Src\stm32g4xx_hal_opamp.c 0x00000000   Number         0  stm32g4xx_hal_opamp.o ABSOLUTE
    ..\Drivers\STM32G4xx_HAL_Driver\Src\stm32g4xx_hal_opamp_ex.c 0x00000000   Number         0  stm32g4xx_hal_opamp_ex.o ABSOLUTE
    ..\Drivers\STM32G4xx_HAL_Driver\Src\stm32g4xx_hal_pwr.c 0x00000000   Number         0  stm32g4xx_hal_pwr.o ABSOLUTE
    ..\Drivers\STM32G4xx_HAL_Driver\Src\stm32g4xx_hal_pwr_ex.c 0x00000000   Number         0  stm32g4xx_hal_pwr_ex.o ABSOLUTE
    ..\Drivers\STM32G4xx_HAL_Driver\Src\stm32g4xx_hal_rcc.c 0x00000000   Number         0  stm32g4xx_hal_rcc.o ABSOLUTE
    ..\Drivers\STM32G4xx_HAL_Driver\Src\stm32g4xx_hal_rcc_ex.c 0x00000000   Number         0  stm32g4xx_hal_rcc_ex.o ABSOLUTE
    ..\Drivers\STM32G4xx_HAL_Driver\Src\stm32g4xx_hal_tim.c 0x00000000   Number         0  stm32g4xx_hal_tim.o ABSOLUTE
    ..\Drivers\STM32G4xx_HAL_Driver\Src\stm32g4xx_hal_tim_ex.c 0x00000000   Number         0  stm32g4xx_hal_tim_ex.o ABSOLUTE
    ..\Drivers\STM32G4xx_HAL_Driver\Src\stm32g4xx_hal_uart.c 0x00000000   Number         0  stm32g4xx_hal_uart.o ABSOLUTE
    ..\Drivers\STM32G4xx_HAL_Driver\Src\stm32g4xx_hal_uart_ex.c 0x00000000   Number         0  stm32g4xx_hal_uart_ex.o ABSOLUTE
    dc.s                                     0x00000000   Number         0  dc.o ABSOLUTE
    startup_stm32g474xx.s                    0x00000000   Number         0  startup_stm32g474xx.o ABSOLUTE
    RESET                                    0x08000000   Section      472  startup_stm32g474xx.o(RESET)
    !!!main                                  0x080001d8   Section        8  __main.o(!!!main)
    !!!scatter                               0x080001e0   Section       52  __scatter.o(!!!scatter)
    !!handler_copy                           0x08000214   Section       26  __scatter_copy.o(!!handler_copy)
    !!handler_zi                             0x08000230   Section       28  __scatter_zi.o(!!handler_zi)
    .ARM.Collect$$libinit$$00000000          0x0800024c   Section        2  libinit.o(.ARM.Collect$$libinit$$00000000)
    .ARM.Collect$$libinit$$00000001          0x0800024e   Section        4  libinit2.o(.ARM.Collect$$libinit$$00000001)
    .ARM.Collect$$libinit$$00000004          0x08000252   Section        0  libinit2.o(.ARM.Collect$$libinit$$00000004)
    .ARM.Collect$$libinit$$0000000A          0x08000252   Section        0  libinit2.o(.ARM.Collect$$libinit$$0000000A)
    .ARM.Collect$$libinit$$0000000C          0x08000252   Section        0  libinit2.o(.ARM.Collect$$libinit$$0000000C)
    .ARM.Collect$$libinit$$0000000E          0x08000252   Section        0  libinit2.o(.ARM.Collect$$libinit$$0000000E)
    .ARM.Collect$$libinit$$00000011          0x08000252   Section        0  libinit2.o(.ARM.Collect$$libinit$$00000011)
    .ARM.Collect$$libinit$$00000013          0x08000252   Section        0  libinit2.o(.ARM.Collect$$libinit$$00000013)
    .ARM.Collect$$libinit$$00000015          0x08000252   Section        0  libinit2.o(.ARM.Collect$$libinit$$00000015)
    .ARM.Collect$$libinit$$00000017          0x08000252   Section        0  libinit2.o(.ARM.Collect$$libinit$$00000017)
    .ARM.Collect$$libinit$$00000019          0x08000252   Section        0  libinit2.o(.ARM.Collect$$libinit$$00000019)
    .ARM.Collect$$libinit$$0000001B          0x08000252   Section        0  libinit2.o(.ARM.Collect$$libinit$$0000001B)
    .ARM.Collect$$libinit$$0000001D          0x08000252   Section        0  libinit2.o(.ARM.Collect$$libinit$$0000001D)
    .ARM.Collect$$libinit$$0000001F          0x08000252   Section        0  libinit2.o(.ARM.Collect$$libinit$$0000001F)
    .ARM.Collect$$libinit$$00000021          0x08000252   Section        0  libinit2.o(.ARM.Collect$$libinit$$00000021)
    .ARM.Collect$$libinit$$00000023          0x08000252   Section        0  libinit2.o(.ARM.Collect$$libinit$$00000023)
    .ARM.Collect$$libinit$$00000025          0x08000252   Section        0  libinit2.o(.ARM.Collect$$libinit$$00000025)
    .ARM.Collect$$libinit$$0000002C          0x08000252   Section        0  libinit2.o(.ARM.Collect$$libinit$$0000002C)
    .ARM.Collect$$libinit$$0000002E          0x08000252   Section        0  libinit2.o(.ARM.Collect$$libinit$$0000002E)
    .ARM.Collect$$libinit$$00000030          0x08000252   Section        0  libinit2.o(.ARM.Collect$$libinit$$00000030)
    .ARM.Collect$$libinit$$00000032          0x08000252   Section        0  libinit2.o(.ARM.Collect$$libinit$$00000032)
    .ARM.Collect$$libinit$$00000033          0x08000252   Section        2  libinit2.o(.ARM.Collect$$libinit$$00000033)
    .ARM.Collect$$libshutdown$$00000000      0x08000254   Section        2  libshutdown.o(.ARM.Collect$$libshutdown$$00000000)
    .ARM.Collect$$libshutdown$$00000002      0x08000256   Section        0  libshutdown2.o(.ARM.Collect$$libshutdown$$00000002)
    .ARM.Collect$$libshutdown$$00000004      0x08000256   Section        0  libshutdown2.o(.ARM.Collect$$libshutdown$$00000004)
    .ARM.Collect$$libshutdown$$00000007      0x08000256   Section        0  libshutdown2.o(.ARM.Collect$$libshutdown$$00000007)
    .ARM.Collect$$libshutdown$$0000000A      0x08000256   Section        0  libshutdown2.o(.ARM.Collect$$libshutdown$$0000000A)
    .ARM.Collect$$libshutdown$$0000000C      0x08000256   Section        0  libshutdown2.o(.ARM.Collect$$libshutdown$$0000000C)
    .ARM.Collect$$libshutdown$$0000000F      0x08000256   Section        0  libshutdown2.o(.ARM.Collect$$libshutdown$$0000000F)
    .ARM.Collect$$libshutdown$$00000010      0x08000256   Section        2  libshutdown2.o(.ARM.Collect$$libshutdown$$00000010)
    .ARM.Collect$$rtentry$$00000000          0x08000258   Section        0  __rtentry.o(.ARM.Collect$$rtentry$$00000000)
    .ARM.Collect$$rtentry$$00000002          0x08000258   Section        0  __rtentry2.o(.ARM.Collect$$rtentry$$00000002)
    .ARM.Collect$$rtentry$$00000004          0x08000258   Section        6  __rtentry4.o(.ARM.Collect$$rtentry$$00000004)
    .ARM.Collect$$rtentry$$00000009          0x0800025e   Section        0  __rtentry2.o(.ARM.Collect$$rtentry$$00000009)
    .ARM.Collect$$rtentry$$0000000A          0x0800025e   Section        4  __rtentry2.o(.ARM.Collect$$rtentry$$0000000A)
    .ARM.Collect$$rtentry$$0000000C          0x08000262   Section        0  __rtentry2.o(.ARM.Collect$$rtentry$$0000000C)
    .ARM.Collect$$rtentry$$0000000D          0x08000262   Section        8  __rtentry2.o(.ARM.Collect$$rtentry$$0000000D)
    .ARM.Collect$$rtexit$$00000000           0x0800026a   Section        2  rtexit.o(.ARM.Collect$$rtexit$$00000000)
    .ARM.Collect$$rtexit$$00000002           0x0800026c   Section        0  rtexit2.o(.ARM.Collect$$rtexit$$00000002)
    .ARM.Collect$$rtexit$$00000003           0x0800026c   Section        4  rtexit2.o(.ARM.Collect$$rtexit$$00000003)
    .ARM.Collect$$rtexit$$00000004           0x08000270   Section        6  rtexit2.o(.ARM.Collect$$rtexit$$00000004)
    .text                                    0x08000278   Section       64  startup_stm32g474xx.o(.text)
    $v0                                      0x08000278   Number         0  startup_stm32g474xx.o(.text)
    .text                                    0x080002b8   Section      238  lludivv7m.o(.text)
    .text                                    0x080003a6   Section       78  rt_memclr_w.o(.text)
    .text                                    0x080003f4   Section        0  heapauxi.o(.text)
    .text                                    0x080003fa   Section       74  sys_stackheap_outer.o(.text)
    .text                                    0x08000444   Section        0  exit.o(.text)
    .text                                    0x08000458   Section        8  libspace.o(.text)
    .text                                    0x08000460   Section        0  sys_exit.o(.text)
    .text                                    0x0800046c   Section        2  use_no_semi.o(.text)
    .text                                    0x0800046e   Section        0  indicate_semi.o(.text)
    i.BusFault_Handler                       0x0800046e   Section        0  stm32g4xx_it.o(i.BusFault_Handler)
    i.DebugMon_Handler                       0x08000470   Section        0  stm32g4xx_it.o(i.DebugMon_Handler)
    i.Error_Handler                          0x08000472   Section        0  main.o(i.Error_Handler)
    i.FMAC_Reset                             0x08000478   Section        0  stm32g4xx_hal_fmac.o(i.FMAC_Reset)
    FMAC_Reset                               0x08000479   Thumb Code    64  stm32g4xx_hal_fmac.o(i.FMAC_Reset)
    i.FMAC_ResetDataPointers                 0x080004b8   Section        0  stm32g4xx_hal_fmac.o(i.FMAC_ResetDataPointers)
    FMAC_ResetDataPointers                   0x080004b9   Thumb Code    18  stm32g4xx_hal_fmac.o(i.FMAC_ResetDataPointers)
    i.FMAC_ResetInputStateAndDataPointers    0x080004ca   Section        0  stm32g4xx_hal_fmac.o(i.FMAC_ResetInputStateAndDataPointers)
    FMAC_ResetInputStateAndDataPointers      0x080004cb   Thumb Code    16  stm32g4xx_hal_fmac.o(i.FMAC_ResetInputStateAndDataPointers)
    i.FMAC_ResetOutputStateAndDataPointers   0x080004da   Section        0  stm32g4xx_hal_fmac.o(i.FMAC_ResetOutputStateAndDataPointers)
    FMAC_ResetOutputStateAndDataPointers     0x080004db   Thumb Code    16  stm32g4xx_hal_fmac.o(i.FMAC_ResetOutputStateAndDataPointers)
    i.HAL_ADCEx_MultiModeConfigChannel       0x080004ec   Section        0  stm32g4xx_hal_adc_ex.o(i.HAL_ADCEx_MultiModeConfigChannel)
    i.HAL_ADC_ConfigChannel                  0x08000738   Section        0  stm32g4xx_hal_adc.o(i.HAL_ADC_ConfigChannel)
    i.HAL_ADC_Init                           0x08000fc8   Section        0  stm32g4xx_hal_adc.o(i.HAL_ADC_Init)
    i.HAL_ADC_MspInit                        0x080015c8   Section        0  adc.o(i.HAL_ADC_MspInit)
    i.HAL_FDCAN_Init                         0x08001674   Section        0  stm32g4xx_hal_fdcan.o(i.HAL_FDCAN_Init)
    i.HAL_FDCAN_MspInit                      0x08001a74   Section        0  fdcan.o(i.HAL_FDCAN_MspInit)
    i.HAL_FMAC_Init                          0x08001af4   Section        0  stm32g4xx_hal_fmac.o(i.HAL_FMAC_Init)
    i.HAL_FMAC_MspInit                       0x08001b98   Section        0  fmac.o(i.HAL_FMAC_MspInit)
    i.HAL_GPIO_Init                          0x08001bc0   Section        0  stm32g4xx_hal_gpio.o(i.HAL_GPIO_Init)
    i.HAL_GPIO_WritePin                      0x08001e80   Section        0  stm32g4xx_hal_gpio.o(i.HAL_GPIO_WritePin)
    i.HAL_GetTick                            0x08001ee8   Section        0  stm32g4xx_hal.o(i.HAL_GetTick)
    i.HAL_HRTIM_DLLCalibrationStart          0x08001ef4   Section        0  stm32g4xx_hal_hrtim.o(i.HAL_HRTIM_DLLCalibrationStart)
    i.HAL_HRTIM_Init                         0x08001fa8   Section        0  stm32g4xx_hal_hrtim.o(i.HAL_HRTIM_Init)
    i.HAL_HRTIM_MspInit                      0x08002120   Section        0  hrtim.o(i.HAL_HRTIM_MspInit)
    i.HAL_HRTIM_MspPostInit                  0x08002148   Section        0  hrtim.o(i.HAL_HRTIM_MspPostInit)
    i.HAL_HRTIM_PollForDLLCalibration        0x0800219c   Section        0  stm32g4xx_hal_hrtim.o(i.HAL_HRTIM_PollForDLLCalibration)
    i.HAL_HRTIM_TimeBaseConfig               0x080021e0   Section        0  stm32g4xx_hal_hrtim.o(i.HAL_HRTIM_TimeBaseConfig)
    i.HAL_HRTIM_WaveformOutputConfig         0x080022fc   Section        0  stm32g4xx_hal_hrtim.o(i.HAL_HRTIM_WaveformOutputConfig)
    i.HAL_HRTIM_WaveformTimerConfig          0x08002458   Section        0  stm32g4xx_hal_hrtim.o(i.HAL_HRTIM_WaveformTimerConfig)
    i.HAL_HRTIM_WaveformTimerControl         0x08002784   Section        0  stm32g4xx_hal_hrtim.o(i.HAL_HRTIM_WaveformTimerControl)
    i.HAL_IncTick                            0x080028f4   Section        0  stm32g4xx_hal.o(i.HAL_IncTick)
    i.HAL_Init                               0x08002904   Section        0  stm32g4xx_hal.o(i.HAL_Init)
    i.HAL_InitTick                           0x08002924   Section        0  stm32g4xx_hal.o(i.HAL_InitTick)
    i.HAL_MspInit                            0x08002968   Section        0  stm32g4xx_hal_msp.o(i.HAL_MspInit)
    i.HAL_NVIC_SetPriority                   0x08002998   Section        0  stm32g4xx_hal_cortex.o(i.HAL_NVIC_SetPriority)
    i.HAL_NVIC_SetPriorityGrouping           0x08002a38   Section        0  stm32g4xx_hal_cortex.o(i.HAL_NVIC_SetPriorityGrouping)
    i.HAL_OPAMP_Init                         0x08002ab8   Section        0  stm32g4xx_hal_opamp.o(i.HAL_OPAMP_Init)
    i.HAL_OPAMP_MspInit                      0x08002d54   Section        0  opamp.o(i.HAL_OPAMP_MspInit)
    i.HAL_PWREx_ControlVoltageScaling        0x08002e3c   Section        0  stm32g4xx_hal_pwr_ex.o(i.HAL_PWREx_ControlVoltageScaling)
    i.HAL_PWREx_DisableUCPDDeadBattery       0x08002f48   Section        0  stm32g4xx_hal_pwr_ex.o(i.HAL_PWREx_DisableUCPDDeadBattery)
    i.HAL_RCCEx_PeriphCLKConfig              0x08002f58   Section        0  stm32g4xx_hal_rcc_ex.o(i.HAL_RCCEx_PeriphCLKConfig)
    i.HAL_RCC_ClockConfig                    0x08003504   Section        0  stm32g4xx_hal_rcc.o(i.HAL_RCC_ClockConfig)
    i.HAL_RCC_GetPCLK1Freq                   0x08003808   Section        0  stm32g4xx_hal_rcc.o(i.HAL_RCC_GetPCLK1Freq)
    i.HAL_RCC_GetPCLK2Freq                   0x0800382c   Section        0  stm32g4xx_hal_rcc.o(i.HAL_RCC_GetPCLK2Freq)
    i.HAL_RCC_GetSysClockFreq                0x08003850   Section        0  stm32g4xx_hal_rcc.o(i.HAL_RCC_GetSysClockFreq)
    i.HAL_RCC_OscConfig                      0x080038c0   Section        0  stm32g4xx_hal_rcc.o(i.HAL_RCC_OscConfig)
    i.HAL_SYSTICK_Config                     0x08003e54   Section        0  stm32g4xx_hal_cortex.o(i.HAL_SYSTICK_Config)
    i.HAL_UARTEx_DisableFifoMode             0x08003e7c   Section        0  stm32g4xx_hal_uart_ex.o(i.HAL_UARTEx_DisableFifoMode)
    i.HAL_UARTEx_SetRxFifoThreshold          0x08003f44   Section        0  stm32g4xx_hal_uart_ex.o(i.HAL_UARTEx_SetRxFifoThreshold)
    i.HAL_UARTEx_SetTxFifoThreshold          0x08004040   Section        0  stm32g4xx_hal_uart_ex.o(i.HAL_UARTEx_SetTxFifoThreshold)
    i.HAL_UART_Init                          0x0800413c   Section        0  stm32g4xx_hal_uart.o(i.HAL_UART_Init)
    i.HAL_UART_MspInit                       0x08004250   Section        0  usart.o(i.HAL_UART_MspInit)
    i.HRTIM_ForceRegistersUpdate             0x080042cc   Section        0  stm32g4xx_hal_hrtim.o(i.HRTIM_ForceRegistersUpdate)
    HRTIM_ForceRegistersUpdate               0x080042cd   Thumb Code   104  stm32g4xx_hal_hrtim.o(i.HRTIM_ForceRegistersUpdate)
    i.HRTIM_MasterWaveform_Config            0x08004334   Section        0  stm32g4xx_hal_hrtim.o(i.HRTIM_MasterWaveform_Config)
    HRTIM_MasterWaveform_Config              0x08004335   Thumb Code   146  stm32g4xx_hal_hrtim.o(i.HRTIM_MasterWaveform_Config)
    i.HRTIM_OutputConfig                     0x080043c6   Section        0  stm32g4xx_hal_hrtim.o(i.HRTIM_OutputConfig)
    HRTIM_OutputConfig                       0x080043c7   Thumb Code   222  stm32g4xx_hal_hrtim.o(i.HRTIM_OutputConfig)
    i.HRTIM_TimingUnitWaveform_Config        0x080044a4   Section        0  stm32g4xx_hal_hrtim.o(i.HRTIM_TimingUnitWaveform_Config)
    HRTIM_TimingUnitWaveform_Config          0x080044a5   Thumb Code   406  stm32g4xx_hal_hrtim.o(i.HRTIM_TimingUnitWaveform_Config)
    i.HardFault_Handler                      0x08004640   Section        0  stm32g4xx_it.o(i.HardFault_Handler)
    i.LL_ADC_GetOffsetChannel                0x08004642   Section        0  stm32g4xx_hal_adc.o(i.LL_ADC_GetOffsetChannel)
    LL_ADC_GetOffsetChannel                  0x08004643   Thumb Code    12  stm32g4xx_hal_adc.o(i.LL_ADC_GetOffsetChannel)
    i.LL_ADC_INJ_IsConversionOngoing         0x0800464e   Section        0  stm32g4xx_hal_adc.o(i.LL_ADC_INJ_IsConversionOngoing)
    LL_ADC_INJ_IsConversionOngoing           0x0800464f   Thumb Code     8  stm32g4xx_hal_adc.o(i.LL_ADC_INJ_IsConversionOngoing)
    i.LL_ADC_REG_IsConversionOngoing         0x08004656   Section        0  stm32g4xx_hal_adc.o(i.LL_ADC_REG_IsConversionOngoing)
    LL_ADC_REG_IsConversionOngoing           0x08004657   Thumb Code     8  stm32g4xx_hal_adc.o(i.LL_ADC_REG_IsConversionOngoing)
    i.LL_ADC_REG_IsConversionOngoing         0x0800465e   Section        0  stm32g4xx_hal_adc_ex.o(i.LL_ADC_REG_IsConversionOngoing)
    LL_ADC_REG_IsConversionOngoing           0x0800465f   Thumb Code     8  stm32g4xx_hal_adc_ex.o(i.LL_ADC_REG_IsConversionOngoing)
    i.LL_ADC_SetChannelSamplingTime          0x08004666   Section        0  stm32g4xx_hal_adc.o(i.LL_ADC_SetChannelSamplingTime)
    LL_ADC_SetChannelSamplingTime            0x08004667   Thumb Code    30  stm32g4xx_hal_adc.o(i.LL_ADC_SetChannelSamplingTime)
    i.LL_ADC_SetOffsetState                  0x08004684   Section        0  stm32g4xx_hal_adc.o(i.LL_ADC_SetOffsetState)
    LL_ADC_SetOffsetState                    0x08004685   Thumb Code    16  stm32g4xx_hal_adc.o(i.LL_ADC_SetOffsetState)
    i.MX_ADC1_Init                           0x08004694   Section        0  adc.o(i.MX_ADC1_Init)
    i.MX_ADC2_Init                           0x08004724   Section        0  adc.o(i.MX_ADC2_Init)
    i.MX_ADC3_Init                           0x080047a0   Section        0  adc.o(i.MX_ADC3_Init)
    i.MX_ADC4_Init                           0x08004834   Section        0  adc.o(i.MX_ADC4_Init)
    i.MX_ADC5_Init                           0x080048b0   Section        0  adc.o(i.MX_ADC5_Init)
    i.MX_FDCAN3_Init                         0x0800492c   Section        0  fdcan.o(i.MX_FDCAN3_Init)
    i.MX_FMAC_Init                           0x08004978   Section        0  fmac.o(i.MX_FMAC_Init)
    i.MX_GPIO_Init                           0x0800499c   Section        0  gpio.o(i.MX_GPIO_Init)
    i.MX_HRTIM1_Init                         0x08004a7c   Section        0  hrtim.o(i.MX_HRTIM1_Init)
    i.MX_OPAMP1_Init                         0x08004c04   Section        0  opamp.o(i.MX_OPAMP1_Init)
    i.MX_OPAMP2_Init                         0x08004c3c   Section        0  opamp.o(i.MX_OPAMP2_Init)
    i.MX_OPAMP3_Init                         0x08004c74   Section        0  opamp.o(i.MX_OPAMP3_Init)
    i.MX_OPAMP4_Init                         0x08004cac   Section        0  opamp.o(i.MX_OPAMP4_Init)
    i.MX_OPAMP5_Init                         0x08004ce4   Section        0  opamp.o(i.MX_OPAMP5_Init)
    i.MX_OPAMP6_Init                         0x08004d18   Section        0  opamp.o(i.MX_OPAMP6_Init)
    i.MX_USART1_UART_Init                    0x08004d50   Section        0  usart.o(i.MX_USART1_UART_Init)
    i.MemManage_Handler                      0x08004db8   Section        0  stm32g4xx_it.o(i.MemManage_Handler)
    i.NMI_Handler                            0x08004dba   Section        0  stm32g4xx_it.o(i.NMI_Handler)
    i.PendSV_Handler                         0x08004dbc   Section        0  stm32g4xx_it.o(i.PendSV_Handler)
    i.SVC_Handler                            0x08004dbe   Section        0  stm32g4xx_it.o(i.SVC_Handler)
    i.SysTick_Handler                        0x08004dc0   Section        0  stm32g4xx_it.o(i.SysTick_Handler)
    i.SystemClock_Config                     0x08004dc4   Section        0  main.o(i.SystemClock_Config)
    i.SystemInit                             0x08004e2c   Section        0  system_stm32g4xx.o(i.SystemInit)
    i.UARTEx_SetNbDataToProcess              0x08004e3c   Section        0  stm32g4xx_hal_uart_ex.o(i.UARTEx_SetNbDataToProcess)
    UARTEx_SetNbDataToProcess                0x08004e3d   Thumb Code    62  stm32g4xx_hal_uart_ex.o(i.UARTEx_SetNbDataToProcess)
    i.UART_AdvFeatureConfig                  0x08004e80   Section        0  stm32g4xx_hal_uart.o(i.UART_AdvFeatureConfig)
    i.UART_CheckIdleState                    0x08005098   Section        0  stm32g4xx_hal_uart.o(i.UART_CheckIdleState)
    i.UART_EndRxTransfer                     0x08005144   Section        0  stm32g4xx_hal_uart.o(i.UART_EndRxTransfer)
    UART_EndRxTransfer                       0x08005145   Thumb Code    78  stm32g4xx_hal_uart.o(i.UART_EndRxTransfer)
    i.UART_SetConfig                         0x08005198   Section        0  stm32g4xx_hal_uart.o(i.UART_SetConfig)
    i.UART_WaitOnFlagUntilTimeout            0x08005590   Section        0  stm32g4xx_hal_uart.o(i.UART_WaitOnFlagUntilTimeout)
    i.UsageFault_Handler                     0x08005624   Section        0  stm32g4xx_it.o(i.UsageFault_Handler)
    i.__NVIC_SetPriority                     0x08005626   Section        0  stm32g4xx_hal_cortex.o(i.__NVIC_SetPriority)
    __NVIC_SetPriority                       0x08005627   Thumb Code    32  stm32g4xx_hal_cortex.o(i.__NVIC_SetPriority)
    i.assert_failed                          0x08005646   Section        0  main.o(i.assert_failed)
    i.main                                   0x08005648   Section        0  main.o(i.main)
    x$fpl$fpinit                             0x08005692   Section       10  fpinit.o(x$fpl$fpinit)
    $v0                                      0x08005692   Number         0  fpinit.o(x$fpl$fpinit)
    .constdata                               0x0800569c   Section       24  stm32g4xx_hal_uart.o(.constdata)
    .constdata                               0x080056b4   Section       16  stm32g4xx_hal_uart_ex.o(.constdata)
    numerator                                0x080056b4   Data           8  stm32g4xx_hal_uart_ex.o(.constdata)
    denominator                              0x080056bc   Data           8  stm32g4xx_hal_uart_ex.o(.constdata)
    .constdata                               0x080056c4   Section       16  system_stm32g4xx.o(.constdata)
    .constdata                               0x080056d4   Section        8  system_stm32g4xx.o(.constdata)
    .data                                    0x20000000   Section        8  adc.o(.data)
    HAL_RCC_ADC12_CLK_ENABLED                0x20000000   Data           4  adc.o(.data)
    HAL_RCC_ADC345_CLK_ENABLED               0x20000004   Data           4  adc.o(.data)
    .data                                    0x20000008   Section       12  stm32g4xx_hal.o(.data)
    .data                                    0x20000014   Section        4  system_stm32g4xx.o(.data)
    .bss                                     0x20000018   Section      540  adc.o(.bss)
    .bss                                     0x20000234   Section      100  fdcan.o(.bss)
    .bss                                     0x20000298   Section       56  fmac.o(.bss)
    .bss                                     0x200002d0   Section      252  hrtim.o(.bss)
    .bss                                     0x200003cc   Section      360  opamp.o(.bss)
    .bss                                     0x20000534   Section      148  usart.o(.bss)
    .bss                                     0x200005c8   Section       96  libspace.o(.bss)
    HEAP                                     0x20000628   Section      512  startup_stm32g474xx.o(HEAP)
    Heap_Mem                                 0x20000628   Data         512  startup_stm32g474xx.o(HEAP)
    STACK                                    0x20000828   Section     1024  startup_stm32g474xx.o(STACK)
    Stack_Mem                                0x20000828   Data        1024  startup_stm32g474xx.o(STACK)
    __initial_sp                             0x20000c28   Data           0  startup_stm32g474xx.o(STACK)

    Global Symbols

    Symbol Name                              Value     Ov Type        Size  Object(Section)

    BuildAttributes$$THM_ISAv4$E$P$D$K$B$S$7EM$VFPi3$EXTD16$VFPS$VFMA$PE$A:L22UL41UL21$X:L11$S22US41US21$IEEE1$IW$USESV6$~STKCKD$USESV7$~SHL$OSPACE$ROPI$EBA8$UX$STANDARDLIB$REQ8$PRES8$EABIv2 0x00000000   Number         0  anon$$obj.o ABSOLUTE
    __ARM_use_no_argv                        0x00000000   Number         0  main.o ABSOLUTE
    __ARM_exceptions_init                     - Undefined Weak Reference
    __alloca_initialize                       - Undefined Weak Reference
    __arm_preinit_                            - Undefined Weak Reference
    __cpp_initialize__aeabi_                  - Undefined Weak Reference
    __cxa_finalize                            - Undefined Weak Reference
    __rt_locale                               - Undefined Weak Reference
    __sigvec_lookup                           - Undefined Weak Reference
    _atexit_init                              - Undefined Weak Reference
    _call_atexit_fns                          - Undefined Weak Reference
    _clock_init                               - Undefined Weak Reference
    _fp_trap_init                             - Undefined Weak Reference
    _fp_trap_shutdown                         - Undefined Weak Reference
    _get_lc_collate                           - Undefined Weak Reference
    _get_lc_ctype                             - Undefined Weak Reference
    _get_lc_monetary                          - Undefined Weak Reference
    _get_lc_numeric                           - Undefined Weak Reference
    _get_lc_time                              - Undefined Weak Reference
    _getenv_init                              - Undefined Weak Reference
    _handle_redirection                       - Undefined Weak Reference
    _init_alloc                               - Undefined Weak Reference
    _init_user_alloc                          - Undefined Weak Reference
    _initio                                   - Undefined Weak Reference
    _rand_init                                - Undefined Weak Reference
    _signal_finish                            - Undefined Weak Reference
    _signal_init                              - Undefined Weak Reference
    _terminate_alloc                          - Undefined Weak Reference
    _terminate_user_alloc                     - Undefined Weak Reference
    _terminateio                              - Undefined Weak Reference
    __Vectors_Size                           0x000001d8   Number         0  startup_stm32g474xx.o ABSOLUTE
    __Vectors                                0x08000000   Data           4  startup_stm32g474xx.o(RESET)
    __Vectors_End                            0x080001d8   Data           0  startup_stm32g474xx.o(RESET)
    __main                                   0x080001d9   Thumb Code     8  __main.o(!!!main)
    __scatterload                            0x080001e1   Thumb Code     0  __scatter.o(!!!scatter)
    __scatterload_rt2                        0x080001e1   Thumb Code    44  __scatter.o(!!!scatter)
    __scatterload_rt2_thumb_only             0x080001e1   Thumb Code     0  __scatter.o(!!!scatter)
    __scatterload_null                       0x080001ef   Thumb Code     0  __scatter.o(!!!scatter)
    __scatterload_copy                       0x08000215   Thumb Code    26  __scatter_copy.o(!!handler_copy)
    __scatterload_zeroinit                   0x08000231   Thumb Code    28  __scatter_zi.o(!!handler_zi)
    __rt_lib_init                            0x0800024d   Thumb Code     0  libinit.o(.ARM.Collect$$libinit$$00000000)
    __rt_lib_init_fp_1                       0x0800024f   Thumb Code     0  libinit2.o(.ARM.Collect$$libinit$$00000001)
    __rt_lib_init_alloca_1                   0x08000253   Thumb Code     0  libinit2.o(.ARM.Collect$$libinit$$0000002E)
    __rt_lib_init_argv_1                     0x08000253   Thumb Code     0  libinit2.o(.ARM.Collect$$libinit$$0000002C)
    __rt_lib_init_atexit_1                   0x08000253   Thumb Code     0  libinit2.o(.ARM.Collect$$libinit$$0000001B)
    __rt_lib_init_clock_1                    0x08000253   Thumb Code     0  libinit2.o(.ARM.Collect$$libinit$$00000021)
    __rt_lib_init_cpp_1                      0x08000253   Thumb Code     0  libinit2.o(.ARM.Collect$$libinit$$00000032)
    __rt_lib_init_exceptions_1               0x08000253   Thumb Code     0  libinit2.o(.ARM.Collect$$libinit$$00000030)
    __rt_lib_init_fp_trap_1                  0x08000253   Thumb Code     0  libinit2.o(.ARM.Collect$$libinit$$0000001F)
    __rt_lib_init_getenv_1                   0x08000253   Thumb Code     0  libinit2.o(.ARM.Collect$$libinit$$00000023)
    __rt_lib_init_heap_1                     0x08000253   Thumb Code     0  libinit2.o(.ARM.Collect$$libinit$$0000000A)
    __rt_lib_init_lc_collate_1               0x08000253   Thumb Code     0  libinit2.o(.ARM.Collect$$libinit$$00000011)
    __rt_lib_init_lc_ctype_1                 0x08000253   Thumb Code     0  libinit2.o(.ARM.Collect$$libinit$$00000013)
    __rt_lib_init_lc_monetary_1              0x08000253   Thumb Code     0  libinit2.o(.ARM.Collect$$libinit$$00000015)
    __rt_lib_init_lc_numeric_1               0x08000253   Thumb Code     0  libinit2.o(.ARM.Collect$$libinit$$00000017)
    __rt_lib_init_lc_time_1                  0x08000253   Thumb Code     0  libinit2.o(.ARM.Collect$$libinit$$00000019)
    __rt_lib_init_preinit_1                  0x08000253   Thumb Code     0  libinit2.o(.ARM.Collect$$libinit$$00000004)
    __rt_lib_init_rand_1                     0x08000253   Thumb Code     0  libinit2.o(.ARM.Collect$$libinit$$0000000E)
    __rt_lib_init_return                     0x08000253   Thumb Code     0  libinit2.o(.ARM.Collect$$libinit$$00000033)
    __rt_lib_init_signal_1                   0x08000253   Thumb Code     0  libinit2.o(.ARM.Collect$$libinit$$0000001D)
    __rt_lib_init_stdio_1                    0x08000253   Thumb Code     0  libinit2.o(.ARM.Collect$$libinit$$00000025)
    __rt_lib_init_user_alloc_1               0x08000253   Thumb Code     0  libinit2.o(.ARM.Collect$$libinit$$0000000C)
    __rt_lib_shutdown                        0x08000255   Thumb Code     0  libshutdown.o(.ARM.Collect$$libshutdown$$00000000)
    __rt_lib_shutdown_cpp_1                  0x08000257   Thumb Code     0  libshutdown2.o(.ARM.Collect$$libshutdown$$00000002)
    __rt_lib_shutdown_fp_trap_1              0x08000257   Thumb Code     0  libshutdown2.o(.ARM.Collect$$libshutdown$$00000007)
    __rt_lib_shutdown_heap_1                 0x08000257   Thumb Code     0  libshutdown2.o(.ARM.Collect$$libshutdown$$0000000F)
    __rt_lib_shutdown_return                 0x08000257   Thumb Code     0  libshutdown2.o(.ARM.Collect$$libshutdown$$00000010)
    __rt_lib_shutdown_signal_1               0x08000257   Thumb Code     0  libshutdown2.o(.ARM.Collect$$libshutdown$$0000000A)
    __rt_lib_shutdown_stdio_1                0x08000257   Thumb Code     0  libshutdown2.o(.ARM.Collect$$libshutdown$$00000004)
    __rt_lib_shutdown_user_alloc_1           0x08000257   Thumb Code     0  libshutdown2.o(.ARM.Collect$$libshutdown$$0000000C)
    __rt_entry                               0x08000259   Thumb Code     0  __rtentry.o(.ARM.Collect$$rtentry$$00000000)
    __rt_entry_presh_1                       0x08000259   Thumb Code     0  __rtentry2.o(.ARM.Collect$$rtentry$$00000002)
    __rt_entry_sh                            0x08000259   Thumb Code     0  __rtentry4.o(.ARM.Collect$$rtentry$$00000004)
    __rt_entry_li                            0x0800025f   Thumb Code     0  __rtentry2.o(.ARM.Collect$$rtentry$$0000000A)
    __rt_entry_postsh_1                      0x0800025f   Thumb Code     0  __rtentry2.o(.ARM.Collect$$rtentry$$00000009)
    __rt_entry_main                          0x08000263   Thumb Code     0  __rtentry2.o(.ARM.Collect$$rtentry$$0000000D)
    __rt_entry_postli_1                      0x08000263   Thumb Code     0  __rtentry2.o(.ARM.Collect$$rtentry$$0000000C)
    __rt_exit                                0x0800026b   Thumb Code     0  rtexit.o(.ARM.Collect$$rtexit$$00000000)
    __rt_exit_ls                             0x0800026d   Thumb Code     0  rtexit2.o(.ARM.Collect$$rtexit$$00000003)
    __rt_exit_prels_1                        0x0800026d   Thumb Code     0  rtexit2.o(.ARM.Collect$$rtexit$$00000002)
    __rt_exit_exit                           0x08000271   Thumb Code     0  rtexit2.o(.ARM.Collect$$rtexit$$00000004)
    Reset_Handler                            0x08000279   Thumb Code     8  startup_stm32g474xx.o(.text)
    ADC1_2_IRQHandler                        0x08000293   Thumb Code     0  startup_stm32g474xx.o(.text)
    ADC3_IRQHandler                          0x08000293   Thumb Code     0  startup_stm32g474xx.o(.text)
    ADC4_IRQHandler                          0x08000293   Thumb Code     0  startup_stm32g474xx.o(.text)
    ADC5_IRQHandler                          0x08000293   Thumb Code     0  startup_stm32g474xx.o(.text)
    COMP1_2_3_IRQHandler                     0x08000293   Thumb Code     0  startup_stm32g474xx.o(.text)
    COMP4_5_6_IRQHandler                     0x08000293   Thumb Code     0  startup_stm32g474xx.o(.text)
    COMP7_IRQHandler                         0x08000293   Thumb Code     0  startup_stm32g474xx.o(.text)
    CORDIC_IRQHandler                        0x08000293   Thumb Code     0  startup_stm32g474xx.o(.text)
    CRS_IRQHandler                           0x08000293   Thumb Code     0  startup_stm32g474xx.o(.text)
    DMA1_Channel1_IRQHandler                 0x08000293   Thumb Code     0  startup_stm32g474xx.o(.text)
    DMA1_Channel2_IRQHandler                 0x08000293   Thumb Code     0  startup_stm32g474xx.o(.text)
    DMA1_Channel3_IRQHandler                 0x08000293   Thumb Code     0  startup_stm32g474xx.o(.text)
    DMA1_Channel4_IRQHandler                 0x08000293   Thumb Code     0  startup_stm32g474xx.o(.text)
    DMA1_Channel5_IRQHandler                 0x08000293   Thumb Code     0  startup_stm32g474xx.o(.text)
    DMA1_Channel6_IRQHandler                 0x08000293   Thumb Code     0  startup_stm32g474xx.o(.text)
    DMA1_Channel7_IRQHandler                 0x08000293   Thumb Code     0  startup_stm32g474xx.o(.text)
    DMA1_Channel8_IRQHandler                 0x08000293   Thumb Code     0  startup_stm32g474xx.o(.text)
    DMA2_Channel1_IRQHandler                 0x08000293   Thumb Code     0  startup_stm32g474xx.o(.text)
    DMA2_Channel2_IRQHandler                 0x08000293   Thumb Code     0  startup_stm32g474xx.o(.text)
    DMA2_Channel3_IRQHandler                 0x08000293   Thumb Code     0  startup_stm32g474xx.o(.text)
    DMA2_Channel4_IRQHandler                 0x08000293   Thumb Code     0  startup_stm32g474xx.o(.text)
    DMA2_Channel5_IRQHandler                 0x08000293   Thumb Code     0  startup_stm32g474xx.o(.text)
    DMA2_Channel6_IRQHandler                 0x08000293   Thumb Code     0  startup_stm32g474xx.o(.text)
    DMA2_Channel7_IRQHandler                 0x08000293   Thumb Code     0  startup_stm32g474xx.o(.text)
    DMA2_Channel8_IRQHandler                 0x08000293   Thumb Code     0  startup_stm32g474xx.o(.text)
    DMAMUX_OVR_IRQHandler                    0x08000293   Thumb Code     0  startup_stm32g474xx.o(.text)
    EXTI0_IRQHandler                         0x08000293   Thumb Code     0  startup_stm32g474xx.o(.text)
    EXTI15_10_IRQHandler                     0x08000293   Thumb Code     0  startup_stm32g474xx.o(.text)
    EXTI1_IRQHandler                         0x08000293   Thumb Code     0  startup_stm32g474xx.o(.text)
    EXTI2_IRQHandler                         0x08000293   Thumb Code     0  startup_stm32g474xx.o(.text)
    EXTI3_IRQHandler                         0x08000293   Thumb Code     0  startup_stm32g474xx.o(.text)
    EXTI4_IRQHandler                         0x08000293   Thumb Code     0  startup_stm32g474xx.o(.text)
    EXTI9_5_IRQHandler                       0x08000293   Thumb Code     0  startup_stm32g474xx.o(.text)
    FDCAN1_IT0_IRQHandler                    0x08000293   Thumb Code     0  startup_stm32g474xx.o(.text)
    FDCAN1_IT1_IRQHandler                    0x08000293   Thumb Code     0  startup_stm32g474xx.o(.text)
    FDCAN2_IT0_IRQHandler                    0x08000293   Thumb Code     0  startup_stm32g474xx.o(.text)
    FDCAN2_IT1_IRQHandler                    0x08000293   Thumb Code     0  startup_stm32g474xx.o(.text)
    FDCAN3_IT0_IRQHandler                    0x08000293   Thumb Code     0  startup_stm32g474xx.o(.text)
    FDCAN3_IT1_IRQHandler                    0x08000293   Thumb Code     0  startup_stm32g474xx.o(.text)
    FLASH_IRQHandler                         0x08000293   Thumb Code     0  startup_stm32g474xx.o(.text)
    FMAC_IRQHandler                          0x08000293   Thumb Code     0  startup_stm32g474xx.o(.text)
    FMC_IRQHandler                           0x08000293   Thumb Code     0  startup_stm32g474xx.o(.text)
    FPU_IRQHandler                           0x08000293   Thumb Code     0  startup_stm32g474xx.o(.text)
    HRTIM1_FLT_IRQHandler                    0x08000293   Thumb Code     0  startup_stm32g474xx.o(.text)
    HRTIM1_Master_IRQHandler                 0x08000293   Thumb Code     0  startup_stm32g474xx.o(.text)
    HRTIM1_TIMA_IRQHandler                   0x08000293   Thumb Code     0  startup_stm32g474xx.o(.text)
    HRTIM1_TIMB_IRQHandler                   0x08000293   Thumb Code     0  startup_stm32g474xx.o(.text)
    HRTIM1_TIMC_IRQHandler                   0x08000293   Thumb Code     0  startup_stm32g474xx.o(.text)
    HRTIM1_TIMD_IRQHandler                   0x08000293   Thumb Code     0  startup_stm32g474xx.o(.text)
    HRTIM1_TIME_IRQHandler                   0x08000293   Thumb Code     0  startup_stm32g474xx.o(.text)
    HRTIM1_TIMF_IRQHandler                   0x08000293   Thumb Code     0  startup_stm32g474xx.o(.text)
    I2C1_ER_IRQHandler                       0x08000293   Thumb Code     0  startup_stm32g474xx.o(.text)
    I2C1_EV_IRQHandler                       0x08000293   Thumb Code     0  startup_stm32g474xx.o(.text)
    I2C2_ER_IRQHandler                       0x08000293   Thumb Code     0  startup_stm32g474xx.o(.text)
    I2C2_EV_IRQHandler                       0x08000293   Thumb Code     0  startup_stm32g474xx.o(.text)
    I2C3_ER_IRQHandler                       0x08000293   Thumb Code     0  startup_stm32g474xx.o(.text)
    I2C3_EV_IRQHandler                       0x08000293   Thumb Code     0  startup_stm32g474xx.o(.text)
    I2C4_ER_IRQHandler                       0x08000293   Thumb Code     0  startup_stm32g474xx.o(.text)
    I2C4_EV_IRQHandler                       0x08000293   Thumb Code     0  startup_stm32g474xx.o(.text)
    LPTIM1_IRQHandler                        0x08000293   Thumb Code     0  startup_stm32g474xx.o(.text)
    LPUART1_IRQHandler                       0x08000293   Thumb Code     0  startup_stm32g474xx.o(.text)
    PVD_PVM_IRQHandler                       0x08000293   Thumb Code     0  startup_stm32g474xx.o(.text)
    QUADSPI_IRQHandler                       0x08000293   Thumb Code     0  startup_stm32g474xx.o(.text)
    RCC_IRQHandler                           0x08000293   Thumb Code     0  startup_stm32g474xx.o(.text)
    RNG_IRQHandler                           0x08000293   Thumb Code     0  startup_stm32g474xx.o(.text)
    RTC_Alarm_IRQHandler                     0x08000293   Thumb Code     0  startup_stm32g474xx.o(.text)
    RTC_TAMP_LSECSS_IRQHandler               0x08000293   Thumb Code     0  startup_stm32g474xx.o(.text)
    RTC_WKUP_IRQHandler                      0x08000293   Thumb Code     0  startup_stm32g474xx.o(.text)
    SAI1_IRQHandler                          0x08000293   Thumb Code     0  startup_stm32g474xx.o(.text)
    SPI1_IRQHandler                          0x08000293   Thumb Code     0  startup_stm32g474xx.o(.text)
    SPI2_IRQHandler                          0x08000293   Thumb Code     0  startup_stm32g474xx.o(.text)
    SPI3_IRQHandler                          0x08000293   Thumb Code     0  startup_stm32g474xx.o(.text)
    SPI4_IRQHandler                          0x08000293   Thumb Code     0  startup_stm32g474xx.o(.text)
    TIM1_BRK_TIM15_IRQHandler                0x08000293   Thumb Code     0  startup_stm32g474xx.o(.text)
    TIM1_CC_IRQHandler                       0x08000293   Thumb Code     0  startup_stm32g474xx.o(.text)
    TIM1_TRG_COM_TIM17_IRQHandler            0x08000293   Thumb Code     0  startup_stm32g474xx.o(.text)
    TIM1_UP_TIM16_IRQHandler                 0x08000293   Thumb Code     0  startup_stm32g474xx.o(.text)
    TIM20_BRK_IRQHandler                     0x08000293   Thumb Code     0  startup_stm32g474xx.o(.text)
    TIM20_CC_IRQHandler                      0x08000293   Thumb Code     0  startup_stm32g474xx.o(.text)
    TIM20_TRG_COM_IRQHandler                 0x08000293   Thumb Code     0  startup_stm32g474xx.o(.text)
    TIM20_UP_IRQHandler                      0x08000293   Thumb Code     0  startup_stm32g474xx.o(.text)
    TIM2_IRQHandler                          0x08000293   Thumb Code     0  startup_stm32g474xx.o(.text)
    TIM3_IRQHandler                          0x08000293   Thumb Code     0  startup_stm32g474xx.o(.text)
    TIM4_IRQHandler                          0x08000293   Thumb Code     0  startup_stm32g474xx.o(.text)
    TIM5_IRQHandler                          0x08000293   Thumb Code     0  startup_stm32g474xx.o(.text)
    TIM6_DAC_IRQHandler                      0x08000293   Thumb Code     0  startup_stm32g474xx.o(.text)
    TIM7_DAC_IRQHandler                      0x08000293   Thumb Code     0  startup_stm32g474xx.o(.text)
    TIM8_BRK_IRQHandler                      0x08000293   Thumb Code     0  startup_stm32g474xx.o(.text)
    TIM8_CC_IRQHandler                       0x08000293   Thumb Code     0  startup_stm32g474xx.o(.text)
    TIM8_TRG_COM_IRQHandler                  0x08000293   Thumb Code     0  startup_stm32g474xx.o(.text)
    TIM8_UP_IRQHandler                       0x08000293   Thumb Code     0  startup_stm32g474xx.o(.text)
    UART4_IRQHandler                         0x08000293   Thumb Code     0  startup_stm32g474xx.o(.text)
    UART5_IRQHandler                         0x08000293   Thumb Code     0  startup_stm32g474xx.o(.text)
    UCPD1_IRQHandler                         0x08000293   Thumb Code     0  startup_stm32g474xx.o(.text)
    USART1_IRQHandler                        0x08000293   Thumb Code     0  startup_stm32g474xx.o(.text)
    USART2_IRQHandler                        0x08000293   Thumb Code     0  startup_stm32g474xx.o(.text)
    USART3_IRQHandler                        0x08000293   Thumb Code     0  startup_stm32g474xx.o(.text)
    USBWakeUp_IRQHandler                     0x08000293   Thumb Code     0  startup_stm32g474xx.o(.text)
    USB_HP_IRQHandler                        0x08000293   Thumb Code     0  startup_stm32g474xx.o(.text)
    USB_LP_IRQHandler                        0x08000293   Thumb Code     0  startup_stm32g474xx.o(.text)
    WWDG_IRQHandler                          0x08000293   Thumb Code     0  startup_stm32g474xx.o(.text)
    __user_initial_stackheap                 0x08000295   Thumb Code     0  startup_stm32g474xx.o(.text)
    __aeabi_uldivmod                         0x080002b9   Thumb Code     0  lludivv7m.o(.text)
    _ll_udiv                                 0x080002b9   Thumb Code   238  lludivv7m.o(.text)
    __aeabi_memclr4                          0x080003a7   Thumb Code     0  rt_memclr_w.o(.text)
    __aeabi_memclr8                          0x080003a7   Thumb Code     0  rt_memclr_w.o(.text)
    __rt_memclr_w                            0x080003a7   Thumb Code    78  rt_memclr_w.o(.text)
    _memset_w                                0x080003ab   Thumb Code     0  rt_memclr_w.o(.text)
    __use_two_region_memory                  0x080003f5   Thumb Code     2  heapauxi.o(.text)
    __rt_heap_escrow$2region                 0x080003f7   Thumb Code     2  heapauxi.o(.text)
    __rt_heap_expand$2region                 0x080003f9   Thumb Code     2  heapauxi.o(.text)
    __user_setup_stackheap                   0x080003fb   Thumb Code    74  sys_stackheap_outer.o(.text)
    exit                                     0x08000445   Thumb Code    18  exit.o(.text)
    __user_libspace                          0x08000459   Thumb Code     8  libspace.o(.text)
    __user_perproc_libspace                  0x08000459   Thumb Code     0  libspace.o(.text)
    __user_perthread_libspace                0x08000459   Thumb Code     0  libspace.o(.text)
    _sys_exit                                0x08000461   Thumb Code     8  sys_exit.o(.text)
    __I$use$semihosting                      0x0800046d   Thumb Code     0  use_no_semi.o(.text)
    __use_no_semihosting_swi                 0x0800046d   Thumb Code     2  use_no_semi.o(.text)
    BusFault_Handler                         0x0800046f   Thumb Code     2  stm32g4xx_it.o(i.BusFault_Handler)
    __semihosting_library_function           0x0800046f   Thumb Code     0  indicate_semi.o(.text)
    DebugMon_Handler                         0x08000471   Thumb Code     2  stm32g4xx_it.o(i.DebugMon_Handler)
    Error_Handler                            0x08000473   Thumb Code     4  main.o(i.Error_Handler)
    HAL_ADCEx_MultiModeConfigChannel         0x080004ed   Thumb Code   502  stm32g4xx_hal_adc_ex.o(i.HAL_ADCEx_MultiModeConfigChannel)
    HAL_ADC_ConfigChannel                    0x08000739   Thumb Code  2146  stm32g4xx_hal_adc.o(i.HAL_ADC_ConfigChannel)
    HAL_ADC_Init                             0x08000fc9   Thumb Code  1524  stm32g4xx_hal_adc.o(i.HAL_ADC_Init)
    HAL_ADC_MspInit                          0x080015c9   Thumb Code   148  adc.o(i.HAL_ADC_MspInit)
    HAL_FDCAN_Init                           0x08001675   Thumb Code   938  stm32g4xx_hal_fdcan.o(i.HAL_FDCAN_Init)
    HAL_FDCAN_MspInit                        0x08001a75   Thumb Code   114  fdcan.o(i.HAL_FDCAN_MspInit)
    HAL_FMAC_Init                            0x08001af5   Thumb Code   100  stm32g4xx_hal_fmac.o(i.HAL_FMAC_Init)
    HAL_FMAC_MspInit                         0x08001b99   Thumb Code    30  fmac.o(i.HAL_FMAC_MspInit)
    HAL_GPIO_Init                            0x08001bc1   Thumb Code   606  stm32g4xx_hal_gpio.o(i.HAL_GPIO_Init)
    HAL_GPIO_WritePin                        0x08001e81   Thumb Code    44  stm32g4xx_hal_gpio.o(i.HAL_GPIO_WritePin)
    HAL_GetTick                              0x08001ee9   Thumb Code     6  stm32g4xx_hal.o(i.HAL_GetTick)
    HAL_HRTIM_DLLCalibrationStart            0x08001ef5   Thumb Code   120  stm32g4xx_hal_hrtim.o(i.HAL_HRTIM_DLLCalibrationStart)
    HAL_HRTIM_Init                           0x08001fa9   Thumb Code   304  stm32g4xx_hal_hrtim.o(i.HAL_HRTIM_Init)
    HAL_HRTIM_MspInit                        0x08002121   Thumb Code    30  hrtim.o(i.HAL_HRTIM_MspInit)
    HAL_HRTIM_MspPostInit                    0x08002149   Thumb Code    76  hrtim.o(i.HAL_HRTIM_MspPostInit)
    HAL_HRTIM_PollForDLLCalibration          0x0800219d   Thumb Code    66  stm32g4xx_hal_hrtim.o(i.HAL_HRTIM_PollForDLLCalibration)
    HAL_HRTIM_TimeBaseConfig                 0x080021e1   Thumb Code   224  stm32g4xx_hal_hrtim.o(i.HAL_HRTIM_TimeBaseConfig)
    HAL_HRTIM_WaveformOutputConfig           0x080022fd   Thumb Code   288  stm32g4xx_hal_hrtim.o(i.HAL_HRTIM_WaveformOutputConfig)
    HAL_HRTIM_WaveformTimerConfig            0x08002459   Thumb Code   742  stm32g4xx_hal_hrtim.o(i.HAL_HRTIM_WaveformTimerConfig)
    HAL_HRTIM_WaveformTimerControl           0x08002785   Thumb Code   306  stm32g4xx_hal_hrtim.o(i.HAL_HRTIM_WaveformTimerControl)
    HAL_IncTick                              0x080028f5   Thumb Code    12  stm32g4xx_hal.o(i.HAL_IncTick)
    HAL_Init                                 0x08002905   Thumb Code    30  stm32g4xx_hal.o(i.HAL_Init)
    HAL_InitTick                             0x08002925   Thumb Code    58  stm32g4xx_hal.o(i.HAL_InitTick)
    HAL_MspInit                              0x08002969   Thumb Code    42  stm32g4xx_hal_msp.o(i.HAL_MspInit)
    HAL_NVIC_SetPriority                     0x08002999   Thumb Code    94  stm32g4xx_hal_cortex.o(i.HAL_NVIC_SetPriority)
    HAL_NVIC_SetPriorityGrouping             0x08002a39   Thumb Code    58  stm32g4xx_hal_cortex.o(i.HAL_NVIC_SetPriorityGrouping)
    HAL_OPAMP_Init                           0x08002ab9   Thumb Code   594  stm32g4xx_hal_opamp.o(i.HAL_OPAMP_Init)
    HAL_OPAMP_MspInit                        0x08002d55   Thumb Code   220  opamp.o(i.HAL_OPAMP_MspInit)
    HAL_PWREx_ControlVoltageScaling          0x08002e3d   Thumb Code   194  stm32g4xx_hal_pwr_ex.o(i.HAL_PWREx_ControlVoltageScaling)
    HAL_PWREx_DisableUCPDDeadBattery         0x08002f49   Thumb Code    12  stm32g4xx_hal_pwr_ex.o(i.HAL_PWREx_DisableUCPDDeadBattery)
    HAL_RCCEx_PeriphCLKConfig                0x08002f59   Thumb Code  1452  stm32g4xx_hal_rcc_ex.o(i.HAL_RCCEx_PeriphCLKConfig)
    HAL_RCC_ClockConfig                      0x08003505   Thumb Code   684  stm32g4xx_hal_rcc.o(i.HAL_RCC_ClockConfig)
    HAL_RCC_GetPCLK1Freq                     0x08003809   Thumb Code    24  stm32g4xx_hal_rcc.o(i.HAL_RCC_GetPCLK1Freq)
    HAL_RCC_GetPCLK2Freq                     0x0800382d   Thumb Code    24  stm32g4xx_hal_rcc.o(i.HAL_RCC_GetPCLK2Freq)
    HAL_RCC_GetSysClockFreq                  0x08003851   Thumb Code    98  stm32g4xx_hal_rcc.o(i.HAL_RCC_GetSysClockFreq)
    HAL_RCC_OscConfig                        0x080038c1   Thumb Code  1418  stm32g4xx_hal_rcc.o(i.HAL_RCC_OscConfig)
    HAL_SYSTICK_Config                       0x08003e55   Thumb Code    40  stm32g4xx_hal_cortex.o(i.HAL_SYSTICK_Config)
    HAL_UARTEx_DisableFifoMode               0x08003e7d   Thumb Code   114  stm32g4xx_hal_uart_ex.o(i.HAL_UARTEx_DisableFifoMode)
    HAL_UARTEx_SetRxFifoThreshold            0x08003f45   Thumb Code   168  stm32g4xx_hal_uart_ex.o(i.HAL_UARTEx_SetRxFifoThreshold)
    HAL_UARTEx_SetTxFifoThreshold            0x08004041   Thumb Code   168  stm32g4xx_hal_uart_ex.o(i.HAL_UARTEx_SetTxFifoThreshold)
    HAL_UART_Init                            0x0800413d   Thumb Code   192  stm32g4xx_hal_uart.o(i.HAL_UART_Init)
    HAL_UART_MspInit                         0x08004251   Thumb Code   112  usart.o(i.HAL_UART_MspInit)
    HardFault_Handler                        0x08004641   Thumb Code     2  stm32g4xx_it.o(i.HardFault_Handler)
    MX_ADC1_Init                             0x08004695   Thumb Code   136  adc.o(i.MX_ADC1_Init)
    MX_ADC2_Init                             0x08004725   Thumb Code   112  adc.o(i.MX_ADC2_Init)
    MX_ADC3_Init                             0x080047a1   Thumb Code   134  adc.o(i.MX_ADC3_Init)
    MX_ADC4_Init                             0x08004835   Thumb Code   112  adc.o(i.MX_ADC4_Init)
    MX_ADC5_Init                             0x080048b1   Thumb Code   110  adc.o(i.MX_ADC5_Init)
    MX_FDCAN3_Init                           0x0800492d   Thumb Code    68  fdcan.o(i.MX_FDCAN3_Init)
    MX_FMAC_Init                             0x08004979   Thumb Code    28  fmac.o(i.MX_FMAC_Init)
    MX_GPIO_Init                             0x0800499d   Thumb Code   208  gpio.o(i.MX_GPIO_Init)
    MX_HRTIM1_Init                           0x08004a7d   Thumb Code   382  hrtim.o(i.MX_HRTIM1_Init)
    MX_OPAMP1_Init                           0x08004c05   Thumb Code    46  opamp.o(i.MX_OPAMP1_Init)
    MX_OPAMP2_Init                           0x08004c3d   Thumb Code    46  opamp.o(i.MX_OPAMP2_Init)
    MX_OPAMP3_Init                           0x08004c75   Thumb Code    46  opamp.o(i.MX_OPAMP3_Init)
    MX_OPAMP4_Init                           0x08004cad   Thumb Code    46  opamp.o(i.MX_OPAMP4_Init)
    MX_OPAMP5_Init                           0x08004ce5   Thumb Code    44  opamp.o(i.MX_OPAMP5_Init)
    MX_OPAMP6_Init                           0x08004d19   Thumb Code    46  opamp.o(i.MX_OPAMP6_Init)
    MX_USART1_UART_Init                      0x08004d51   Thumb Code    94  usart.o(i.MX_USART1_UART_Init)
    MemManage_Handler                        0x08004db9   Thumb Code     2  stm32g4xx_it.o(i.MemManage_Handler)
    NMI_Handler                              0x08004dbb   Thumb Code     2  stm32g4xx_it.o(i.NMI_Handler)
    PendSV_Handler                           0x08004dbd   Thumb Code     2  stm32g4xx_it.o(i.PendSV_Handler)
    SVC_Handler                              0x08004dbf   Thumb Code     2  stm32g4xx_it.o(i.SVC_Handler)
    SysTick_Handler                          0x08004dc1   Thumb Code     4  stm32g4xx_it.o(i.SysTick_Handler)
    SystemClock_Config                       0x08004dc5   Thumb Code   102  main.o(i.SystemClock_Config)
    SystemInit                               0x08004e2d   Thumb Code    12  system_stm32g4xx.o(i.SystemInit)
    UART_AdvFeatureConfig                    0x08004e81   Thumb Code   454  stm32g4xx_hal_uart.o(i.UART_AdvFeatureConfig)
    UART_CheckIdleState                      0x08005099   Thumb Code   172  stm32g4xx_hal_uart.o(i.UART_CheckIdleState)
    UART_SetConfig                           0x08005199   Thumb Code   902  stm32g4xx_hal_uart.o(i.UART_SetConfig)
    UART_WaitOnFlagUntilTimeout              0x08005591   Thumb Code   148  stm32g4xx_hal_uart.o(i.UART_WaitOnFlagUntilTimeout)
    UsageFault_Handler                       0x08005625   Thumb Code     2  stm32g4xx_it.o(i.UsageFault_Handler)
    assert_failed                            0x08005647   Thumb Code     2  main.o(i.assert_failed)
    main                                     0x08005649   Thumb Code    74  main.o(i.main)
    _fp_init                                 0x08005693   Thumb Code    10  fpinit.o(x$fpl$fpinit)
    __fplib_config_fpu_vfp                   0x0800569b   Thumb Code     0  fpinit.o(x$fpl$fpinit)
    __fplib_config_pureend_doubles           0x0800569b   Thumb Code     0  fpinit.o(x$fpl$fpinit)
    UARTPrescTable                           0x0800569c   Data          24  stm32g4xx_hal_uart.o(.constdata)
    AHBPrescTable                            0x080056c4   Data          16  system_stm32g4xx.o(.constdata)
    APBPrescTable                            0x080056d4   Data           8  system_stm32g4xx.o(.constdata)
    Region$$Table$$Base                      0x080056dc   Number         0  anon$$obj.o(Region$$Table)
    Region$$Table$$Limit                     0x080056fc   Number         0  anon$$obj.o(Region$$Table)
    uwTickPrio                               0x20000008   Data           4  stm32g4xx_hal.o(.data)
    uwTickFreq                               0x2000000c   Data           4  stm32g4xx_hal.o(.data)
    uwTick                                   0x20000010   Data           4  stm32g4xx_hal.o(.data)
    SystemCoreClock                          0x20000014   Data           4  system_stm32g4xx.o(.data)
    hadc1                                    0x20000018   Data         108  adc.o(.bss)
    hadc2                                    0x20000084   Data         108  adc.o(.bss)
    hadc3                                    0x200000f0   Data         108  adc.o(.bss)
    hadc4                                    0x2000015c   Data         108  adc.o(.bss)
    hadc5                                    0x200001c8   Data         108  adc.o(.bss)
    hfdcan3                                  0x20000234   Data         100  fdcan.o(.bss)
    hfmac                                    0x20000298   Data          56  fmac.o(.bss)
    hhrtim1                                  0x200002d0   Data         252  hrtim.o(.bss)
    hopamp1                                  0x200003cc   Data          60  opamp.o(.bss)
    hopamp2                                  0x20000408   Data          60  opamp.o(.bss)
    hopamp3                                  0x20000444   Data          60  opamp.o(.bss)
    hopamp4                                  0x20000480   Data          60  opamp.o(.bss)
    hopamp5                                  0x200004bc   Data          60  opamp.o(.bss)
    hopamp6                                  0x200004f8   Data          60  opamp.o(.bss)
    huart1                                   0x20000534   Data         148  usart.o(.bss)
    __libspace_start                         0x200005c8   Data          96  libspace.o(.bss)
    __temporary_stack_top$libspace           0x20000628   Data           0  libspace.o(.bss)



==============================================================================

Memory Map of the image

  Image Entry point : 0x080001d9

  Load Region LR_IROM1 (Base: 0x08000000, Size: 0x00005714, Max: 0x00080000, ABSOLUTE)

    Execution Region ER_IROM1 (Exec base: 0x08000000, Load base: 0x08000000, Size: 0x000056fc, Max: 0x00080000, ABSOLUTE)

    Exec Addr    Load Addr    Size         Type   Attr      Idx    E Section Name        Object

    0x08000000   0x08000000   0x000001d8   Data   RO            3    RESET               startup_stm32g474xx.o
    0x080001d8   0x080001d8   0x00000008   Code   RO         4820  * !!!main             c_w.l(__main.o)
    0x080001e0   0x080001e0   0x00000034   Code   RO         4987    !!!scatter          c_w.l(__scatter.o)
    0x08000214   0x08000214   0x0000001a   Code   RO         4989    !!handler_copy      c_w.l(__scatter_copy.o)
    0x0800022e   0x0800022e   0x00000002   PAD
    0x08000230   0x08000230   0x0000001c   Code   RO         4991    !!handler_zi        c_w.l(__scatter_zi.o)
    0x0800024c   0x0800024c   0x00000002   Code   RO         4857    .ARM.Collect$$libinit$$00000000  c_w.l(libinit.o)
    0x0800024e   0x0800024e   0x00000004   Code   RO         4869    .ARM.Collect$$libinit$$00000001  c_w.l(libinit2.o)
    0x08000252   0x08000252   0x00000000   Code   RO         4872    .ARM.Collect$$libinit$$00000004  c_w.l(libinit2.o)
    0x08000252   0x08000252   0x00000000   Code   RO         4875    .ARM.Collect$$libinit$$0000000A  c_w.l(libinit2.o)
    0x08000252   0x08000252   0x00000000   Code   RO         4877    .ARM.Collect$$libinit$$0000000C  c_w.l(libinit2.o)
    0x08000252   0x08000252   0x00000000   Code   RO         4879    .ARM.Collect$$libinit$$0000000E  c_w.l(libinit2.o)
    0x08000252   0x08000252   0x00000000   Code   RO         4882    .ARM.Collect$$libinit$$00000011  c_w.l(libinit2.o)
    0x08000252   0x08000252   0x00000000   Code   RO         4884    .ARM.Collect$$libinit$$00000013  c_w.l(libinit2.o)
    0x08000252   0x08000252   0x00000000   Code   RO         4886    .ARM.Collect$$libinit$$00000015  c_w.l(libinit2.o)
    0x08000252   0x08000252   0x00000000   Code   RO         4888    .ARM.Collect$$libinit$$00000017  c_w.l(libinit2.o)
    0x08000252   0x08000252   0x00000000   Code   RO         4890    .ARM.Collect$$libinit$$00000019  c_w.l(libinit2.o)
    0x08000252   0x08000252   0x00000000   Code   RO         4892    .ARM.Collect$$libinit$$0000001B  c_w.l(libinit2.o)
    0x08000252   0x08000252   0x00000000   Code   RO         4894    .ARM.Collect$$libinit$$0000001D  c_w.l(libinit2.o)
    0x08000252   0x08000252   0x00000000   Code   RO         4896    .ARM.Collect$$libinit$$0000001F  c_w.l(libinit2.o)
    0x08000252   0x08000252   0x00000000   Code   RO         4898    .ARM.Collect$$libinit$$00000021  c_w.l(libinit2.o)
    0x08000252   0x08000252   0x00000000   Code   RO         4900    .ARM.Collect$$libinit$$00000023  c_w.l(libinit2.o)
    0x08000252   0x08000252   0x00000000   Code   RO         4902    .ARM.Collect$$libinit$$00000025  c_w.l(libinit2.o)
    0x08000252   0x08000252   0x00000000   Code   RO         4906    .ARM.Collect$$libinit$$0000002C  c_w.l(libinit2.o)
    0x08000252   0x08000252   0x00000000   Code   RO         4908    .ARM.Collect$$libinit$$0000002E  c_w.l(libinit2.o)
    0x08000252   0x08000252   0x00000000   Code   RO         4910    .ARM.Collect$$libinit$$00000030  c_w.l(libinit2.o)
    0x08000252   0x08000252   0x00000000   Code   RO         4912    .ARM.Collect$$libinit$$00000032  c_w.l(libinit2.o)
    0x08000252   0x08000252   0x00000002   Code   RO         4913    .ARM.Collect$$libinit$$00000033  c_w.l(libinit2.o)
    0x08000254   0x08000254   0x00000002   Code   RO         4944    .ARM.Collect$$libshutdown$$00000000  c_w.l(libshutdown.o)
    0x08000256   0x08000256   0x00000000   Code   RO         4970    .ARM.Collect$$libshutdown$$00000002  c_w.l(libshutdown2.o)
    0x08000256   0x08000256   0x00000000   Code   RO         4972    .ARM.Collect$$libshutdown$$00000004  c_w.l(libshutdown2.o)
    0x08000256   0x08000256   0x00000000   Code   RO         4975    .ARM.Collect$$libshutdown$$00000007  c_w.l(libshutdown2.o)
    0x08000256   0x08000256   0x00000000   Code   RO         4978    .ARM.Collect$$libshutdown$$0000000A  c_w.l(libshutdown2.o)
    0x08000256   0x08000256   0x00000000   Code   RO         4980    .ARM.Collect$$libshutdown$$0000000C  c_w.l(libshutdown2.o)
    0x08000256   0x08000256   0x00000000   Code   RO         4983    .ARM.Collect$$libshutdown$$0000000F  c_w.l(libshutdown2.o)
    0x08000256   0x08000256   0x00000002   Code   RO         4984    .ARM.Collect$$libshutdown$$00000010  c_w.l(libshutdown2.o)
    0x08000258   0x08000258   0x00000000   Code   RO         4822    .ARM.Collect$$rtentry$$00000000  c_w.l(__rtentry.o)
    0x08000258   0x08000258   0x00000000   Code   RO         4828    .ARM.Collect$$rtentry$$00000002  c_w.l(__rtentry2.o)
    0x08000258   0x08000258   0x00000006   Code   RO         4840    .ARM.Collect$$rtentry$$00000004  c_w.l(__rtentry4.o)
    0x0800025e   0x0800025e   0x00000000   Code   RO         4830    .ARM.Collect$$rtentry$$00000009  c_w.l(__rtentry2.o)
    0x0800025e   0x0800025e   0x00000004   Code   RO         4831    .ARM.Collect$$rtentry$$0000000A  c_w.l(__rtentry2.o)
    0x08000262   0x08000262   0x00000000   Code   RO         4833    .ARM.Collect$$rtentry$$0000000C  c_w.l(__rtentry2.o)
    0x08000262   0x08000262   0x00000008   Code   RO         4834    .ARM.Collect$$rtentry$$0000000D  c_w.l(__rtentry2.o)
    0x0800026a   0x0800026a   0x00000002   Code   RO         4861    .ARM.Collect$$rtexit$$00000000  c_w.l(rtexit.o)
    0x0800026c   0x0800026c   0x00000000   Code   RO         4917    .ARM.Collect$$rtexit$$00000002  c_w.l(rtexit2.o)
    0x0800026c   0x0800026c   0x00000004   Code   RO         4918    .ARM.Collect$$rtexit$$00000003  c_w.l(rtexit2.o)
    0x08000270   0x08000270   0x00000006   Code   RO         4919    .ARM.Collect$$rtexit$$00000004  c_w.l(rtexit2.o)
    0x08000276   0x08000276   0x00000002   PAD
    0x08000278   0x08000278   0x00000040   Code   RO            4    .text               startup_stm32g474xx.o
    0x080002b8   0x080002b8   0x000000ee   Code   RO         4814    .text               c_w.l(lludivv7m.o)
    0x080003a6   0x080003a6   0x0000004e   Code   RO         4816    .text               c_w.l(rt_memclr_w.o)
    0x080003f4   0x080003f4   0x00000006   Code   RO         4818    .text               c_w.l(heapauxi.o)
    0x080003fa   0x080003fa   0x0000004a   Code   RO         4844    .text               c_w.l(sys_stackheap_outer.o)
    0x08000444   0x08000444   0x00000012   Code   RO         4846    .text               c_w.l(exit.o)
    0x08000456   0x08000456   0x00000002   PAD
    0x08000458   0x08000458   0x00000008   Code   RO         4858    .text               c_w.l(libspace.o)
    0x08000460   0x08000460   0x0000000c   Code   RO         4914    .text               c_w.l(sys_exit.o)
    0x0800046c   0x0800046c   0x00000002   Code   RO         4933    .text               c_w.l(use_no_semi.o)
    0x0800046e   0x0800046e   0x00000000   Code   RO         4935    .text               c_w.l(indicate_semi.o)
    0x0800046e   0x0800046e   0x00000002   Code   RO          539    i.BusFault_Handler  stm32g4xx_it.o
    0x08000470   0x08000470   0x00000002   Code   RO          540    i.DebugMon_Handler  stm32g4xx_it.o
    0x08000472   0x08000472   0x00000004   Code   RO           13    i.Error_Handler     main.o
    0x08000476   0x08000476   0x00000002   PAD
    0x08000478   0x08000478   0x00000040   Code   RO         3012    i.FMAC_Reset        stm32g4xx_hal_fmac.o
    0x080004b8   0x080004b8   0x00000012   Code   RO         3013    i.FMAC_ResetDataPointers  stm32g4xx_hal_fmac.o
    0x080004ca   0x080004ca   0x00000010   Code   RO         3014    i.FMAC_ResetInputStateAndDataPointers  stm32g4xx_hal_fmac.o
    0x080004da   0x080004da   0x00000010   Code   RO         3015    i.FMAC_ResetOutputStateAndDataPointers  stm32g4xx_hal_fmac.o
    0x080004ea   0x080004ea   0x00000002   PAD
    0x080004ec   0x080004ec   0x0000024c   Code   RO          893    i.HAL_ADCEx_MultiModeConfigChannel  stm32g4xx_hal_adc_ex.o
    0x08000738   0x08000738   0x00000890   Code   RO          645    i.HAL_ADC_ConfigChannel  stm32g4xx_hal_adc.o
    0x08000fc8   0x08000fc8   0x00000600   Code   RO          654    i.HAL_ADC_Init      stm32g4xx_hal_adc.o
    0x080015c8   0x080015c8   0x000000ac   Code   RO          227    i.HAL_ADC_MspInit   adc.o
    0x08001674   0x08001674   0x00000400   Code   RO         2660    i.HAL_FDCAN_Init    stm32g4xx_hal_fdcan.o
    0x08001a74   0x08001a74   0x00000080   Code   RO          294    i.HAL_FDCAN_MspInit  fdcan.o
    0x08001af4   0x08001af4   0x000000a4   Code   RO         3037    i.HAL_FMAC_Init     stm32g4xx_hal_fmac.o
    0x08001b98   0x08001b98   0x00000028   Code   RO          336    i.HAL_FMAC_MspInit  fmac.o
    0x08001bc0   0x08001bc0   0x000002c0   Code   RO         1827    i.HAL_GPIO_Init     stm32g4xx_hal_gpio.o
    0x08001e80   0x08001e80   0x00000068   Code   RO         1831    i.HAL_GPIO_WritePin  stm32g4xx_hal_gpio.o
    0x08001ee8   0x08001ee8   0x0000000c   Code   RO         1096    i.HAL_GetTick       stm32g4xx_hal.o
    0x08001ef4   0x08001ef4   0x000000b4   Code   RO         3266    i.HAL_HRTIM_DLLCalibrationStart  stm32g4xx_hal_hrtim.o
    0x08001fa8   0x08001fa8   0x00000178   Code   RO         3299    i.HAL_HRTIM_Init    stm32g4xx_hal_hrtim.o
    0x08002120   0x08002120   0x00000028   Code   RO          378    i.HAL_HRTIM_MspInit  hrtim.o
    0x08002148   0x08002148   0x00000054   Code   RO          379    i.HAL_HRTIM_MspPostInit  hrtim.o
    0x0800219c   0x0800219c   0x00000042   Code   RO         3308    i.HAL_HRTIM_PollForDLLCalibration  stm32g4xx_hal_hrtim.o
    0x080021de   0x080021de   0x00000002   PAD
    0x080021e0   0x080021e0   0x0000011c   Code   RO         3350    i.HAL_HRTIM_TimeBaseConfig  stm32g4xx_hal_hrtim.o
    0x080022fc   0x080022fc   0x0000015c   Code   RO         3365    i.HAL_HRTIM_WaveformOutputConfig  stm32g4xx_hal_hrtim.o
    0x08002458   0x08002458   0x0000032c   Code   RO         3369    i.HAL_HRTIM_WaveformTimerConfig  stm32g4xx_hal_hrtim.o
    0x08002784   0x08002784   0x00000170   Code   RO         3370    i.HAL_HRTIM_WaveformTimerControl  stm32g4xx_hal_hrtim.o
    0x080028f4   0x080028f4   0x00000010   Code   RO         1102    i.HAL_IncTick       stm32g4xx_hal.o
    0x08002904   0x08002904   0x0000001e   Code   RO         1103    i.HAL_Init          stm32g4xx_hal.o
    0x08002922   0x08002922   0x00000002   PAD
    0x08002924   0x08002924   0x00000044   Code   RO         1104    i.HAL_InitTick      stm32g4xx_hal.o
    0x08002968   0x08002968   0x00000030   Code   RO          614    i.HAL_MspInit       stm32g4xx_hal_msp.o
    0x08002998   0x08002998   0x000000a0   Code   RO         2482    i.HAL_NVIC_SetPriority  stm32g4xx_hal_cortex.o
    0x08002a38   0x08002a38   0x00000080   Code   RO         2483    i.HAL_NVIC_SetPriorityGrouping  stm32g4xx_hal_cortex.o
    0x08002ab8   0x08002ab8   0x0000029c   Code   RO         4098    i.HAL_OPAMP_Init    stm32g4xx_hal_opamp.o
    0x08002d54   0x08002d54   0x000000e8   Code   RO          426    i.HAL_OPAMP_MspInit  opamp.o
    0x08002e3c   0x08002e3c   0x0000010c   Code   RO         2230    i.HAL_PWREx_ControlVoltageScaling  stm32g4xx_hal_pwr_ex.o
    0x08002f48   0x08002f48   0x00000010   Code   RO         2242    i.HAL_PWREx_DisableUCPDDeadBattery  stm32g4xx_hal_pwr_ex.o
    0x08002f58   0x08002f58   0x000005ac   Code   RO         1463    i.HAL_RCCEx_PeriphCLKConfig  stm32g4xx_hal_rcc_ex.o
    0x08003504   0x08003504   0x00000304   Code   RO         1338    i.HAL_RCC_ClockConfig  stm32g4xx_hal_rcc.o
    0x08003808   0x08003808   0x00000024   Code   RO         1346    i.HAL_RCC_GetPCLK1Freq  stm32g4xx_hal_rcc.o
    0x0800382c   0x0800382c   0x00000024   Code   RO         1347    i.HAL_RCC_GetPCLK2Freq  stm32g4xx_hal_rcc.o
    0x08003850   0x08003850   0x00000070   Code   RO         1348    i.HAL_RCC_GetSysClockFreq  stm32g4xx_hal_rcc.o
    0x080038c0   0x080038c0   0x00000594   Code   RO         1351    i.HAL_RCC_OscConfig  stm32g4xx_hal_rcc.o
    0x08003e54   0x08003e54   0x00000028   Code   RO         2487    i.HAL_SYSTICK_Config  stm32g4xx_hal_cortex.o
    0x08003e7c   0x08003e7c   0x000000c8   Code   RO         4659    i.HAL_UARTEx_DisableFifoMode  stm32g4xx_hal_uart_ex.o
    0x08003f44   0x08003f44   0x000000fc   Code   RO         4668    i.HAL_UARTEx_SetRxFifoThreshold  stm32g4xx_hal_uart_ex.o
    0x08004040   0x08004040   0x000000fc   Code   RO         4669    i.HAL_UARTEx_SetTxFifoThreshold  stm32g4xx_hal_uart_ex.o
    0x0800413c   0x0800413c   0x00000114   Code   RO         4268    i.HAL_UART_Init     stm32g4xx_hal_uart.o
    0x08004250   0x08004250   0x0000007c   Code   RO          498    i.HAL_UART_MspInit  usart.o
    0x080042cc   0x080042cc   0x00000068   Code   RO         3377    i.HRTIM_ForceRegistersUpdate  stm32g4xx_hal_hrtim.o
    0x08004334   0x08004334   0x00000092   Code   RO         3382    i.HRTIM_MasterWaveform_Config  stm32g4xx_hal_hrtim.o
    0x080043c6   0x080043c6   0x000000de   Code   RO         3384    i.HRTIM_OutputConfig  stm32g4xx_hal_hrtim.o
    0x080044a4   0x080044a4   0x0000019c   Code   RO         3387    i.HRTIM_TimingUnitWaveform_Config  stm32g4xx_hal_hrtim.o
    0x08004640   0x08004640   0x00000002   Code   RO          541    i.HardFault_Handler  stm32g4xx_it.o
    0x08004642   0x08004642   0x0000000c   Code   RO          668    i.LL_ADC_GetOffsetChannel  stm32g4xx_hal_adc.o
    0x0800464e   0x0800464e   0x00000008   Code   RO          669    i.LL_ADC_INJ_IsConversionOngoing  stm32g4xx_hal_adc.o
    0x08004656   0x08004656   0x00000008   Code   RO          670    i.LL_ADC_REG_IsConversionOngoing  stm32g4xx_hal_adc.o
    0x0800465e   0x0800465e   0x00000008   Code   RO          903    i.LL_ADC_REG_IsConversionOngoing  stm32g4xx_hal_adc_ex.o
    0x08004666   0x08004666   0x0000001e   Code   RO          673    i.LL_ADC_SetChannelSamplingTime  stm32g4xx_hal_adc.o
    0x08004684   0x08004684   0x00000010   Code   RO          674    i.LL_ADC_SetOffsetState  stm32g4xx_hal_adc.o
    0x08004694   0x08004694   0x00000090   Code   RO          228    i.MX_ADC1_Init      adc.o
    0x08004724   0x08004724   0x0000007c   Code   RO          229    i.MX_ADC2_Init      adc.o
    0x080047a0   0x080047a0   0x00000094   Code   RO          230    i.MX_ADC3_Init      adc.o
    0x08004834   0x08004834   0x0000007c   Code   RO          231    i.MX_ADC4_Init      adc.o
    0x080048b0   0x080048b0   0x0000007c   Code   RO          232    i.MX_ADC5_Init      adc.o
    0x0800492c   0x0800492c   0x0000004c   Code   RO          295    i.MX_FDCAN3_Init    fdcan.o
    0x08004978   0x08004978   0x00000024   Code   RO          337    i.MX_FMAC_Init      fmac.o
    0x0800499c   0x0800499c   0x000000e0   Code   RO          202    i.MX_GPIO_Init      gpio.o
    0x08004a7c   0x08004a7c   0x00000188   Code   RO          380    i.MX_HRTIM1_Init    hrtim.o
    0x08004c04   0x08004c04   0x00000038   Code   RO          427    i.MX_OPAMP1_Init    opamp.o
    0x08004c3c   0x08004c3c   0x00000038   Code   RO          428    i.MX_OPAMP2_Init    opamp.o
    0x08004c74   0x08004c74   0x00000038   Code   RO          429    i.MX_OPAMP3_Init    opamp.o
    0x08004cac   0x08004cac   0x00000038   Code   RO          430    i.MX_OPAMP4_Init    opamp.o
    0x08004ce4   0x08004ce4   0x00000034   Code   RO          431    i.MX_OPAMP5_Init    opamp.o
    0x08004d18   0x08004d18   0x00000038   Code   RO          432    i.MX_OPAMP6_Init    opamp.o
    0x08004d50   0x08004d50   0x00000068   Code   RO          499    i.MX_USART1_UART_Init  usart.o
    0x08004db8   0x08004db8   0x00000002   Code   RO          542    i.MemManage_Handler  stm32g4xx_it.o
    0x08004dba   0x08004dba   0x00000002   Code   RO          543    i.NMI_Handler       stm32g4xx_it.o
    0x08004dbc   0x08004dbc   0x00000002   Code   RO          544    i.PendSV_Handler    stm32g4xx_it.o
    0x08004dbe   0x08004dbe   0x00000002   Code   RO          545    i.SVC_Handler       stm32g4xx_it.o
    0x08004dc0   0x08004dc0   0x00000004   Code   RO          546    i.SysTick_Handler   stm32g4xx_it.o
    0x08004dc4   0x08004dc4   0x00000066   Code   RO           14    i.SystemClock_Config  main.o
    0x08004e2a   0x08004e2a   0x00000002   PAD
    0x08004e2c   0x08004e2c   0x00000010   Code   RO         4778    i.SystemInit        system_stm32g4xx.o
    0x08004e3c   0x08004e3c   0x00000044   Code   RO         4673    i.UARTEx_SetNbDataToProcess  stm32g4xx_hal_uart_ex.o
    0x08004e80   0x08004e80   0x00000218   Code   RO         4282    i.UART_AdvFeatureConfig  stm32g4xx_hal_uart.o
    0x08005098   0x08005098   0x000000ac   Code   RO         4283    i.UART_CheckIdleState  stm32g4xx_hal_uart.o
    0x08005144   0x08005144   0x00000054   Code   RO         4294    i.UART_EndRxTransfer  stm32g4xx_hal_uart.o
    0x08005198   0x08005198   0x000003f8   Code   RO         4300    i.UART_SetConfig    stm32g4xx_hal_uart.o
    0x08005590   0x08005590   0x00000094   Code   RO         4307    i.UART_WaitOnFlagUntilTimeout  stm32g4xx_hal_uart.o
    0x08005624   0x08005624   0x00000002   Code   RO          547    i.UsageFault_Handler  stm32g4xx_it.o
    0x08005626   0x08005626   0x00000020   Code   RO         2489    i.__NVIC_SetPriority  stm32g4xx_hal_cortex.o
    0x08005646   0x08005646   0x00000002   Code   RO           15    i.assert_failed     main.o
    0x08005648   0x08005648   0x0000004a   Code   RO           16    i.main              main.o
    0x08005692   0x08005692   0x0000000a   Code   RO         4929    x$fpl$fpinit        fz_wm.l(fpinit.o)
    0x0800569c   0x0800569c   0x00000018   Data   RO         4308    .constdata          stm32g4xx_hal_uart.o
    0x080056b4   0x080056b4   0x00000010   Data   RO         4674    .constdata          stm32g4xx_hal_uart_ex.o
    0x080056c4   0x080056c4   0x00000010   Data   RO         4779    .constdata          system_stm32g4xx.o
    0x080056d4   0x080056d4   0x00000008   Data   RO         4780    .constdata          system_stm32g4xx.o
    0x080056dc   0x080056dc   0x00000020   Data   RO         4985    Region$$Table       anon$$obj.o


    Execution Region RW_IRAM1 (Exec base: 0x20000000, Load base: 0x080056fc, Size: 0x00000c28, Max: 0x00020000, ABSOLUTE)

    Exec Addr    Load Addr    Size         Type   Attr      Idx    E Section Name        Object

    0x20000000   0x080056fc   0x00000008   Data   RW          234    .data               adc.o
    0x20000008   0x08005704   0x0000000c   Data   RW         1123    .data               stm32g4xx_hal.o
    0x20000014   0x08005710   0x00000004   Data   RW         4781    .data               system_stm32g4xx.o
    0x20000018        -       0x0000021c   Zero   RW          233    .bss                adc.o
    0x20000234        -       0x00000064   Zero   RW          296    .bss                fdcan.o
    0x20000298        -       0x00000038   Zero   RW          338    .bss                fmac.o
    0x200002d0        -       0x000000fc   Zero   RW          381    .bss                hrtim.o
    0x200003cc        -       0x00000168   Zero   RW          433    .bss                opamp.o
    0x20000534        -       0x00000094   Zero   RW          500    .bss                usart.o
    0x200005c8        -       0x00000060   Zero   RW         4859    .bss                c_w.l(libspace.o)
    0x20000628        -       0x00000200   Zero   RW            2    HEAP                startup_stm32g474xx.o
    0x20000828        -       0x00000400   Zero   RW            1    STACK               startup_stm32g474xx.o


==============================================================================

Image component sizes


      Code (inc. data)   RO Data    RW Data    ZI Data      Debug   Object Name

       836         84          0          8        540       4733   adc.o
       204         22          0          0        100       1855   fdcan.o
        76         18          0          0         56       1626   fmac.o
       224         16          0          0          0       1075   gpio.o
       516         28          0          0        252       2687   hrtim.o
       182          0          0          0          0    1007281   main.o
       564         70          0          0        360       5020   opamp.o
        64         26        472          0       1536        864   startup_stm32g474xx.o
       126         20          0         12          0       3813   stm32g4xx_hal.o
      3802        334          0          0          0      75251   stm32g4xx_hal_adc.o
       596         86          0          0          0      69351   stm32g4xx_hal_adc_ex.o
       360        136          0          0          0      33366   stm32g4xx_hal_cortex.o
      1024         86          0          0          0       4053   stm32g4xx_hal_fdcan.o
       278         64          0          0          0       5288   stm32g4xx_hal_fmac.o
       808        158          0          0          0       2396   stm32g4xx_hal_gpio.o
      3318        404          0          0          0      12732   stm32g4xx_hal_hrtim.o
        48          6          0          0          0        910   stm32g4xx_hal_msp.o
       668         74          0          0          0       1977   stm32g4xx_hal_opamp.o
       284         78          0          0          0       1493   stm32g4xx_hal_pwr_ex.o
      2384        204          0          0          0       6592   stm32g4xx_hal_rcc.o
      1452         68          0          0          0       2364   stm32g4xx_hal_rcc_ex.o
      2232        306         24          0          0      25730   stm32g4xx_hal_uart.o
       772        260         16          0          0       3881   stm32g4xx_hal_uart_ex.o
        20          0          0          0          0       4358   stm32g4xx_it.o
        16          4         24          4          0       1187   system_stm32g4xx.o
       228         22          0          0        148       1882   usart.o

    ----------------------------------------------------------------------
     21092       2574        568         24       2992    1281765   Object Totals
         0          0         32          0          0          0   (incl. Generated)
        10          0          0          0          0          0   (incl. Padding)

    ----------------------------------------------------------------------

      Code (inc. data)   RO Data    RW Data    ZI Data      Debug   Library Member Name

         8          0          0          0          0         68   __main.o
         0          0          0          0          0          0   __rtentry.o
        12          0          0          0          0          0   __rtentry2.o
         6          0          0          0          0          0   __rtentry4.o
        52          8          0          0          0          0   __scatter.o
        26          0          0          0          0          0   __scatter_copy.o
        28          0          0          0          0          0   __scatter_zi.o
        18          0          0          0          0         80   exit.o
         6          0          0          0          0        152   heapauxi.o
         0          0          0          0          0          0   indicate_semi.o
         2          0          0          0          0          0   libinit.o
         6          0          0          0          0          0   libinit2.o
         2          0          0          0          0          0   libshutdown.o
         2          0          0          0          0          0   libshutdown2.o
         8          4          0          0         96         68   libspace.o
       238          0          0          0          0        100   lludivv7m.o
        78          0          0          0          0         80   rt_memclr_w.o
         2          0          0          0          0          0   rtexit.o
        10          0          0          0          0          0   rtexit2.o
        12          4          0          0          0         68   sys_exit.o
        74          0          0          0          0         80   sys_stackheap_outer.o
         2          0          0          0          0         68   use_no_semi.o
        10          0          0          0          0        116   fpinit.o

    ----------------------------------------------------------------------
       608         16          0          0         96        880   Library Totals
         6          0          0          0          0          0   (incl. Padding)

    ----------------------------------------------------------------------

      Code (inc. data)   RO Data    RW Data    ZI Data      Debug   Library Name

       592         16          0          0         96        764   c_w.l
        10          0          0          0          0        116   fz_wm.l

    ----------------------------------------------------------------------
       608         16          0          0         96        880   Library Totals

    ----------------------------------------------------------------------

==============================================================================


      Code (inc. data)   RO Data    RW Data    ZI Data      Debug   

     21700       2590        568         24       3088    1273685   Grand Totals
     21700       2590        568         24       3088    1273685   ELF Image Totals
     21700       2590        568         24          0          0   ROM Totals

==============================================================================

    Total RO  Size (Code + RO Data)                22268 (  21.75kB)
    Total RW  Size (RW Data + ZI Data)              3112 (   3.04kB)
    Total ROM Size (Code + RO Data + RW Data)      22292 (  21.77kB)

==============================================================================

