Component: ARM Compiler 5.06 update 1 (build 61) Tool: armlink [4d35a8]

==============================================================================

Section Cross References

    startup_stm32h723xx.o(STACK) refers (Special) to heapauxi.o(.text) for __use_two_region_memory
    startup_stm32h723xx.o(HEAP) refers (Special) to heapauxi.o(.text) for __use_two_region_memory
    startup_stm32h723xx.o(RESET) refers (Special) to heapauxi.o(.text) for __use_two_region_memory
    startup_stm32h723xx.o(RESET) refers to startup_stm32h723xx.o(STACK) for __initial_sp
    startup_stm32h723xx.o(RESET) refers to startup_stm32h723xx.o(.text) for Reset_Handler
    startup_stm32h723xx.o(RESET) refers to stm32h7xx_it.o(i.NMI_Handler) for NMI_Handler
    startup_stm32h723xx.o(RESET) refers to stm32h7xx_it.o(i.HardFault_Handler) for HardFault_Handler
    startup_stm32h723xx.o(RESET) refers to stm32h7xx_it.o(i.MemManage_Handler) for MemManage_Handler
    startup_stm32h723xx.o(RESET) refers to stm32h7xx_it.o(i.BusFault_Handler) for BusFault_Handler
    startup_stm32h723xx.o(RESET) refers to stm32h7xx_it.o(i.UsageFault_Handler) for UsageFault_Handler
    startup_stm32h723xx.o(RESET) refers to stm32h7xx_it.o(i.SVC_Handler) for SVC_Handler
    startup_stm32h723xx.o(RESET) refers to stm32h7xx_it.o(i.DebugMon_Handler) for DebugMon_Handler
    startup_stm32h723xx.o(RESET) refers to stm32h7xx_it.o(i.PendSV_Handler) for PendSV_Handler
    startup_stm32h723xx.o(RESET) refers to stm32h7xx_it.o(i.SysTick_Handler) for SysTick_Handler
    startup_stm32h723xx.o(RESET) refers to stm32h7xx_it.o(i.FDCAN1_IT0_IRQHandler) for FDCAN1_IT0_IRQHandler
    startup_stm32h723xx.o(RESET) refers to stm32h7xx_it.o(i.FDCAN1_IT1_IRQHandler) for FDCAN1_IT1_IRQHandler
    startup_stm32h723xx.o(.text) refers (Special) to heapauxi.o(.text) for __use_two_region_memory
    startup_stm32h723xx.o(.text) refers to system_stm32h7xx.o(i.SystemInit) for SystemInit
    startup_stm32h723xx.o(.text) refers to __main.o(!!!main) for __main
    startup_stm32h723xx.o(.text) refers to startup_stm32h723xx.o(HEAP) for Heap_Mem
    startup_stm32h723xx.o(.text) refers to startup_stm32h723xx.o(STACK) for Stack_Mem
    bsp_fdcan.o(i.HAL_FDCAN_RxFifo0Callback) refers to bsp_fdcan.o(i.fdcan1_rx_callback) for fdcan1_rx_callback
    bsp_fdcan.o(i.HAL_FDCAN_RxFifo0Callback) refers to bsp_fdcan.o(i.fdcan2_rx_callback) for fdcan2_rx_callback
    bsp_fdcan.o(i.HAL_FDCAN_RxFifo0Callback) refers to bsp_fdcan.o(i.fdcan3_rx_callback) for fdcan3_rx_callback
    bsp_fdcan.o(i.HAL_FDCAN_RxFifo0Callback) refers to fdcan.o(.bss) for hfdcan1
    bsp_fdcan.o(i.bsp_can_init) refers to bsp_fdcan.o(i.can_filter_init) for can_filter_init
    bsp_fdcan.o(i.bsp_can_init) refers to stm32h7xx_hal_fdcan.o(i.HAL_FDCAN_Start) for HAL_FDCAN_Start
    bsp_fdcan.o(i.bsp_can_init) refers to stm32h7xx_hal_fdcan.o(i.HAL_FDCAN_ActivateNotification) for HAL_FDCAN_ActivateNotification
    bsp_fdcan.o(i.bsp_can_init) refers to fdcan.o(.bss) for hfdcan1
    bsp_fdcan.o(i.can_filter_init) refers to stm32h7xx_hal_fdcan.o(i.HAL_FDCAN_ConfigFilter) for HAL_FDCAN_ConfigFilter
    bsp_fdcan.o(i.can_filter_init) refers to stm32h7xx_hal_fdcan.o(i.HAL_FDCAN_ConfigGlobalFilter) for HAL_FDCAN_ConfigGlobalFilter
    bsp_fdcan.o(i.can_filter_init) refers to stm32h7xx_hal_fdcan.o(i.HAL_FDCAN_ConfigFifoWatermark) for HAL_FDCAN_ConfigFifoWatermark
    bsp_fdcan.o(i.can_filter_init) refers to fdcan.o(.bss) for hfdcan1
    bsp_fdcan.o(i.fdcan1_rx_callback) refers to bsp_fdcan.o(i.fdcanx_receive) for fdcanx_receive
    bsp_fdcan.o(i.fdcan1_rx_callback) refers to bsp_fdcan.o(.data) for .data
    bsp_fdcan.o(i.fdcan1_rx_callback) refers to fdcan.o(.bss) for hfdcan1
    bsp_fdcan.o(i.fdcan2_rx_callback) refers to bsp_fdcan.o(i.fdcanx_receive) for fdcanx_receive
    bsp_fdcan.o(i.fdcan2_rx_callback) refers to bsp_fdcan.o(.data) for .data
    bsp_fdcan.o(i.fdcan2_rx_callback) refers to fdcan.o(.bss) for hfdcan2
    bsp_fdcan.o(i.fdcan3_rx_callback) refers to bsp_fdcan.o(i.fdcanx_receive) for fdcanx_receive
    bsp_fdcan.o(i.fdcan3_rx_callback) refers to bsp_fdcan.o(.data) for .data
    bsp_fdcan.o(i.fdcan3_rx_callback) refers to fdcan.o(.bss) for hfdcan3
    bsp_fdcan.o(i.fdcanx_receive) refers to stm32h7xx_hal_fdcan.o(i.HAL_FDCAN_GetRxMessage) for HAL_FDCAN_GetRxMessage
    bsp_fdcan.o(i.fdcanx_send_data) refers to stm32h7xx_hal_fdcan.o(i.HAL_FDCAN_AddMessageToTxFifoQ) for HAL_FDCAN_AddMessageToTxFifoQ
    main.o(i.SystemClock_Config) refers to rt_memclr_w.o(.text) for __aeabi_memclr4
    main.o(i.SystemClock_Config) refers to stm32h7xx_hal_pwr_ex.o(i.HAL_PWREx_ConfigSupply) for HAL_PWREx_ConfigSupply
    main.o(i.SystemClock_Config) refers to stm32h7xx_hal_rcc.o(i.HAL_RCC_OscConfig) for HAL_RCC_OscConfig
    main.o(i.SystemClock_Config) refers to stm32h7xx_hal_rcc.o(i.HAL_RCC_ClockConfig) for HAL_RCC_ClockConfig
    main.o(i.main) refers to stm32h7xx_hal_cortex.o(i.HAL_MPU_Disable) for HAL_MPU_Disable
[...]
    Removing stm32h7xx_hal_fdcan.o(i.HAL_FDCAN_ConfigTimeoutCounter), (46 bytes).
    Removing stm32h7xx_hal_fdcan.o(i.HAL_FDCAN_ConfigTimestampCounter), (40 bytes).
    Removing stm32h7xx_hal_fdcan.o(i.HAL_FDCAN_ConfigTxDelayCompensation), (36 bytes).
    Removing stm32h7xx_hal_fdcan.o(i.HAL_FDCAN_DeInit), (42 bytes).
    Removing stm32h7xx_hal_fdcan.o(i.HAL_FDCAN_DeactivateNotification), (128 bytes).
    Removing stm32h7xx_hal_fdcan.o(i.HAL_FDCAN_DisableEdgeFiltering), (38 bytes).
    Removing stm32h7xx_hal_fdcan.o(i.HAL_FDCAN_DisableISOMode), (38 bytes).
    Removing stm32h7xx_hal_fdcan.o(i.HAL_FDCAN_DisableTimeoutCounter), (38 bytes).
    Removing stm32h7xx_hal_fdcan.o(i.HAL_FDCAN_DisableTimestampCounter), (38 bytes).
    Removing stm32h7xx_hal_fdcan.o(i.HAL_FDCAN_DisableTxDelayCompensation), (38 bytes).
    Removing stm32h7xx_hal_fdcan.o(i.HAL_FDCAN_EnableEdgeFiltering), (38 bytes).
    Removing stm32h7xx_hal_fdcan.o(i.HAL_FDCAN_EnableISOMode), (38 bytes).
    Removing stm32h7xx_hal_fdcan.o(i.HAL_FDCAN_EnableTimeoutCounter), (38 bytes).
    Removing stm32h7xx_hal_fdcan.o(i.HAL_FDCAN_EnableTimestampCounter), (40 bytes).
    Removing stm32h7xx_hal_fdcan.o(i.HAL_FDCAN_EnableTxBufferRequest), (34 bytes).
    Removing stm32h7xx_hal_fdcan.o(i.HAL_FDCAN_EnableTxDelayCompensation), (38 bytes).
    Removing stm32h7xx_hal_fdcan.o(i.HAL_FDCAN_EnterPowerDownMode), (68 bytes).
    Removing stm32h7xx_hal_fdcan.o(i.HAL_FDCAN_ExitPowerDownMode), (78 bytes).
    Removing stm32h7xx_hal_fdcan.o(i.HAL_FDCAN_ExitRestrictedOperationMode), (42 bytes).
    Removing stm32h7xx_hal_fdcan.o(i.HAL_FDCAN_GetClockCalibrationCounter), (36 bytes).
    Removing stm32h7xx_hal_fdcan.o(i.HAL_FDCAN_GetClockCalibrationState), (16 bytes).
    Removing stm32h7xx_hal_fdcan.o(i.HAL_FDCAN_GetError), (6 bytes).
    Removing stm32h7xx_hal_fdcan.o(i.HAL_FDCAN_GetErrorCounters), (32 bytes).
    Removing stm32h7xx_hal_fdcan.o(i.HAL_FDCAN_GetHighPriorityMessageStatus), (52 bytes).
    Removing stm32h7xx_hal_fdcan.o(i.HAL_FDCAN_GetLatestTxFifoQRequestBuffer), (6 bytes).
    Removing stm32h7xx_hal_fdcan.o(i.HAL_FDCAN_GetProtocolStatus), (72 bytes).
    Removing stm32h7xx_hal_fdcan.o(i.HAL_FDCAN_GetRxFifoFillLevel), (24 bytes).
    Removing stm32h7xx_hal_fdcan.o(i.HAL_FDCAN_GetState), (6 bytes).
    Removing stm32h7xx_hal_fdcan.o(i.HAL_FDCAN_GetTimeoutCounter), (8 bytes).
    Removing stm32h7xx_hal_fdcan.o(i.HAL_FDCAN_GetTimestampCounter), (8 bytes).
    Removing stm32h7xx_hal_fdcan.o(i.HAL_FDCAN_GetTxEvent), (176 bytes).
    Removing stm32h7xx_hal_fdcan.o(i.HAL_FDCAN_GetTxFifoFreeLevel), (12 bytes).
    Removing stm32h7xx_hal_fdcan.o(i.HAL_FDCAN_IsRestrictedOperationMode), (10 bytes).
    Removing stm32h7xx_hal_fdcan.o(i.HAL_FDCAN_IsRxBufferMessageAvailable), (54 bytes).
    Removing stm32h7xx_hal_fdcan.o(i.HAL_FDCAN_IsTxBufferMessagePending), (14 bytes).
    Removing stm32h7xx_hal_fdcan.o(i.HAL_FDCAN_MspDeInit), (2 bytes).
    Removing stm32h7xx_hal_fdcan.o(i.HAL_FDCAN_MspInit), (2 bytes).
    Removing stm32h7xx_hal_fdcan.o(i.HAL_FDCAN_ResetClockCalibrationState), (64 bytes).
    Removing stm32h7xx_hal_fdcan.o(i.HAL_FDCAN_ResetTimeoutCounter), (32 bytes).
    Removing stm32h7xx_hal_fdcan.o(i.HAL_FDCAN_ResetTimestampCounter), (34 bytes).
    Removing stm32h7xx_hal_fdcan.o(i.HAL_FDCAN_RxFifo0Callback), (2 bytes).
    Removing stm32h7xx_hal_fdcan.o(i.HAL_FDCAN_Stop), (126 bytes).
    Removing stm32h7xx_hal_fdcan.o(i.HAL_FDCAN_TT_ActivateNotification), (84 bytes).
    Removing stm32h7xx_hal_fdcan.o(i.HAL_FDCAN_TT_ConfigExternalSyncPhase), (58 bytes).
    Removing stm32h7xx_hal_fdcan.o(i.HAL_FDCAN_TT_ConfigInterruptLines), (48 bytes).
    Removing stm32h7xx_hal_fdcan.o(i.HAL_FDCAN_TT_ConfigOperation), (424 bytes).
    Removing stm32h7xx_hal_fdcan.o(i.HAL_FDCAN_TT_ConfigReferenceMessage), (72 bytes).
    Removing stm32h7xx_hal_fdcan.o(i.HAL_FDCAN_TT_ConfigRegisterTimeMark), (150 bytes).
    Removing stm32h7xx_hal_fdcan.o(i.HAL_FDCAN_TT_ConfigStopWatch), (84 bytes).
    Removing stm32h7xx_hal_fdcan.o(i.HAL_FDCAN_TT_ConfigTrigger), (130 bytes).
    Removing stm32h7xx_hal_fdcan.o(i.HAL_FDCAN_TT_DeactivateNotification), (78 bytes).
    Removing stm32h7xx_hal_fdcan.o(i.HAL_FDCAN_TT_DisableExternalSynchronization), (78 bytes).
    Removing stm32h7xx_hal_fdcan.o(i.HAL_FDCAN_TT_DisableHardwareGapControl), (96 bytes).
    Removing stm32h7xx_hal_fdcan.o(i.HAL_FDCAN_TT_DisableRegisterTimeMarkPulse), (78 bytes).
    Removing stm32h7xx_hal_fdcan.o(i.HAL_FDCAN_TT_DisableTimeMarkGapControl), (96 bytes).
    Removing stm32h7xx_hal_fdcan.o(i.HAL_FDCAN_TT_DisableTriggerTimeMarkPulse), (96 bytes).
    Removing stm32h7xx_hal_fdcan.o(i.HAL_FDCAN_TT_EnableExternalSynchronization), (78 bytes).
    Removing stm32h7xx_hal_fdcan.o(i.HAL_FDCAN_TT_EnableHardwareGapControl), (96 bytes).
    Removing stm32h7xx_hal_fdcan.o(i.HAL_FDCAN_TT_EnableRegisterTimeMarkPulse), (78 bytes).
    Removing stm32h7xx_hal_fdcan.o(i.HAL_FDCAN_TT_EnableTimeMarkGapControl), (96 bytes).
    Removing stm32h7xx_hal_fdcan.o(i.HAL_FDCAN_TT_EnableTriggerTimeMarkPulse), (96 bytes).
    Removing stm32h7xx_hal_fdcan.o(i.HAL_FDCAN_TT_GetOperationStatus), (92 bytes).
    Removing stm32h7xx_hal_fdcan.o(i.HAL_FDCAN_TT_SetClockSynchronization), (128 bytes).
    Removing stm32h7xx_hal_fdcan.o(i.HAL_FDCAN_TT_SetEndOfGap), (102 bytes).
    Removing stm32h7xx_hal_fdcan.o(i.HAL_FDCAN_TT_SetGlobalTime), (124 bytes).
    Removing stm32h7xx_hal_fdcan.o(i.HAL_FDCAN_TT_SetNextIsGap), (102 bytes).
    Removing stm32h7xx_hal_tim.o(.rev16_text), (4 bytes).
    Removing stm32h7xx_hal_tim.o(.revsh_text), (4 bytes).
    Removing stm32h7xx_hal_tim.o(.rrx_text), (6 bytes).
    Removing stm32h7xx_hal_tim_ex.o(.rev16_text), (4 bytes).
    Removing stm32h7xx_hal_tim_ex.o(.revsh_text), (4 bytes).
    Removing stm32h7xx_hal_tim_ex.o(.rrx_text), (6 bytes).
    Removing system_stm32h7xx.o(.rev16_text), (4 bytes).
    Removing system_stm32h7xx.o(.revsh_text), (4 bytes).
    Removing system_stm32h7xx.o(.rrx_text), (6 bytes).
    Removing system_stm32h7xx.o(i.SystemCoreClockUpdate), (320 bytes).

496 unused section(s) (total 43926 bytes) removed from the image.

==============================================================================

Image Symbol Table

    Local Symbols

    Symbol Name                              Value     Ov Type        Size  Object(Section)

    ../Core/Src/fdcan.c                      0x00000000   Number         0  fdcan.o ABSOLUTE
    ../Core/Src/gpio.c                       0x00000000   Number         0  gpio.o ABSOLUTE
    ../Core/Src/main.c                       0x00000000   Number         0  main.o ABSOLUTE
    ../Core/Src/memorymap.c                  0x00000000   Number         0  memorymap.o ABSOLUTE
    ../Core/Src/stm32h7xx_hal_msp.c          0x00000000   Number         0  stm32h7xx_hal_msp.o ABSOLUTE
    ../Core/Src/stm32h7xx_it.c               0x00000000   Number         0  stm32h7xx_it.o ABSOLUTE
    ../Core/Src/system_stm32h7xx.c           0x00000000   Number         0  system_stm32h7xx.o ABSOLUTE
    ../Drivers/STM32H7xx_HAL_Driver/Src/stm32h7xx_hal.c 0x00000000   Number         0  stm32h7xx_hal.o ABSOLUTE
    ../Drivers/STM32H7xx_HAL_Driver/Src/stm32h7xx_hal_cortex.c 0x00000000   Number         0  stm32h7xx_hal_cortex.o ABSOLUTE
    ../Drivers/STM32H7xx_HAL_Driver/Src/stm32h7xx_hal_dma.c 0x00000000   Number         0  stm32h7xx_hal_dma.o ABSOLUTE
    ../Drivers/STM32H7xx_HAL_Driver/Src/stm32h7xx_hal_dma_ex.c 0x00000000   Number         0  stm32h7xx_hal_dma_ex.o ABSOLUTE
    ../Drivers/STM32H7xx_HAL_Driver/Src/stm32h7xx_hal_exti.c 0x00000000   Number         0  stm32h7xx_hal_exti.o ABSOLUTE
    ../Drivers/STM32H7xx_HAL_Driver/Src/stm32h7xx_hal_fdcan.c 0x00000000   Number         0  stm32h7xx_hal_fdcan.o ABSOLUTE
    ../Drivers/STM32H7xx_HAL_Driver/Src/stm32h7xx_hal_flash.c 0x00000000   Number         0  stm32h7xx_hal_flash.o ABSOLUTE
    ../Drivers/STM32H7xx_HAL_Driver/Src/stm32h7xx_hal_flash_ex.c 0x00000000   Number         0  stm32h7xx_hal_flash_ex.o ABSOLUTE
    ../Drivers/STM32H7xx_HAL_Driver/Src/stm32h7xx_hal_gpio.c 0x00000000   Number         0  stm32h7xx_hal_gpio.o ABSOLUTE
    ../Drivers/STM32H7xx_HAL_Driver/Src/stm32h7xx_hal_hsem.c 0x00000000   Number         0  stm32h7xx_hal_hsem.o ABSOLUTE
    ../Drivers/STM32H7xx_HAL_Driver/Src/stm32h7xx_hal_i2c.c 0x00000000   Number         0  stm32h7xx_hal_i2c.o ABSOLUTE
    ../Drivers/STM32H7xx_HAL_Driver/Src/stm32h7xx_hal_i2c_ex.c 0x00000000   Number         0  stm32h7xx_hal_i2c_ex.o ABSOLUTE
    ../Drivers/STM32H7xx_HAL_Driver/Src/stm32h7xx_hal_mdma.c 0x00000000   Number         0  stm32h7xx_hal_mdma.o ABSOLUTE
    ../Drivers/STM32H7xx_HAL_Driver/Src/stm32h7xx_hal_pwr.c 0x00000000   Number         0  stm32h7xx_hal_pwr.o ABSOLUTE
    ../Drivers/STM32H7xx_HAL_Driver/Src/stm32h7xx_hal_pwr_ex.c 0x00000000   Number         0  stm32h7xx_hal_pwr_ex.o ABSOLUTE
    ../Drivers/STM32H7xx_HAL_Driver/Src/stm32h7xx_hal_rcc.c 0x00000000   Number         0  stm32h7xx_hal_rcc.o ABSOLUTE
    ../Drivers/STM32H7xx_HAL_Driver/Src/stm32h7xx_hal_rcc_ex.c 0x00000000   Number         0  stm32h7xx_hal_rcc_ex.o ABSOLUTE
    ../Drivers/STM32H7xx_HAL_Driver/Src/stm32h7xx_hal_tim.c 0x00000000   Number         0  stm32h7xx_hal_tim.o ABSOLUTE
    ../Drivers/STM32H7xx_HAL_Driver/Src/stm32h7xx_hal_tim_ex.c 0x00000000   Number         0  stm32h7xx_hal_tim_ex.o ABSOLUTE
    ../clib/angel/boardlib.s                 0x00000000   Number         0  boardinit3.o ABSOLUTE
    ../clib/angel/boardlib.s                 0x00000000   Number         0  boardinit1.o ABSOLUTE
    ../clib/angel/boardlib.s                 0x00000000   Number         0  boardinit2.o ABSOLUTE
    ../clib/angel/boardlib.s                 0x00000000   Number         0  boardshut.o ABSOLUTE
    ../clib/angel/handlers.s                 0x00000000   Number         0  __scatter_copy.o ABSOLUTE
    ../clib/angel/handlers.s                 0x00000000   Number         0  __scatter_zi.o ABSOLUTE
    ../clib/angel/kernel.s                   0x00000000   Number         0  rtexit.o ABSOLUTE
    ../clib/angel/kernel.s                   0x00000000   Number         0  __rtentry4.o ABSOLUTE
    ../clib/angel/kernel.s                   0x00000000   Number         0  __rtentry2.o ABSOLUTE
    ../clib/angel/kernel.s                   0x00000000   Number         0  __rtentry.o ABSOLUTE
    ../clib/angel/kernel.s                   0x00000000   Number         0  rtexit2.o ABSOLUTE
    ../clib/angel/rt.s                       0x00000000   Number         0  rt_raise.o ABSOLUTE
    ../clib/angel/scatter.s                  0x00000000   Number         0  __scatter.o ABSOLUTE
    ../clib/angel/startup.s                  0x00000000   Number         0  __main.o ABSOLUTE
    ../clib/angel/sys.s                      0x00000000   Number         0  sys_stackheap_outer.o ABSOLUTE
    ../clib/angel/sys.s                      0x00000000   Number         0  libspace.o ABSOLUTE
    ../clib/angel/sys.s                      0x00000000   Number         0  indicate_semi.o ABSOLUTE
    ../clib/angel/sys.s                      0x00000000   Number         0  use_no_semi.o ABSOLUTE
    ../clib/angel/sysapp.c                   0x00000000   Number         0  sys_wrch.o ABSOLUTE
    ../clib/angel/sysapp.c                   0x00000000   Number         0  sys_exit.o ABSOLUTE
    ../clib/angel/sysapp.c                   0x00000000   Number         0  sys_command.o ABSOLUTE
    ../clib/armsys.c                         0x00000000   Number         0  argv_veneer.o ABSOLUTE
    ../clib/armsys.c                         0x00000000   Number         0  no_argv.o ABSOLUTE
    ../clib/armsys.c                         0x00000000   Number         0  argv_veneer.o ABSOLUTE
    ../clib/armsys.c                         0x00000000   Number         0  _get_argv_nomalloc.o ABSOLUTE
    ../clib/heapalloc.c                      0x00000000   Number         0  hrguard.o ABSOLUTE
    ../clib/heapaux.c                        0x00000000   Number         0  heapauxi.o ABSOLUTE
    ../clib/libinit.s                        0x00000000   Number         0  libinit2.o ABSOLUTE
    ../clib/libinit.s                        0x00000000   Number         0  libinit.o ABSOLUTE
    ../clib/libinit.s                        0x00000000   Number         0  libshutdown.o ABSOLUTE
    ../clib/libinit.s                        0x00000000   Number         0  libshutdown2.o ABSOLUTE
    ../clib/memcpset.s                       0x00000000   Number         0  rt_memclr_w.o ABSOLUTE
    ../clib/memcpset.s                       0x00000000   Number         0  rt_memcpy_w.o ABSOLUTE
    ../clib/signal.c                         0x00000000   Number         0  defsig_rtmem_inner.o ABSOLUTE
    ../clib/signal.c                         0x00000000   Number         0  defsig_general.o ABSOLUTE
    ../clib/signal.c                         0x00000000   Number         0  defsig_rtred_inner.o ABSOLUTE
    ../clib/signal.c                         0x00000000   Number         0  defsig_rtmem_outer.o ABSOLUTE
    ../clib/signal.c                         0x00000000   Number         0  defsig_exit.o ABSOLUTE
    ../clib/signal.c                         0x00000000   Number         0  defsig_fpe_inner.o ABSOLUTE
    ../clib/signal.c                         0x00000000   Number         0  defsig_rtmem_formal.o ABSOLUTE
    ../clib/signal.c                         0x00000000   Number         0  defsig_abrt_inner.o ABSOLUTE
    ../clib/signal.c                         0x00000000   Number         0  __raise.o ABSOLUTE
    ../clib/signal.c                         0x00000000   Number         0  defsig_other.o ABSOLUTE
    ../clib/signal.c                         0x00000000   Number         0  defsig_segv_inner.o ABSOLUTE
    ../clib/signal.c                         0x00000000   Number         0  defsig_cppl_inner.o ABSOLUTE
    ../clib/signal.c                         0x00000000   Number         0  defsig_pvfn_inner.o ABSOLUTE
    ../clib/signal.c                         0x00000000   Number         0  defsig_stak_inner.o ABSOLUTE
    ../clib/signal.s                         0x00000000   Number         0  defsig.o ABSOLUTE
    ../clib/stdlib.c                         0x00000000   Number         0  exit.o ABSOLUTE
    ../fplib/fpinit.s                        0x00000000   Number         0  fpinit.o ABSOLUTE
    ..\Core\Src\bsp_fdcan.c                  0x00000000   Number         0  bsp_fdcan.o ABSOLUTE
    ..\Core\Src\fdcan.c                      0x00000000   Number         0  fdcan.o ABSOLUTE
    ..\Core\Src\gpio.c                       0x00000000   Number         0  gpio.o ABSOLUTE
    ..\Core\Src\main.c                       0x00000000   Number         0  main.o ABSOLUTE
    ..\Core\Src\memorymap.c                  0x00000000   Number         0  memorymap.o ABSOLUTE
    ..\Core\Src\stm32h7xx_hal_msp.c          0x00000000   Number         0  stm32h7xx_hal_msp.o ABSOLUTE
    ..\Core\Src\stm32h7xx_it.c               0x00000000   Number         0  stm32h7xx_it.o ABSOLUTE
    ..\Core\Src\system_stm32h7xx.c           0x00000000   Number         0  system_stm32h7xx.o ABSOLUTE
    ..\Drivers\STM32H7xx_HAL_Driver\Src\stm32h7xx_hal.c 0x00000000   Number         0  stm32h7xx_hal.o ABSOLUTE
    ..\Drivers\STM32H7xx_HAL_Driver\Src\stm32h7xx_hal_cortex.c 0x00000000   Number         0  stm32h7xx_hal_cortex.o ABSOLUTE
    ..\Drivers\STM32H7xx_HAL_Driver\Src\stm32h7xx_hal_dma.c 0x00000000   Number         0  stm32h7xx_hal_dma.o ABSOLUTE
    ..\Drivers\STM32H7xx_HAL_Driver\Src\stm32h7xx_hal_dma_ex.c 0x00000000   Number         0  stm32h7xx_hal_dma_ex.o ABSOLUTE
    ..\Drivers\STM32H7xx_HAL_Driver\Src\stm32h7xx_hal_exti.c 0x00000000   Number         0  stm32h7xx_hal_exti.o ABSOLUTE
    ..\Drivers\STM32H7xx_HAL_Driver\Src\stm32h7xx_hal_fdcan.c 0x00000000   Number         0  stm32h7xx_hal_fdcan.o ABSOLUTE
    ..\Drivers\STM32H7xx_HAL_Driver\Src\stm32h7xx_hal_flash.c 0x00000000   Number         0  stm32h7xx_hal_flash.o ABSOLUTE
    ..\Drivers\STM32H7xx_HAL_Driver\Src\stm32h7xx_hal_flash_ex.c 0x00000000   Number         0  stm32h7xx_hal_flash_ex.o ABSOLUTE
    ..\Drivers\STM32H7xx_HAL_Driver\Src\stm32h7xx_hal_gpio.c 0x00000000   Number         0  stm32h7xx_hal_gpio.o ABSOLUTE
    ..\Drivers\STM32H7xx_HAL_Driver\Src\stm32h7xx_hal_hsem.c 0x00000000   Number         0  stm32h7xx_hal_hsem.o ABSOLUTE
    ..\Drivers\STM32H7xx_HAL_Driver\Src\stm32h7xx_hal_i2c.c 0x00000000   Number         0  stm32h7xx_hal_i2c.o ABSOLUTE
    ..\Drivers\STM32H7xx_HAL_Driver\Src\stm32h7xx_hal_i2c_ex.c 0x00000000   Number         0  stm32h7xx_hal_i2c_ex.o ABSOLUTE
    ..\Drivers\STM32H7xx_HAL_Driver\Src\stm32h7xx_hal_mdma.c 0x00000000   Number         0  stm32h7xx_hal_mdma.o ABSOLUTE
    ..\Drivers\STM32H7xx_HAL_Driver\Src\stm32h7xx_hal_pwr.c 0x00000000   Number         0  stm32h7xx_hal_pwr.o ABSOLUTE
    ..\Drivers\STM32H7xx_HAL_Driver\Src\stm32h7xx_hal_pwr_ex.c 0x00000000   Number         0  stm32h7xx_hal_pwr_ex.o ABSOLUTE
    ..\Drivers\STM32H7xx_HAL_Driver\Src\stm32h7xx_hal_rcc.c 0x00000000   Number         0  stm32h7xx_hal_rcc.o ABSOLUTE
    ..\Drivers\STM32H7xx_HAL_Driver\Src\stm32h7xx_hal_rcc_ex.c 0x00000000   Number         0  stm32h7xx_hal_rcc_ex.o ABSOLUTE
    ..\Drivers\STM32H7xx_HAL_Driver\Src\stm32h7xx_hal_tim.c 0x00000000   Number         0  stm32h7xx_hal_tim.o ABSOLUTE
    ..\Drivers\STM32H7xx_HAL_Driver\Src\stm32h7xx_hal_tim_ex.c 0x00000000   Number         0  stm32h7xx_hal_tim_ex.o ABSOLUTE
    ..\\Core\\Src\\bsp_fdcan.c               0x00000000   Number         0  bsp_fdcan.o ABSOLUTE
    dc.s                                     0x00000000   Number         0  dc.o ABSOLUTE
    startup_stm32h723xx.s                    0x00000000   Number         0  startup_stm32h723xx.o ABSOLUTE
    RESET                                    0x08000000   Section      716  startup_stm32h723xx.o(RESET)
    !!!main                                  0x080002cc   Section        8  __main.o(!!!main)
    !!!scatter                               0x080002d4   Section       52  __scatter.o(!!!scatter)
    !!handler_copy                           0x08000308   Section       26  __scatter_copy.o(!!handler_copy)
    !!handler_zi                             0x08000324   Section       28  __scatter_zi.o(!!handler_zi)
    .ARM.Collect$$libinit$$00000000          0x08000340   Section        2  libinit.o(.ARM.Collect$$libinit$$00000000)
    .ARM.Collect$$libinit$$00000001          0x08000342   Section        4  libinit2.o(.ARM.Collect$$libinit$$00000001)
    .ARM.Collect$$libinit$$00000004          0x08000346   Section        0  libinit2.o(.ARM.Collect$$libinit$$00000004)
    .ARM.Collect$$libinit$$0000000A          0x08000346   Section        0  libinit2.o(.ARM.Collect$$libinit$$0000000A)
    .ARM.Collect$$libinit$$0000000C          0x08000346   Section        0  libinit2.o(.ARM.Collect$$libinit$$0000000C)
    .ARM.Collect$$libinit$$0000000E          0x08000346   Section        0  libinit2.o(.ARM.Collect$$libinit$$0000000E)
    .ARM.Collect$$libinit$$00000011          0x08000346   Section        0  libinit2.o(.ARM.Collect$$libinit$$00000011)
    .ARM.Collect$$libinit$$00000013          0x08000346   Section        0  libinit2.o(.ARM.Collect$$libinit$$00000013)
    .ARM.Collect$$libinit$$00000015          0x08000346   Section        0  libinit2.o(.ARM.Collect$$libinit$$00000015)
    .ARM.Collect$$libinit$$00000017          0x08000346   Section        0  libinit2.o(.ARM.Collect$$libinit$$00000017)
    .ARM.Collect$$libinit$$00000019          0x08000346   Section        0  libinit2.o(.ARM.Collect$$libinit$$00000019)
    .ARM.Collect$$libinit$$0000001B          0x08000346   Section        0  libinit2.o(.ARM.Collect$$libinit$$0000001B)
    .ARM.Collect$$libinit$$0000001D          0x08000346   Section        0  libinit2.o(.ARM.Collect$$libinit$$0000001D)
    .ARM.Collect$$libinit$$0000001F          0x08000346   Section        0  libinit2.o(.ARM.Collect$$libinit$$0000001F)
    .ARM.Collect$$libinit$$00000021          0x08000346   Section        0  libinit2.o(.ARM.Collect$$libinit$$00000021)
    .ARM.Collect$$libinit$$00000023          0x08000346   Section        0  libinit2.o(.ARM.Collect$$libinit$$00000023)
    .ARM.Collect$$libinit$$00000025          0x08000346   Section        0  libinit2.o(.ARM.Collect$$libinit$$00000025)
    .ARM.Collect$$libinit$$0000002C          0x08000346   Section        0  libinit2.o(.ARM.Collect$$libinit$$0000002C)
    .ARM.Collect$$libinit$$0000002E          0x08000346   Section        0  libinit2.o(.ARM.Collect$$libinit$$0000002E)
    .ARM.Collect$$libinit$$00000030          0x08000346   Section        0  libinit2.o(.ARM.Collect$$libinit$$00000030)
    .ARM.Collect$$libinit$$00000032          0x08000346   Section        0  libinit2.o(.ARM.Collect$$libinit$$00000032)
    .ARM.Collect$$libinit$$00000033          0x08000346   Section        2  libinit2.o(.ARM.Collect$$libinit$$00000033)
    .ARM.Collect$$libshutdown$$00000000      0x08000348   Section        2  libshutdown.o(.ARM.Collect$$libshutdown$$00000000)
    .ARM.Collect$$libshutdown$$00000002      0x0800034a   Section        0  libshutdown2.o(.ARM.Collect$$libshutdown$$00000002)
    .ARM.Collect$$libshutdown$$00000004      0x0800034a   Section        0  libshutdown2.o(.ARM.Collect$$libshutdown$$00000004)
    .ARM.Collect$$libshutdown$$00000007      0x0800034a   Section        0  libshutdown2.o(.ARM.Collect$$libshutdown$$00000007)
    .ARM.Collect$$libshutdown$$0000000A      0x0800034a   Section        0  libshutdown2.o(.ARM.Collect$$libshutdown$$0000000A)
    .ARM.Collect$$libshutdown$$0000000C      0x0800034a   Section        0  libshutdown2.o(.ARM.Collect$$libshutdown$$0000000C)
    .ARM.Collect$$libshutdown$$0000000F      0x0800034a   Section        0  libshutdown2.o(.ARM.Collect$$libshutdown$$0000000F)
    .ARM.Collect$$libshutdown$$00000010      0x0800034a   Section        2  libshutdown2.o(.ARM.Collect$$libshutdown$$00000010)
    .ARM.Collect$$rtentry$$00000000          0x0800034c   Section        0  __rtentry.o(.ARM.Collect$$rtentry$$00000000)
    .ARM.Collect$$rtentry$$00000002          0x0800034c   Section        0  __rtentry2.o(.ARM.Collect$$rtentry$$00000002)
    .ARM.Collect$$rtentry$$00000004          0x0800034c   Section        6  __rtentry4.o(.ARM.Collect$$rtentry$$00000004)
    .ARM.Collect$$rtentry$$00000009          0x08000352   Section        0  __rtentry2.o(.ARM.Collect$$rtentry$$00000009)
    .ARM.Collect$$rtentry$$0000000A          0x08000352   Section        4  __rtentry2.o(.ARM.Collect$$rtentry$$0000000A)
    .ARM.Collect$$rtentry$$0000000C          0x08000356   Section        0  __rtentry2.o(.ARM.Collect$$rtentry$$0000000C)
    .ARM.Collect$$rtentry$$0000000D          0x08000356   Section        8  __rtentry2.o(.ARM.Collect$$rtentry$$0000000D)
    .ARM.Collect$$rtexit$$00000000           0x0800035e   Section        2  rtexit.o(.ARM.Collect$$rtexit$$00000000)
    .ARM.Collect$$rtexit$$00000002           0x08000360   Section        0  rtexit2.o(.ARM.Collect$$rtexit$$00000002)
    .ARM.Collect$$rtexit$$00000003           0x08000360   Section        4  rtexit2.o(.ARM.Collect$$rtexit$$00000003)
    .ARM.Collect$$rtexit$$00000004           0x08000364   Section        6  rtexit2.o(.ARM.Collect$$rtexit$$00000004)
    .text                                    0x0800036c   Section       64  startup_stm32h723xx.o(.text)
    $v0                                      0x0800036c   Number         0  startup_stm32h723xx.o(.text)
    .text                                    0x080003ac   Section      100  rt_memcpy_w.o(.text)
    .text                                    0x08000410   Section       78  rt_memclr_w.o(.text)
    .text                                    0x0800045e   Section        0  heapauxi.o(.text)
    .text                                    0x08000464   Section       74  sys_stackheap_outer.o(.text)
    .text                                    0x080004ae   Section        0  exit.o(.text)
    .text                                    0x080004c0   Section        8  libspace.o(.text)
    .text                                    0x080004c8   Section        0  sys_exit.o(.text)
    .text                                    0x080004d4   Section        2  use_no_semi.o(.text)
    .text                                    0x080004d6   Section        0  indicate_semi.o(.text)
    i.BusFault_Handler                       0x080004d6   Section        0  stm32h7xx_it.o(i.BusFault_Handler)
    i.DebugMon_Handler                       0x080004d8   Section        0  stm32h7xx_it.o(i.DebugMon_Handler)
    i.Error_Handler                          0x080004da   Section        0  main.o(i.Error_Handler)
    i.FDCAN1_IT0_IRQHandler                  0x080004e0   Section        0  stm32h7xx_it.o(i.FDCAN1_IT0_IRQHandler)
    i.FDCAN1_IT1_IRQHandler                  0x080004ec   Section        0  stm32h7xx_it.o(i.FDCAN1_IT1_IRQHandler)
    i.FDCAN_CalcultateRamBlockAddresses      0x080004f8   Section        0  stm32h7xx_hal_fdcan.o(i.FDCAN_CalcultateRamBlockAddresses)
    FDCAN_CalcultateRamBlockAddresses        0x080004f9   Thumb Code   446  stm32h7xx_hal_fdcan.o(i.FDCAN_CalcultateRamBlockAddresses)
    i.FDCAN_CopyMessageToRAM                 0x080006c0   Section        0  stm32h7xx_hal_fdcan.o(i.FDCAN_CopyMessageToRAM)
    FDCAN_CopyMessageToRAM                   0x080006c1   Thumb Code   104  stm32h7xx_hal_fdcan.o(i.FDCAN_CopyMessageToRAM)
    i.HAL_Delay                              0x0800072c   Section        0  stm32h7xx_hal.o(i.HAL_Delay)
    i.HAL_FDCAN_ActivateNotification         0x08000750   Section        0  stm32h7xx_hal_fdcan.o(i.HAL_FDCAN_ActivateNotification)
    i.HAL_FDCAN_AddMessageToTxFifoQ          0x080007d8   Section        0  stm32h7xx_hal_fdcan.o(i.HAL_FDCAN_AddMessageToTxFifoQ)
    i.HAL_FDCAN_ClockCalibrationCallback     0x0800083e   Section        0  stm32h7xx_hal_fdcan.o(i.HAL_FDCAN_ClockCalibrationCallback)
    i.HAL_FDCAN_ConfigFifoWatermark          0x08000840   Section        0  stm32h7xx_hal_fdcan.o(i.HAL_FDCAN_ConfigFifoWatermark)
    i.HAL_FDCAN_ConfigFilter                 0x0800089a   Section        0  stm32h7xx_hal_fdcan.o(i.HAL_FDCAN_ConfigFilter)
    i.HAL_FDCAN_ConfigGlobalFilter           0x08000918   Section        0  stm32h7xx_hal_fdcan.o(i.HAL_FDCAN_ConfigGlobalFilter)
    i.HAL_FDCAN_ErrorCallback                0x0800094a   Section        0  stm32h7xx_hal_fdcan.o(i.HAL_FDCAN_ErrorCallback)
    i.HAL_FDCAN_ErrorStatusCallback          0x0800094c   Section        0  stm32h7xx_hal_fdcan.o(i.HAL_FDCAN_ErrorStatusCallback)
    i.HAL_FDCAN_GetRxMessage                 0x08000950   Section        0  stm32h7xx_hal_fdcan.o(i.HAL_FDCAN_GetRxMessage)
    i.HAL_FDCAN_HighPriorityMessageCallback  0x08000adc   Section        0  stm32h7xx_hal_fdcan.o(i.HAL_FDCAN_HighPriorityMessageCallback)
    i.HAL_FDCAN_IRQHandler                   0x08000ae0   Section        0  stm32h7xx_hal_fdcan.o(i.HAL_FDCAN_IRQHandler)
    i.HAL_FDCAN_Init                         0x08000e00   Section        0  stm32h7xx_hal_fdcan.o(i.HAL_FDCAN_Init)
    i.HAL_FDCAN_MspInit                      0x08001044   Section        0  fdcan.o(i.HAL_FDCAN_MspInit)
    i.HAL_FDCAN_RxBufferNewMessageCallback   0x080011d8   Section        0  stm32h7xx_hal_fdcan.o(i.HAL_FDCAN_RxBufferNewMessageCallback)
    i.HAL_FDCAN_RxFifo0Callback              0x080011dc   Section        0  bsp_fdcan.o(i.HAL_FDCAN_RxFifo0Callback)
    i.HAL_FDCAN_RxFifo1Callback              0x08001210   Section        0  stm32h7xx_hal_fdcan.o(i.HAL_FDCAN_RxFifo1Callback)
    i.HAL_FDCAN_Start                        0x08001212   Section        0  stm32h7xx_hal_fdcan.o(i.HAL_FDCAN_Start)
    i.HAL_FDCAN_TT_GlobalTimeCallback        0x08001244   Section        0  stm32h7xx_hal_fdcan.o(i.HAL_FDCAN_TT_GlobalTimeCallback)
    i.HAL_FDCAN_TT_ScheduleSyncCallback      0x08001246   Section        0  stm32h7xx_hal_fdcan.o(i.HAL_FDCAN_TT_ScheduleSyncCallback)
    i.HAL_FDCAN_TT_StopWatchCallback         0x08001248   Section        0  stm32h7xx_hal_fdcan.o(i.HAL_FDCAN_TT_StopWatchCallback)
    i.HAL_FDCAN_TT_TimeMarkCallback          0x0800124a   Section        0  stm32h7xx_hal_fdcan.o(i.HAL_FDCAN_TT_TimeMarkCallback)
    i.HAL_FDCAN_TimeoutOccurredCallback      0x0800124c   Section        0  stm32h7xx_hal_fdcan.o(i.HAL_FDCAN_TimeoutOccurredCallback)
    i.HAL_FDCAN_TimestampWraparoundCallback  0x0800124e   Section        0  stm32h7xx_hal_fdcan.o(i.HAL_FDCAN_TimestampWraparoundCallback)
    i.HAL_FDCAN_TxBufferAbortCallback        0x08001250   Section        0  stm32h7xx_hal_fdcan.o(i.HAL_FDCAN_TxBufferAbortCallback)
    i.HAL_FDCAN_TxBufferCompleteCallback     0x08001252   Section        0  stm32h7xx_hal_fdcan.o(i.HAL_FDCAN_TxBufferCompleteCallback)
    i.HAL_FDCAN_TxEventFifoCallback          0x08001254   Section        0  stm32h7xx_hal_fdcan.o(i.HAL_FDCAN_TxEventFifoCallback)
    i.HAL_FDCAN_TxFifoEmptyCallback          0x08001256   Section        0  stm32h7xx_hal_fdcan.o(i.HAL_FDCAN_TxFifoEmptyCallback)
    i.HAL_GPIO_Init                          0x08001258   Section        0  stm32h7xx_hal_gpio.o(i.HAL_GPIO_Init)
    i.HAL_GetTick                            0x08001474   Section        0  stm32h7xx_hal.o(i.HAL_GetTick)
    i.HAL_IncTick                            0x08001480   Section        0  stm32h7xx_hal.o(i.HAL_IncTick)
    i.HAL_Init                               0x08001490   Section        0  stm32h7xx_hal.o(i.HAL_Init)
    i.HAL_InitTick                           0x080014ec   Section        0  stm32h7xx_hal.o(i.HAL_InitTick)
    i.HAL_MPU_ConfigRegion                   0x0800152c   Section        0  stm32h7xx_hal_cortex.o(i.HAL_MPU_ConfigRegion)
    i.HAL_MPU_Disable                        0x08001588   Section        0  stm32h7xx_hal_cortex.o(i.HAL_MPU_Disable)
    i.HAL_MPU_Enable                         0x080015a4   Section        0  stm32h7xx_hal_cortex.o(i.HAL_MPU_Enable)
    i.HAL_MspInit                            0x080015c8   Section        0  stm32h7xx_hal_msp.o(i.HAL_MspInit)
    i.HAL_NVIC_EnableIRQ                     0x080015e4   Section        0  stm32h7xx_hal_cortex.o(i.HAL_NVIC_EnableIRQ)
    i.HAL_NVIC_SetPriority                   0x08001600   Section        0  stm32h7xx_hal_cortex.o(i.HAL_NVIC_SetPriority)
    i.HAL_NVIC_SetPriorityGrouping           0x08001640   Section        0  stm32h7xx_hal_cortex.o(i.HAL_NVIC_SetPriorityGrouping)
    i.HAL_PWREx_ConfigSupply                 0x08001664   Section        0  stm32h7xx_hal_pwr_ex.o(i.HAL_PWREx_ConfigSupply)
    i.HAL_RCCEx_PeriphCLKConfig              0x080016b8   Section        0  stm32h7xx_hal_rcc_ex.o(i.HAL_RCCEx_PeriphCLKConfig)
    i.HAL_RCC_ClockConfig                    0x08001ff4   Section        0  stm32h7xx_hal_rcc.o(i.HAL_RCC_ClockConfig)
    i.HAL_RCC_GetSysClockFreq                0x08002250   Section        0  stm32h7xx_hal_rcc.o(i.HAL_RCC_GetSysClockFreq)
    i.HAL_RCC_OscConfig                      0x08002388   Section        0  stm32h7xx_hal_rcc.o(i.HAL_RCC_OscConfig)
    i.HAL_SYSTICK_Config                     0x080028ae   Section        0  stm32h7xx_hal_cortex.o(i.HAL_SYSTICK_Config)
    i.HardFault_Handler                      0x080028d4   Section        0  stm32h7xx_it.o(i.HardFault_Handler)
    i.MX_FDCAN1_Init                         0x080028d8   Section        0  fdcan.o(i.MX_FDCAN1_Init)
    i.MX_FDCAN2_Init                         0x0800294c   Section        0  fdcan.o(i.MX_FDCAN2_Init)
    i.MX_FDCAN3_Init                         0x080029b0   Section        0  fdcan.o(i.MX_FDCAN3_Init)
    i.MX_GPIO_Init                           0x08002a14   Section        0  gpio.o(i.MX_GPIO_Init)
    i.MemManage_Handler                      0x08002a60   Section        0  stm32h7xx_it.o(i.MemManage_Handler)
    i.NMI_Handler                            0x08002a62   Section        0  stm32h7xx_it.o(i.NMI_Handler)
    i.PendSV_Handler                         0x08002a64   Section        0  stm32h7xx_it.o(i.PendSV_Handler)
    i.RCCEx_PLL2_Config                      0x08002a68   Section        0  stm32h7xx_hal_rcc_ex.o(i.RCCEx_PLL2_Config)
    RCCEx_PLL2_Config                        0x08002a69   Thumb Code   284  stm32h7xx_hal_rcc_ex.o(i.RCCEx_PLL2_Config)
    i.RCCEx_PLL3_Config                      0x08002b88   Section        0  stm32h7xx_hal_rcc_ex.o(i.RCCEx_PLL3_Config)
    RCCEx_PLL3_Config                        0x08002b89   Thumb Code   284  stm32h7xx_hal_rcc_ex.o(i.RCCEx_PLL3_Config)
    i.SVC_Handler                            0x08002ca8   Section        0  stm32h7xx_it.o(i.SVC_Handler)
    i.SysTick_Handler                        0x08002caa   Section        0  stm32h7xx_it.o(i.SysTick_Handler)
    i.SystemClock_Config                     0x08002cb0   Section        0  main.o(i.SystemClock_Config)
    i.SystemInit                             0x08002d48   Section        0  system_stm32h7xx.o(i.SystemInit)
    i.UsageFault_Handler                     0x08002e08   Section        0  stm32h7xx_it.o(i.UsageFault_Handler)
    i.__NVIC_SetPriority                     0x08002e0a   Section        0  stm32h7xx_hal_cortex.o(i.__NVIC_SetPriority)
    __NVIC_SetPriority                       0x08002e0b   Thumb Code    34  stm32h7xx_hal_cortex.o(i.__NVIC_SetPriority)
    i.bsp_can_init                           0x08002e2c   Section        0  bsp_fdcan.o(i.bsp_can_init)
    i.can_filter_init                        0x08002e74   Section        0  bsp_fdcan.o(i.can_filter_init)
    i.fdcan1_rx_callback                     0x08002eb4   Section        0  bsp_fdcan.o(i.fdcan1_rx_callback)
    i.fdcan2_rx_callback                     0x08002ec8   Section        0  bsp_fdcan.o(i.fdcan2_rx_callback)
    i.fdcan3_rx_callback                     0x08002edc   Section        0  bsp_fdcan.o(i.fdcan3_rx_callback)
    i.fdcanx_receive                         0x08002ef0   Section        0  bsp_fdcan.o(i.fdcanx_receive)
    i.fdcanx_send_data                       0x08002f42   Section        0  bsp_fdcan.o(i.fdcanx_send_data)
    i.main                                   0x08002fb0   Section        0  main.o(i.main)
    x$fpl$fpinit                             0x08003038   Section       10  fpinit.o(x$fpl$fpinit)
    $v0                                      0x08003038   Number         0  fpinit.o(x$fpl$fpinit)
    .constdata                               0x08003044   Section       92  stm32h7xx_hal_fdcan.o(.constdata)
    DLCtoBytes                               0x08003044   Data          16  stm32h7xx_hal_fdcan.o(.constdata)
    .constdata                               0x080030a0   Section       16  system_stm32h7xx.o(.constdata)
    .data                                    0x20000000   Section       30  bsp_fdcan.o(.data)
    .data                                    0x2000001e   Section        8  main.o(.data)
    .data                                    0x20000028   Section        4  fdcan.o(.data)
    HAL_RCC_FDCAN_CLK_ENABLED                0x20000028   Data           4  fdcan.o(.data)
    .data                                    0x2000002c   Section       12  stm32h7xx_hal.o(.data)
    .data                                    0x20000038   Section        8  system_stm32h7xx.o(.data)
    STACK                                    0x20000040   Section     1024  startup_stm32h723xx.o(STACK)
    Stack_Mem                                0x20000040   Data        1024  startup_stm32h723xx.o(STACK)
    __initial_sp                             0x20000440   Data           0  startup_stm32h723xx.o(STACK)
    .bss                                     0x24000000   Section      480  fdcan.o(.bss)
    .bss                                     0x240001e0   Section       96  libspace.o(.bss)
    HEAP                                     0x24000240   Section      512  startup_stm32h723xx.o(HEAP)
    Heap_Mem                                 0x24000240   Data         512  startup_stm32h723xx.o(HEAP)

    Global Symbols

    Symbol Name                              Value     Ov Type        Size  Object(Section)

    BuildAttributes$$THM_ISAv4$E$P$D$K$B$S$7EM$VFPv5_D16$PE$PLD8$A:L22UL41UL21$X:L11$S22US41US21$IEEE1$IW$USESV6$~STKCKD$USESV7$~SHL$OSPACE$ROPI$EBA8$UX$STANDARDLIB$REQ8$PRES8$EABIv2 0x00000000   Number         0  anon$$obj.o ABSOLUTE
    __ARM_use_no_argv                        0x00000000   Number         0  main.o ABSOLUTE
    __ARM_exceptions_init                     - Undefined Weak Reference
    __alloca_initialize                       - Undefined Weak Reference
    __arm_preinit_                            - Undefined Weak Reference
    __cpp_initialize__aeabi_                  - Undefined Weak Reference
    __cxa_finalize                            - Undefined Weak Reference
    __rt_locale                               - Undefined Weak Reference
    __sigvec_lookup                           - Undefined Weak Reference
    _atexit_init                              - Undefined Weak Reference
    _call_atexit_fns                          - Undefined Weak Reference
    _clock_init                               - Undefined Weak Reference
    _fp_trap_init                             - Undefined Weak Reference
    _fp_trap_shutdown                         - Undefined Weak Reference
    _get_lc_collate                           - Undefined Weak Reference
    _get_lc_ctype                             - Undefined Weak Reference
    _get_lc_monetary                          - Undefined Weak Reference
    _get_lc_numeric                           - Undefined Weak Reference
    _get_lc_time                              - Undefined Weak Reference
    _getenv_init                              - Undefined Weak Reference
    _handle_redirection                       - Undefined Weak Reference
    _init_alloc                               - Undefined Weak Reference
    _init_user_alloc                          - Undefined Weak Reference
    _initio                                   - Undefined Weak Reference
    _rand_init                                - Undefined Weak Reference
    _signal_finish                            - Undefined Weak Reference
    _signal_init                              - Undefined Weak Reference
    _terminate_alloc                          - Undefined Weak Reference
    _terminate_user_alloc                     - Undefined Weak Reference
    _terminateio                              - Undefined Weak Reference
    __Vectors_Size                           0x000002cc   Number         0  startup_stm32h723xx.o ABSOLUTE
    __Vectors                                0x08000000   Data           4  startup_stm32h723xx.o(RESET)
    __Vectors_End                            0x080002cc   Data           0  startup_stm32h723xx.o(RESET)
    __main                                   0x080002cd   Thumb Code     8  __main.o(!!!main)
    __scatterload                            0x080002d5   Thumb Code     0  __scatter.o(!!!scatter)
    __scatterload_rt2                        0x080002d5   Thumb Code    44  __scatter.o(!!!scatter)
    __scatterload_rt2_thumb_only             0x080002d5   Thumb Code     0  __scatter.o(!!!scatter)
    __scatterload_null                       0x080002e3   Thumb Code     0  __scatter.o(!!!scatter)
    __scatterload_copy                       0x08000309   Thumb Code    26  __scatter_copy.o(!!handler_copy)
    __scatterload_zeroinit                   0x08000325   Thumb Code    28  __scatter_zi.o(!!handler_zi)
    __rt_lib_init                            0x08000341   Thumb Code     0  libinit.o(.ARM.Collect$$libinit$$00000000)
    __rt_lib_init_fp_1                       0x08000343   Thumb Code     0  libinit2.o(.ARM.Collect$$libinit$$00000001)
    __rt_lib_init_alloca_1                   0x08000347   Thumb Code     0  libinit2.o(.ARM.Collect$$libinit$$0000002E)
    __rt_lib_init_argv_1                     0x08000347   Thumb Code     0  libinit2.o(.ARM.Collect$$libinit$$0000002C)
    __rt_lib_init_atexit_1                   0x08000347   Thumb Code     0  libinit2.o(.ARM.Collect$$libinit$$0000001B)
    __rt_lib_init_clock_1                    0x08000347   Thumb Code     0  libinit2.o(.ARM.Collect$$libinit$$00000021)
    __rt_lib_init_cpp_1                      0x08000347   Thumb Code     0  libinit2.o(.ARM.Collect$$libinit$$00000032)
    __rt_lib_init_exceptions_1               0x08000347   Thumb Code     0  libinit2.o(.ARM.Collect$$libinit$$00000030)
    __rt_lib_init_fp_trap_1                  0x08000347   Thumb Code     0  libinit2.o(.ARM.Collect$$libinit$$0000001F)
    __rt_lib_init_getenv_1                   0x08000347   Thumb Code     0  libinit2.o(.ARM.Collect$$libinit$$00000023)
    __rt_lib_init_heap_1                     0x08000347   Thumb Code     0  libinit2.o(.ARM.Collect$$libinit$$0000000A)
    __rt_lib_init_lc_collate_1               0x08000347   Thumb Code     0  libinit2.o(.ARM.Collect$$libinit$$00000011)
    __rt_lib_init_lc_ctype_1                 0x08000347   Thumb Code     0  libinit2.o(.ARM.Collect$$libinit$$00000013)
    __rt_lib_init_lc_monetary_1              0x08000347   Thumb Code     0  libinit2.o(.ARM.Collect$$libinit$$00000015)
    __rt_lib_init_lc_numeric_1               0x08000347   Thumb Code     0  libinit2.o(.ARM.Collect$$libinit$$00000017)
    __rt_lib_init_lc_time_1                  0x08000347   Thumb Code     0  libinit2.o(.ARM.Collect$$libinit$$00000019)
    __rt_lib_init_preinit_1                  0x08000347   Thumb Code     0  libinit2.o(.ARM.Collect$$libinit$$00000004)
    __rt_lib_init_rand_1                     0x08000347   Thumb Code     0  libinit2.o(.ARM.Collect$$libinit$$0000000E)
    __rt_lib_init_return                     0x08000347   Thumb Code     0  libinit2.o(.ARM.Collect$$libinit$$00000033)
    __rt_lib_init_signal_1                   0x08000347   Thumb Code     0  libinit2.o(.ARM.Collect$$libinit$$0000001D)
    __rt_lib_init_stdio_1                    0x08000347   Thumb Code     0  libinit2.o(.ARM.Collect$$libinit$$00000025)
    __rt_lib_init_user_alloc_1               0x08000347   Thumb Code     0  libinit2.o(.ARM.Collect$$libinit$$0000000C)
    __rt_lib_shutdown                        0x08000349   Thumb Code     0  libshutdown.o(.ARM.Collect$$libshutdown$$00000000)
    __rt_lib_shutdown_cpp_1                  0x0800034b   Thumb Code     0  libshutdown2.o(.ARM.Collect$$libshutdown$$00000002)
    __rt_lib_shutdown_fp_trap_1              0x0800034b   Thumb Code     0  libshutdown2.o(.ARM.Collect$$libshutdown$$00000007)
    __rt_lib_shutdown_heap_1                 0x0800034b   Thumb Code     0  libshutdown2.o(.ARM.Collect$$libshutdown$$0000000F)
    __rt_lib_shutdown_return                 0x0800034b   Thumb Code     0  libshutdown2.o(.ARM.Collect$$libshutdown$$00000010)
    __rt_lib_shutdown_signal_1               0x0800034b   Thumb Code     0  libshutdown2.o(.ARM.Collect$$libshutdown$$0000000A)
    __rt_lib_shutdown_stdio_1                0x0800034b   Thumb Code     0  libshutdown2.o(.ARM.Collect$$libshutdown$$00000004)
    __rt_lib_shutdown_user_alloc_1           0x0800034b   Thumb Code     0  libshutdown2.o(.ARM.Collect$$libshutdown$$0000000C)
    __rt_entry                               0x0800034d   Thumb Code     0  __rtentry.o(.ARM.Collect$$rtentry$$00000000)
    __rt_entry_presh_1                       0x0800034d   Thumb Code     0  __rtentry2.o(.ARM.Collect$$rtentry$$00000002)
    __rt_entry_sh                            0x0800034d   Thumb Code     0  __rtentry4.o(.ARM.Collect$$rtentry$$00000004)
    __rt_entry_li                            0x08000353   Thumb Code     0  __rtentry2.o(.ARM.Collect$$rtentry$$0000000A)
    __rt_entry_postsh_1                      0x08000353   Thumb Code     0  __rtentry2.o(.ARM.Collect$$rtentry$$00000009)
    __rt_entry_main                          0x08000357   Thumb Code     0  __rtentry2.o(.ARM.Collect$$rtentry$$0000000D)
    __rt_entry_postli_1                      0x08000357   Thumb Code     0  __rtentry2.o(.ARM.Collect$$rtentry$$0000000C)
    __rt_exit                                0x0800035f   Thumb Code     0  rtexit.o(.ARM.Collect$$rtexit$$00000000)
    __rt_exit_ls                             0x08000361   Thumb Code     0  rtexit2.o(.ARM.Collect$$rtexit$$00000003)
    __rt_exit_prels_1                        0x08000361   Thumb Code     0  rtexit2.o(.ARM.Collect$$rtexit$$00000002)
    __rt_exit_exit                           0x08000365   Thumb Code     0  rtexit2.o(.ARM.Collect$$rtexit$$00000004)
    Reset_Handler                            0x0800036d   Thumb Code     8  startup_stm32h723xx.o(.text)
    ADC3_IRQHandler                          0x08000387   Thumb Code     0  startup_stm32h723xx.o(.text)
    ADC_IRQHandler                           0x08000387   Thumb Code     0  startup_stm32h723xx.o(.text)
    BDMA_Channel0_IRQHandler                 0x08000387   Thumb Code     0  startup_stm32h723xx.o(.text)
    BDMA_Channel1_IRQHandler                 0x08000387   Thumb Code     0  startup_stm32h723xx.o(.text)
    BDMA_Channel2_IRQHandler                 0x08000387   Thumb Code     0  startup_stm32h723xx.o(.text)
    BDMA_Channel3_IRQHandler                 0x08000387   Thumb Code     0  startup_stm32h723xx.o(.text)
    BDMA_Channel4_IRQHandler                 0x08000387   Thumb Code     0  startup_stm32h723xx.o(.text)
    BDMA_Channel5_IRQHandler                 0x08000387   Thumb Code     0  startup_stm32h723xx.o(.text)
    BDMA_Channel6_IRQHandler                 0x08000387   Thumb Code     0  startup_stm32h723xx.o(.text)
    BDMA_Channel7_IRQHandler                 0x08000387   Thumb Code     0  startup_stm32h723xx.o(.text)
    CEC_IRQHandler                           0x08000387   Thumb Code     0  startup_stm32h723xx.o(.text)
    COMP1_IRQHandler                         0x08000387   Thumb Code     0  startup_stm32h723xx.o(.text)
    CORDIC_IRQHandler                        0x08000387   Thumb Code     0  startup_stm32h723xx.o(.text)
    CRS_IRQHandler                           0x08000387   Thumb Code     0  startup_stm32h723xx.o(.text)
    DCMI_PSSI_IRQHandler                     0x08000387   Thumb Code     0  startup_stm32h723xx.o(.text)
    DFSDM1_FLT0_IRQHandler                   0x08000387   Thumb Code     0  startup_stm32h723xx.o(.text)
    DFSDM1_FLT1_IRQHandler                   0x08000387   Thumb Code     0  startup_stm32h723xx.o(.text)
    DFSDM1_FLT2_IRQHandler                   0x08000387   Thumb Code     0  startup_stm32h723xx.o(.text)
    DFSDM1_FLT3_IRQHandler                   0x08000387   Thumb Code     0  startup_stm32h723xx.o(.text)
    DMA1_Stream0_IRQHandler                  0x08000387   Thumb Code     0  startup_stm32h723xx.o(.text)
    DMA1_Stream1_IRQHandler                  0x08000387   Thumb Code     0  startup_stm32h723xx.o(.text)
    DMA1_Stream2_IRQHandler                  0x08000387   Thumb Code     0  startup_stm32h723xx.o(.text)
    DMA1_Stream3_IRQHandler                  0x08000387   Thumb Code     0  startup_stm32h723xx.o(.text)
    DMA1_Stream4_IRQHandler                  0x08000387   Thumb Code     0  startup_stm32h723xx.o(.text)
    DMA1_Stream5_IRQHandler                  0x08000387   Thumb Code     0  startup_stm32h723xx.o(.text)
    DMA1_Stream6_IRQHandler                  0x08000387   Thumb Code     0  startup_stm32h723xx.o(.text)
    DMA1_Stream7_IRQHandler                  0x08000387   Thumb Code     0  startup_stm32h723xx.o(.text)
    DMA2D_IRQHandler                         0x08000387   Thumb Code     0  startup_stm32h723xx.o(.text)
    DMA2_Stream0_IRQHandler                  0x08000387   Thumb Code     0  startup_stm32h723xx.o(.text)
    DMA2_Stream1_IRQHandler                  0x08000387   Thumb Code     0  startup_stm32h723xx.o(.text)
    DMA2_Stream2_IRQHandler                  0x08000387   Thumb Code     0  startup_stm32h723xx.o(.text)
    DMA2_Stream3_IRQHandler                  0x08000387   Thumb Code     0  startup_stm32h723xx.o(.text)
    DMA2_Stream4_IRQHandler                  0x08000387   Thumb Code     0  startup_stm32h723xx.o(.text)
    DMA2_Stream5_IRQHandler                  0x08000387   Thumb Code     0  startup_stm32h723xx.o(.text)
    DMA2_Stream6_IRQHandler                  0x08000387   Thumb Code     0  startup_stm32h723xx.o(.text)
    DMA2_Stream7_IRQHandler                  0x08000387   Thumb Code     0  startup_stm32h723xx.o(.text)
    DMAMUX1_OVR_IRQHandler                   0x08000387   Thumb Code     0  startup_stm32h723xx.o(.text)
    DMAMUX2_OVR_IRQHandler                   0x08000387   Thumb Code     0  startup_stm32h723xx.o(.text)
    DTS_IRQHandler                           0x08000387   Thumb Code     0  startup_stm32h723xx.o(.text)
    ECC_IRQHandler                           0x08000387   Thumb Code     0  startup_stm32h723xx.o(.text)
    ETH_IRQHandler                           0x08000387   Thumb Code     0  startup_stm32h723xx.o(.text)
    ETH_WKUP_IRQHandler                      0x08000387   Thumb Code     0  startup_stm32h723xx.o(.text)
    EXTI0_IRQHandler                         0x08000387   Thumb Code     0  startup_stm32h723xx.o(.text)
    EXTI15_10_IRQHandler                     0x08000387   Thumb Code     0  startup_stm32h723xx.o(.text)
    EXTI1_IRQHandler                         0x08000387   Thumb Code     0  startup_stm32h723xx.o(.text)
    EXTI2_IRQHandler                         0x08000387   Thumb Code     0  startup_stm32h723xx.o(.text)
    EXTI3_IRQHandler                         0x08000387   Thumb Code     0  startup_stm32h723xx.o(.text)
    EXTI4_IRQHandler                         0x08000387   Thumb Code     0  startup_stm32h723xx.o(.text)
    EXTI9_5_IRQHandler                       0x08000387   Thumb Code     0  startup_stm32h723xx.o(.text)
    FDCAN2_IT0_IRQHandler                    0x08000387   Thumb Code     0  startup_stm32h723xx.o(.text)
    FDCAN2_IT1_IRQHandler                    0x08000387   Thumb Code     0  startup_stm32h723xx.o(.text)
    FDCAN3_IT0_IRQHandler                    0x08000387   Thumb Code     0  startup_stm32h723xx.o(.text)
    FDCAN3_IT1_IRQHandler                    0x08000387   Thumb Code     0  startup_stm32h723xx.o(.text)
    FDCAN_CAL_IRQHandler                     0x08000387   Thumb Code     0  startup_stm32h723xx.o(.text)
    FLASH_IRQHandler                         0x08000387   Thumb Code     0  startup_stm32h723xx.o(.text)
    FMAC_IRQHandler                          0x08000387   Thumb Code     0  startup_stm32h723xx.o(.text)
    FMC_IRQHandler                           0x08000387   Thumb Code     0  startup_stm32h723xx.o(.text)
    FPU_IRQHandler                           0x08000387   Thumb Code     0  startup_stm32h723xx.o(.text)
    HSEM1_IRQHandler                         0x08000387   Thumb Code     0  startup_stm32h723xx.o(.text)
    I2C1_ER_IRQHandler                       0x08000387   Thumb Code     0  startup_stm32h723xx.o(.text)
    I2C1_EV_IRQHandler                       0x08000387   Thumb Code     0  startup_stm32h723xx.o(.text)
    I2C2_ER_IRQHandler                       0x08000387   Thumb Code     0  startup_stm32h723xx.o(.text)
    I2C2_EV_IRQHandler                       0x08000387   Thumb Code     0  startup_stm32h723xx.o(.text)
    I2C3_ER_IRQHandler                       0x08000387   Thumb Code     0  startup_stm32h723xx.o(.text)
    I2C3_EV_IRQHandler                       0x08000387   Thumb Code     0  startup_stm32h723xx.o(.text)
    I2C4_ER_IRQHandler                       0x08000387   Thumb Code     0  startup_stm32h723xx.o(.text)
    I2C4_EV_IRQHandler                       0x08000387   Thumb Code     0  startup_stm32h723xx.o(.text)
    I2C5_ER_IRQHandler                       0x08000387   Thumb Code     0  startup_stm32h723xx.o(.text)
    I2C5_EV_IRQHandler                       0x08000387   Thumb Code     0  startup_stm32h723xx.o(.text)
    LPTIM1_IRQHandler                        0x08000387   Thumb Code     0  startup_stm32h723xx.o(.text)
    LPTIM2_IRQHandler                        0x08000387   Thumb Code     0  startup_stm32h723xx.o(.text)
    LPTIM3_IRQHandler                        0x08000387   Thumb Code     0  startup_stm32h723xx.o(.text)
    LPTIM4_IRQHandler                        0x08000387   Thumb Code     0  startup_stm32h723xx.o(.text)
    LPTIM5_IRQHandler                        0x08000387   Thumb Code     0  startup_stm32h723xx.o(.text)
    LPUART1_IRQHandler                       0x08000387   Thumb Code     0  startup_stm32h723xx.o(.text)
    LTDC_ER_IRQHandler                       0x08000387   Thumb Code     0  startup_stm32h723xx.o(.text)
    LTDC_IRQHandler                          0x08000387   Thumb Code     0  startup_stm32h723xx.o(.text)
    MDIOS_IRQHandler                         0x08000387   Thumb Code     0  startup_stm32h723xx.o(.text)
    MDIOS_WKUP_IRQHandler                    0x08000387   Thumb Code     0  startup_stm32h723xx.o(.text)
    MDMA_IRQHandler                          0x08000387   Thumb Code     0  startup_stm32h723xx.o(.text)
    OCTOSPI1_IRQHandler                      0x08000387   Thumb Code     0  startup_stm32h723xx.o(.text)
    OCTOSPI2_IRQHandler                      0x08000387   Thumb Code     0  startup_stm32h723xx.o(.text)
    OTG_HS_EP1_IN_IRQHandler                 0x08000387   Thumb Code     0  startup_stm32h723xx.o(.text)
    OTG_HS_EP1_OUT_IRQHandler                0x08000387   Thumb Code     0  startup_stm32h723xx.o(.text)
    OTG_HS_IRQHandler                        0x08000387   Thumb Code     0  startup_stm32h723xx.o(.text)
    OTG_HS_WKUP_IRQHandler                   0x08000387   Thumb Code     0  startup_stm32h723xx.o(.text)
    PVD_AVD_IRQHandler                       0x08000387   Thumb Code     0  startup_stm32h723xx.o(.text)
    RCC_IRQHandler                           0x08000387   Thumb Code     0  startup_stm32h723xx.o(.text)
    RNG_IRQHandler                           0x08000387   Thumb Code     0  startup_stm32h723xx.o(.text)
    RTC_Alarm_IRQHandler                     0x08000387   Thumb Code     0  startup_stm32h723xx.o(.text)
    RTC_WKUP_IRQHandler                      0x08000387   Thumb Code     0  startup_stm32h723xx.o(.text)
    SAI1_IRQHandler                          0x08000387   Thumb Code     0  startup_stm32h723xx.o(.text)
    SAI4_IRQHandler                          0x08000387   Thumb Code     0  startup_stm32h723xx.o(.text)
    SDMMC1_IRQHandler                        0x08000387   Thumb Code     0  startup_stm32h723xx.o(.text)
    SDMMC2_IRQHandler                        0x08000387   Thumb Code     0  startup_stm32h723xx.o(.text)
    SPDIF_RX_IRQHandler                      0x08000387   Thumb Code     0  startup_stm32h723xx.o(.text)
    SPI1_IRQHandler                          0x08000387   Thumb Code     0  startup_stm32h723xx.o(.text)
    SPI2_IRQHandler                          0x08000387   Thumb Code     0  startup_stm32h723xx.o(.text)
    SPI3_IRQHandler                          0x08000387   Thumb Code     0  startup_stm32h723xx.o(.text)
    SPI4_IRQHandler                          0x08000387   Thumb Code     0  startup_stm32h723xx.o(.text)
    SPI5_IRQHandler                          0x08000387   Thumb Code     0  startup_stm32h723xx.o(.text)
    SPI6_IRQHandler                          0x08000387   Thumb Code     0  startup_stm32h723xx.o(.text)
    SWPMI1_IRQHandler                        0x08000387   Thumb Code     0  startup_stm32h723xx.o(.text)
    TAMP_STAMP_IRQHandler                    0x08000387   Thumb Code     0  startup_stm32h723xx.o(.text)
    TIM15_IRQHandler                         0x08000387   Thumb Code     0  startup_stm32h723xx.o(.text)
    TIM16_IRQHandler                         0x08000387   Thumb Code     0  startup_stm32h723xx.o(.text)
    TIM17_IRQHandler                         0x08000387   Thumb Code     0  startup_stm32h723xx.o(.text)
    TIM1_BRK_IRQHandler                      0x08000387   Thumb Code     0  startup_stm32h723xx.o(.text)
    TIM1_CC_IRQHandler                       0x08000387   Thumb Code     0  startup_stm32h723xx.o(.text)
    TIM1_TRG_COM_IRQHandler                  0x08000387   Thumb Code     0  startup_stm32h723xx.o(.text)
    TIM1_UP_IRQHandler                       0x08000387   Thumb Code     0  startup_stm32h723xx.o(.text)
    TIM23_IRQHandler                         0x08000387   Thumb Code     0  startup_stm32h723xx.o(.text)
    TIM24_IRQHandler                         0x08000387   Thumb Code     0  startup_stm32h723xx.o(.text)
    TIM2_IRQHandler                          0x08000387   Thumb Code     0  startup_stm32h723xx.o(.text)
    TIM3_IRQHandler                          0x08000387   Thumb Code     0  startup_stm32h723xx.o(.text)
    TIM4_IRQHandler                          0x08000387   Thumb Code     0  startup_stm32h723xx.o(.text)
    TIM5_IRQHandler                          0x08000387   Thumb Code     0  startup_stm32h723xx.o(.text)
    TIM6_DAC_IRQHandler                      0x08000387   Thumb Code     0  startup_stm32h723xx.o(.text)
    TIM7_IRQHandler                          0x08000387   Thumb Code     0  startup_stm32h723xx.o(.text)
    TIM8_BRK_TIM12_IRQHandler                0x08000387   Thumb Code     0  startup_stm32h723xx.o(.text)
    TIM8_CC_IRQHandler                       0x08000387   Thumb Code     0  startup_stm32h723xx.o(.text)
    TIM8_TRG_COM_TIM14_IRQHandler            0x08000387   Thumb Code     0  startup_stm32h723xx.o(.text)
    TIM8_UP_TIM13_IRQHandler                 0x08000387   Thumb Code     0  startup_stm32h723xx.o(.text)
    UART4_IRQHandler                         0x08000387   Thumb Code     0  startup_stm32h723xx.o(.text)
    UART5_IRQHandler                         0x08000387   Thumb Code     0  startup_stm32h723xx.o(.text)
    UART7_IRQHandler                         0x08000387   Thumb Code     0  startup_stm32h723xx.o(.text)
    UART8_IRQHandler                         0x08000387   Thumb Code     0  startup_stm32h723xx.o(.text)
    UART9_IRQHandler                         0x08000387   Thumb Code     0  startup_stm32h723xx.o(.text)
    USART10_IRQHandler                       0x08000387   Thumb Code     0  startup_stm32h723xx.o(.text)
    USART1_IRQHandler                        0x08000387   Thumb Code     0  startup_stm32h723xx.o(.text)
    USART2_IRQHandler                        0x08000387   Thumb Code     0  startup_stm32h723xx.o(.text)
    USART3_IRQHandler                        0x08000387   Thumb Code     0  startup_stm32h723xx.o(.text)
    USART6_IRQHandler                        0x08000387   Thumb Code     0  startup_stm32h723xx.o(.text)
    WAKEUP_PIN_IRQHandler                    0x08000387   Thumb Code     0  startup_stm32h723xx.o(.text)
    WWDG_IRQHandler                          0x08000387   Thumb Code     0  startup_stm32h723xx.o(.text)
    __user_initial_stackheap                 0x08000389   Thumb Code     0  startup_stm32h723xx.o(.text)
    __aeabi_memcpy4                          0x080003ad   Thumb Code     0  rt_memcpy_w.o(.text)
    __aeabi_memcpy8                          0x080003ad   Thumb Code     0  rt_memcpy_w.o(.text)
    __rt_memcpy_w                            0x080003ad   Thumb Code   100  rt_memcpy_w.o(.text)
    _memcpy_lastbytes_aligned                0x080003f5   Thumb Code     0  rt_memcpy_w.o(.text)
    __aeabi_memclr4                          0x08000411   Thumb Code     0  rt_memclr_w.o(.text)
    __aeabi_memclr8                          0x08000411   Thumb Code     0  rt_memclr_w.o(.text)
    __rt_memclr_w                            0x08000411   Thumb Code    78  rt_memclr_w.o(.text)
    _memset_w                                0x08000415   Thumb Code     0  rt_memclr_w.o(.text)
    __use_two_region_memory                  0x0800045f   Thumb Code     2  heapauxi.o(.text)
    __rt_heap_escrow$2region                 0x08000461   Thumb Code     2  heapauxi.o(.text)
    __rt_heap_expand$2region                 0x08000463   Thumb Code     2  heapauxi.o(.text)
    __user_setup_stackheap                   0x08000465   Thumb Code    74  sys_stackheap_outer.o(.text)
    exit                                     0x080004af   Thumb Code    18  exit.o(.text)
    __user_libspace                          0x080004c1   Thumb Code     8  libspace.o(.text)
    __user_perproc_libspace                  0x080004c1   Thumb Code     0  libspace.o(.text)
    __user_perthread_libspace                0x080004c1   Thumb Code     0  libspace.o(.text)
    _sys_exit                                0x080004c9   Thumb Code     8  sys_exit.o(.text)
    __I$use$semihosting                      0x080004d5   Thumb Code     0  use_no_semi.o(.text)
    __use_no_semihosting_swi                 0x080004d5   Thumb Code     2  use_no_semi.o(.text)
    BusFault_Handler                         0x080004d7   Thumb Code     2  stm32h7xx_it.o(i.BusFault_Handler)
    __semihosting_library_function           0x080004d7   Thumb Code     0  indicate_semi.o(.text)
    DebugMon_Handler                         0x080004d9   Thumb Code     2  stm32h7xx_it.o(i.DebugMon_Handler)
    Error_Handler                            0x080004db   Thumb Code     4  main.o(i.Error_Handler)
    FDCAN1_IT0_IRQHandler                    0x080004e1   Thumb Code     6  stm32h7xx_it.o(i.FDCAN1_IT0_IRQHandler)
    FDCAN1_IT1_IRQHandler                    0x080004ed   Thumb Code     6  stm32h7xx_it.o(i.FDCAN1_IT1_IRQHandler)
    HAL_Delay                                0x0800072d   Thumb Code    32  stm32h7xx_hal.o(i.HAL_Delay)
    HAL_FDCAN_ActivateNotification           0x08000751   Thumb Code   126  stm32h7xx_hal_fdcan.o(i.HAL_FDCAN_ActivateNotification)
    HAL_FDCAN_AddMessageToTxFifoQ            0x080007d9   Thumb Code   102  stm32h7xx_hal_fdcan.o(i.HAL_FDCAN_AddMessageToTxFifoQ)
    HAL_FDCAN_ClockCalibrationCallback       0x0800083f   Thumb Code     2  stm32h7xx_hal_fdcan.o(i.HAL_FDCAN_ClockCalibrationCallback)
    HAL_FDCAN_ConfigFifoWatermark            0x08000841   Thumb Code    90  stm32h7xx_hal_fdcan.o(i.HAL_FDCAN_ConfigFifoWatermark)
    HAL_FDCAN_ConfigFilter                   0x0800089b   Thumb Code   126  stm32h7xx_hal_fdcan.o(i.HAL_FDCAN_ConfigFilter)
    HAL_FDCAN_ConfigGlobalFilter             0x08000919   Thumb Code    50  stm32h7xx_hal_fdcan.o(i.HAL_FDCAN_ConfigGlobalFilter)
    HAL_FDCAN_ErrorCallback                  0x0800094b   Thumb Code     2  stm32h7xx_hal_fdcan.o(i.HAL_FDCAN_ErrorCallback)
    HAL_FDCAN_ErrorStatusCallback            0x0800094d   Thumb Code     2  stm32h7xx_hal_fdcan.o(i.HAL_FDCAN_ErrorStatusCallback)
    HAL_FDCAN_GetRxMessage                   0x08000951   Thumb Code   392  stm32h7xx_hal_fdcan.o(i.HAL_FDCAN_GetRxMessage)
    HAL_FDCAN_HighPriorityMessageCallback    0x08000add   Thumb Code     2  stm32h7xx_hal_fdcan.o(i.HAL_FDCAN_HighPriorityMessageCallback)
    HAL_FDCAN_IRQHandler                     0x08000ae1   Thumb Code   788  stm32h7xx_hal_fdcan.o(i.HAL_FDCAN_IRQHandler)
    HAL_FDCAN_Init                           0x08000e01   Thumb Code   572  stm32h7xx_hal_fdcan.o(i.HAL_FDCAN_Init)
    HAL_FDCAN_MspInit                        0x08001045   Thumb Code   370  fdcan.o(i.HAL_FDCAN_MspInit)
    HAL_FDCAN_RxBufferNewMessageCallback     0x080011d9   Thumb Code     2  stm32h7xx_hal_fdcan.o(i.HAL_FDCAN_RxBufferNewMessageCallback)
    HAL_FDCAN_RxFifo0Callback                0x080011dd   Thumb Code    40  bsp_fdcan.o(i.HAL_FDCAN_RxFifo0Callback)
    HAL_FDCAN_RxFifo1Callback                0x08001211   Thumb Code     2  stm32h7xx_hal_fdcan.o(i.HAL_FDCAN_RxFifo1Callback)
    HAL_FDCAN_Start                          0x08001213   Thumb Code    50  stm32h7xx_hal_fdcan.o(i.HAL_FDCAN_Start)
    HAL_FDCAN_TT_GlobalTimeCallback          0x08001245   Thumb Code     2  stm32h7xx_hal_fdcan.o(i.HAL_FDCAN_TT_GlobalTimeCallback)
    HAL_FDCAN_TT_ScheduleSyncCallback        0x08001247   Thumb Code     2  stm32h7xx_hal_fdcan.o(i.HAL_FDCAN_TT_ScheduleSyncCallback)
    HAL_FDCAN_TT_StopWatchCallback           0x08001249   Thumb Code     2  stm32h7xx_hal_fdcan.o(i.HAL_FDCAN_TT_StopWatchCallback)
    HAL_FDCAN_TT_TimeMarkCallback            0x0800124b   Thumb Code     2  stm32h7xx_hal_fdcan.o(i.HAL_FDCAN_TT_TimeMarkCallback)
    HAL_FDCAN_TimeoutOccurredCallback        0x0800124d   Thumb Code     2  stm32h7xx_hal_fdcan.o(i.HAL_FDCAN_TimeoutOccurredCallback)
    HAL_FDCAN_TimestampWraparoundCallback    0x0800124f   Thumb Code     2  stm32h7xx_hal_fdcan.o(i.HAL_FDCAN_TimestampWraparoundCallback)
    HAL_FDCAN_TxBufferAbortCallback          0x08001251   Thumb Code     2  stm32h7xx_hal_fdcan.o(i.HAL_FDCAN_TxBufferAbortCallback)
    HAL_FDCAN_TxBufferCompleteCallback       0x08001253   Thumb Code     2  stm32h7xx_hal_fdcan.o(i.HAL_FDCAN_TxBufferCompleteCallback)
    HAL_FDCAN_TxEventFifoCallback            0x08001255   Thumb Code     2  stm32h7xx_hal_fdcan.o(i.HAL_FDCAN_TxEventFifoCallback)
    HAL_FDCAN_TxFifoEmptyCallback            0x08001257   Thumb Code     2  stm32h7xx_hal_fdcan.o(i.HAL_FDCAN_TxFifoEmptyCallback)
    HAL_GPIO_Init                            0x08001259   Thumb Code   496  stm32h7xx_hal_gpio.o(i.HAL_GPIO_Init)
    HAL_GetTick                              0x08001475   Thumb Code     6  stm32h7xx_hal.o(i.HAL_GetTick)
    HAL_IncTick                              0x08001481   Thumb Code    12  stm32h7xx_hal.o(i.HAL_IncTick)
    HAL_Init                                 0x08001491   Thumb Code    74  stm32h7xx_hal.o(i.HAL_Init)
    HAL_InitTick                             0x080014ed   Thumb Code    56  stm32h7xx_hal.o(i.HAL_InitTick)
    HAL_MPU_ConfigRegion                     0x0800152d   Thumb Code    86  stm32h7xx_hal_cortex.o(i.HAL_MPU_ConfigRegion)
    HAL_MPU_Disable                          0x08001589   Thumb Code    24  stm32h7xx_hal_cortex.o(i.HAL_MPU_Disable)
    HAL_MPU_Enable                           0x080015a5   Thumb Code    30  stm32h7xx_hal_cortex.o(i.HAL_MPU_Enable)
    HAL_MspInit                              0x080015c9   Thumb Code    22  stm32h7xx_hal_msp.o(i.HAL_MspInit)
    HAL_NVIC_EnableIRQ                       0x080015e5   Thumb Code    26  stm32h7xx_hal_cortex.o(i.HAL_NVIC_EnableIRQ)
    HAL_NVIC_SetPriority                     0x08001601   Thumb Code    60  stm32h7xx_hal_cortex.o(i.HAL_NVIC_SetPriority)
    HAL_NVIC_SetPriorityGrouping             0x08001641   Thumb Code    28  stm32h7xx_hal_cortex.o(i.HAL_NVIC_SetPriorityGrouping)
    HAL_PWREx_ConfigSupply                   0x08001665   Thumb Code    78  stm32h7xx_hal_pwr_ex.o(i.HAL_PWREx_ConfigSupply)
    HAL_RCCEx_PeriphCLKConfig                0x080016b9   Thumb Code  2362  stm32h7xx_hal_rcc_ex.o(i.HAL_RCCEx_PeriphCLKConfig)
    HAL_RCC_ClockConfig                      0x08001ff5   Thumb Code   580  stm32h7xx_hal_rcc.o(i.HAL_RCC_ClockConfig)
    HAL_RCC_GetSysClockFreq                  0x08002251   Thumb Code   278  stm32h7xx_hal_rcc.o(i.HAL_RCC_GetSysClockFreq)
    HAL_RCC_OscConfig                        0x08002389   Thumb Code  1318  stm32h7xx_hal_rcc.o(i.HAL_RCC_OscConfig)
    HAL_SYSTICK_Config                       0x080028af   Thumb Code    38  stm32h7xx_hal_cortex.o(i.HAL_SYSTICK_Config)
    HardFault_Handler                        0x080028d5   Thumb Code     2  stm32h7xx_it.o(i.HardFault_Handler)
    MX_FDCAN1_Init                           0x080028d9   Thumb Code   106  fdcan.o(i.MX_FDCAN1_Init)
    MX_FDCAN2_Init                           0x0800294d   Thumb Code    90  fdcan.o(i.MX_FDCAN2_Init)
    MX_FDCAN3_Init                           0x080029b1   Thumb Code    90  fdcan.o(i.MX_FDCAN3_Init)
    MX_GPIO_Init                             0x08002a15   Thumb Code    70  gpio.o(i.MX_GPIO_Init)
    MemManage_Handler                        0x08002a61   Thumb Code     2  stm32h7xx_it.o(i.MemManage_Handler)
    NMI_Handler                              0x08002a63   Thumb Code     2  stm32h7xx_it.o(i.NMI_Handler)
    PendSV_Handler                           0x08002a65   Thumb Code     2  stm32h7xx_it.o(i.PendSV_Handler)
    SVC_Handler                              0x08002ca9   Thumb Code     2  stm32h7xx_it.o(i.SVC_Handler)
    SysTick_Handler                          0x08002cab   Thumb Code     4  stm32h7xx_it.o(i.SysTick_Handler)
    SystemClock_Config                       0x08002cb1   Thumb Code   148  main.o(i.SystemClock_Config)
    SystemInit                               0x08002d49   Thumb Code   158  system_stm32h7xx.o(i.SystemInit)
    UsageFault_Handler                       0x08002e09   Thumb Code     2  stm32h7xx_it.o(i.UsageFault_Handler)
    bsp_can_init                             0x08002e2d   Thumb Code    58  bsp_fdcan.o(i.bsp_can_init)
    can_filter_init                          0x08002e75   Thumb Code    58  bsp_fdcan.o(i.can_filter_init)
    fdcan1_rx_callback                       0x08002eb5   Thumb Code    10  bsp_fdcan.o(i.fdcan1_rx_callback)
    fdcan2_rx_callback                       0x08002ec9   Thumb Code    12  bsp_fdcan.o(i.fdcan2_rx_callback)
    fdcan3_rx_callback                       0x08002edd   Thumb Code    12  bsp_fdcan.o(i.fdcan3_rx_callback)
    fdcanx_receive                           0x08002ef1   Thumb Code    82  bsp_fdcan.o(i.fdcanx_receive)
    fdcanx_send_data                         0x08002f43   Thumb Code   108  bsp_fdcan.o(i.fdcanx_send_data)
    main                                     0x08002fb1   Thumb Code   128  main.o(i.main)
    _fp_init                                 0x08003039   Thumb Code    10  fpinit.o(x$fpl$fpinit)
    __fplib_config_fpu_vfp                   0x08003041   Thumb Code     0  fpinit.o(x$fpl$fpinit)
    __fplib_config_pureend_doubles           0x08003041   Thumb Code     0  fpinit.o(x$fpl$fpinit)
    D1CorePrescTable                         0x080030a0   Data          16  system_stm32h7xx.o(.constdata)
    Region$$Table$$Base                      0x080030b0   Number         0  anon$$obj.o(Region$$Table)
    Region$$Table$$Limit                     0x080030e0   Number         0  anon$$obj.o(Region$$Table)
    rec_id1                                  0x20000000   Data           2  bsp_fdcan.o(.data)
    rec_id2                                  0x20000002   Data           2  bsp_fdcan.o(.data)
    rec_id3                                  0x20000004   Data           2  bsp_fdcan.o(.data)
    rx_data1                                 0x20000006   Data           8  bsp_fdcan.o(.data)
    rx_data2                                 0x2000000e   Data           8  bsp_fdcan.o(.data)
    rx_data3                                 0x20000016   Data           8  bsp_fdcan.o(.data)
    tx_data                                  0x2000001e   Data           8  main.o(.data)
    uwTickFreq                               0x2000002c   Data           1  stm32h7xx_hal.o(.data)
    uwTickPrio                               0x20000030   Data           4  stm32h7xx_hal.o(.data)
    uwTick                                   0x20000034   Data           4  stm32h7xx_hal.o(.data)
    SystemCoreClock                          0x20000038   Data           4  system_stm32h7xx.o(.data)
    SystemD2Clock                            0x2000003c   Data           4  system_stm32h7xx.o(.data)
    hfdcan1                                  0x24000000   Data         160  fdcan.o(.bss)
    hfdcan2                                  0x240000a0   Data         160  fdcan.o(.bss)
    hfdcan3                                  0x24000140   Data         160  fdcan.o(.bss)
    __libspace_start                         0x240001e0   Data          96  libspace.o(.bss)
    __temporary_stack_top$libspace           0x24000240   Data           0  libspace.o(.bss)



==============================================================================

Memory Map of the image

  Image Entry point : 0x080002cd

  Load Region LR_IROM1 (Base: 0x08000000, Size: 0x00003120, Max: 0x00100000, ABSOLUTE)

    Execution Region ER_IROM1 (Exec base: 0x08000000, Load base: 0x08000000, Size: 0x000030e0, Max: 0x00100000, ABSOLUTE)

    Exec Addr    Load Addr    Size         Type   Attr      Idx    E Section Name        Object

    0x08000000   0x08000000   0x000002cc   Data   RO            3    RESET               startup_stm32h723xx.o
    0x080002cc   0x080002cc   0x00000008   Code   RO         3556  * !!!main             c_w.l(__main.o)
    0x080002d4   0x080002d4   0x00000034   Code   RO         3713    !!!scatter          c_w.l(__scatter.o)
    0x08000308   0x08000308   0x0000001a   Code   RO         3715    !!handler_copy      c_w.l(__scatter_copy.o)
    0x08000322   0x08000322   0x00000002   PAD
    0x08000324   0x08000324   0x0000001c   Code   RO         3717    !!handler_zi        c_w.l(__scatter_zi.o)
    0x08000340   0x08000340   0x00000002   Code   RO         3583    .ARM.Collect$$libinit$$00000000  c_w.l(libinit.o)
    0x08000342   0x08000342   0x00000004   Code   RO         3589    .ARM.Collect$$libinit$$00000001  c_w.l(libinit2.o)
    0x08000346   0x08000346   0x00000000   Code   RO         3592    .ARM.Collect$$libinit$$00000004  c_w.l(libinit2.o)
    0x08000346   0x08000346   0x00000000   Code   RO         3595    .ARM.Collect$$libinit$$0000000A  c_w.l(libinit2.o)
    0x08000346   0x08000346   0x00000000   Code   RO         3597    .ARM.Collect$$libinit$$0000000C  c_w.l(libinit2.o)
    0x08000346   0x08000346   0x00000000   Code   RO         3599    .ARM.Collect$$libinit$$0000000E  c_w.l(libinit2.o)
    0x08000346   0x08000346   0x00000000   Code   RO         3602    .ARM.Collect$$libinit$$00000011  c_w.l(libinit2.o)
    0x08000346   0x08000346   0x00000000   Code   RO         3604    .ARM.Collect$$libinit$$00000013  c_w.l(libinit2.o)
    0x08000346   0x08000346   0x00000000   Code   RO         3606    .ARM.Collect$$libinit$$00000015  c_w.l(libinit2.o)
    0x08000346   0x08000346   0x00000000   Code   RO         3608    .ARM.Collect$$libinit$$00000017  c_w.l(libinit2.o)
    0x08000346   0x08000346   0x00000000   Code   RO         3610    .ARM.Collect$$libinit$$00000019  c_w.l(libinit2.o)
    0x08000346   0x08000346   0x00000000   Code   RO         3612    .ARM.Collect$$libinit$$0000001B  c_w.l(libinit2.o)
    0x08000346   0x08000346   0x00000000   Code   RO         3614    .ARM.Collect$$libinit$$0000001D  c_w.l(libinit2.o)
    0x08000346   0x08000346   0x00000000   Code   RO         3616    .ARM.Collect$$libinit$$0000001F  c_w.l(libinit2.o)
    0x08000346   0x08000346   0x00000000   Code   RO         3618    .ARM.Collect$$libinit$$00000021  c_w.l(libinit2.o)
    0x08000346   0x08000346   0x00000000   Code   RO         3620    .ARM.Collect$$libinit$$00000023  c_w.l(libinit2.o)
    0x08000346   0x08000346   0x00000000   Code   RO         3622    .ARM.Collect$$libinit$$00000025  c_w.l(libinit2.o)
    0x08000346   0x08000346   0x00000000   Code   RO         3626    .ARM.Collect$$libinit$$0000002C  c_w.l(libinit2.o)
    0x08000346   0x08000346   0x00000000   Code   RO         3628    .ARM.Collect$$libinit$$0000002E  c_w.l(libinit2.o)
    0x08000346   0x08000346   0x00000000   Code   RO         3630    .ARM.Collect$$libinit$$00000030  c_w.l(libinit2.o)
    0x08000346   0x08000346   0x00000000   Code   RO         3632    .ARM.Collect$$libinit$$00000032  c_w.l(libinit2.o)
    0x08000346   0x08000346   0x00000002   Code   RO         3633    .ARM.Collect$$libinit$$00000033  c_w.l(libinit2.o)
    0x08000348   0x08000348   0x00000002   Code   RO         3653    .ARM.Collect$$libshutdown$$00000000  c_w.l(libshutdown.o)
    0x0800034a   0x0800034a   0x00000000   Code   RO         3666    .ARM.Collect$$libshutdown$$00000002  c_w.l(libshutdown2.o)
    0x0800034a   0x0800034a   0x00000000   Code   RO         3668    .ARM.Collect$$libshutdown$$00000004  c_w.l(libshutdown2.o)
    0x0800034a   0x0800034a   0x00000000   Code   RO         3671    .ARM.Collect$$libshutdown$$00000007  c_w.l(libshutdown2.o)
    0x0800034a   0x0800034a   0x00000000   Code   RO         3674    .ARM.Collect$$libshutdown$$0000000A  c_w.l(libshutdown2.o)
    0x0800034a   0x0800034a   0x00000000   Code   RO         3676    .ARM.Collect$$libshutdown$$0000000C  c_w.l(libshutdown2.o)
    0x0800034a   0x0800034a   0x00000000   Code   RO         3679    .ARM.Collect$$libshutdown$$0000000F  c_w.l(libshutdown2.o)
    0x0800034a   0x0800034a   0x00000002   Code   RO         3680    .ARM.Collect$$libshutdown$$00000010  c_w.l(libshutdown2.o)
    0x0800034c   0x0800034c   0x00000000   Code   RO         3558    .ARM.Collect$$rtentry$$00000000  c_w.l(__rtentry.o)
    0x0800034c   0x0800034c   0x00000000   Code   RO         3560    .ARM.Collect$$rtentry$$00000002  c_w.l(__rtentry2.o)
    0x0800034c   0x0800034c   0x00000006   Code   RO         3572    .ARM.Collect$$rtentry$$00000004  c_w.l(__rtentry4.o)
    0x08000352   0x08000352   0x00000000   Code   RO         3562    .ARM.Collect$$rtentry$$00000009  c_w.l(__rtentry2.o)
    0x08000352   0x08000352   0x00000004   Code   RO         3563    .ARM.Collect$$rtentry$$0000000A  c_w.l(__rtentry2.o)
    0x08000356   0x08000356   0x00000000   Code   RO         3565    .ARM.Collect$$rtentry$$0000000C  c_w.l(__rtentry2.o)
    0x08000356   0x08000356   0x00000008   Code   RO         3566    .ARM.Collect$$rtentry$$0000000D  c_w.l(__rtentry2.o)
    0x0800035e   0x0800035e   0x00000002   Code   RO         3587    .ARM.Collect$$rtexit$$00000000  c_w.l(rtexit.o)
    0x08000360   0x08000360   0x00000000   Code   RO         3635    .ARM.Collect$$rtexit$$00000002  c_w.l(rtexit2.o)
    0x08000360   0x08000360   0x00000004   Code   RO         3636    .ARM.Collect$$rtexit$$00000003  c_w.l(rtexit2.o)
    0x08000364   0x08000364   0x00000006   Code   RO         3637    .ARM.Collect$$rtexit$$00000004  c_w.l(rtexit2.o)
    0x0800036a   0x0800036a   0x00000002   PAD
    0x0800036c   0x0800036c   0x00000040   Code   RO            4    .text               startup_stm32h723xx.o
    0x080003ac   0x080003ac   0x00000064   Code   RO         3550    .text               c_w.l(rt_memcpy_w.o)
    0x08000410   0x08000410   0x0000004e   Code   RO         3552    .text               c_w.l(rt_memclr_w.o)
    0x0800045e   0x0800045e   0x00000006   Code   RO         3554    .text               c_w.l(heapauxi.o)
    0x08000464   0x08000464   0x0000004a   Code   RO         3574    .text               c_w.l(sys_stackheap_outer.o)
    0x080004ae   0x080004ae   0x00000012   Code   RO         3576    .text               c_w.l(exit.o)
    0x080004c0   0x080004c0   0x00000008   Code   RO         3584    .text               c_w.l(libspace.o)
    0x080004c8   0x080004c8   0x0000000c   Code   RO         3645    .text               c_w.l(sys_exit.o)
    0x080004d4   0x080004d4   0x00000002   Code   RO         3656    .text               c_w.l(use_no_semi.o)
    0x080004d6   0x080004d6   0x00000000   Code   RO         3658    .text               c_w.l(indicate_semi.o)
    0x080004d6   0x080004d6   0x00000002   Code   RO          334    i.BusFault_Handler  stm32h7xx_it.o
    0x080004d8   0x080004d8   0x00000002   Code   RO          335    i.DebugMon_Handler  stm32h7xx_it.o
    0x080004da   0x080004da   0x00000004   Code   RO          192    i.Error_Handler     main.o
    0x080004de   0x080004de   0x00000002   PAD
    0x080004e0   0x080004e0   0x0000000c   Code   RO          336    i.FDCAN1_IT0_IRQHandler  stm32h7xx_it.o
    0x080004ec   0x080004ec   0x0000000c   Code   RO          337    i.FDCAN1_IT1_IRQHandler  stm32h7xx_it.o
    0x080004f8   0x080004f8   0x000001c8   Code   RO         2860    i.FDCAN_CalcultateRamBlockAddresses  stm32h7xx_hal_fdcan.o
    0x080006c0   0x080006c0   0x0000006c   Code   RO         2861    i.FDCAN_CopyMessageToRAM  stm32h7xx_hal_fdcan.o
    0x0800072c   0x0800072c   0x00000024   Code   RO         1921    i.HAL_Delay         stm32h7xx_hal.o
    0x08000750   0x08000750   0x00000088   Code   RO         2863    i.HAL_FDCAN_ActivateNotification  stm32h7xx_hal_fdcan.o
    0x080007d8   0x080007d8   0x00000066   Code   RO         2865    i.HAL_FDCAN_AddMessageToTxFifoQ  stm32h7xx_hal_fdcan.o
    0x0800083e   0x0800083e   0x00000002   Code   RO         2866    i.HAL_FDCAN_ClockCalibrationCallback  stm32h7xx_hal_fdcan.o
    0x08000840   0x08000840   0x0000005a   Code   RO         2869    i.HAL_FDCAN_ConfigFifoWatermark  stm32h7xx_hal_fdcan.o
    0x0800089a   0x0800089a   0x0000007e   Code   RO         2870    i.HAL_FDCAN_ConfigFilter  stm32h7xx_hal_fdcan.o
    0x08000918   0x08000918   0x00000032   Code   RO         2871    i.HAL_FDCAN_ConfigGlobalFilter  stm32h7xx_hal_fdcan.o
    0x0800094a   0x0800094a   0x00000002   Code   RO         2892    i.HAL_FDCAN_ErrorCallback  stm32h7xx_hal_fdcan.o
    0x0800094c   0x0800094c   0x00000002   Code   RO         2893    i.HAL_FDCAN_ErrorStatusCallback  stm32h7xx_hal_fdcan.o
    0x0800094e   0x0800094e   0x00000002   PAD
    0x08000950   0x08000950   0x0000018c   Code   RO         2904    i.HAL_FDCAN_GetRxMessage  stm32h7xx_hal_fdcan.o
    0x08000adc   0x08000adc   0x00000002   Code   RO         2910    i.HAL_FDCAN_HighPriorityMessageCallback  stm32h7xx_hal_fdcan.o
    0x08000ade   0x08000ade   0x00000002   PAD
    0x08000ae0   0x08000ae0   0x00000320   Code   RO         2911    i.HAL_FDCAN_IRQHandler  stm32h7xx_hal_fdcan.o
    0x08000e00   0x08000e00   0x00000244   Code   RO         2912    i.HAL_FDCAN_Init    stm32h7xx_hal_fdcan.o
    0x08001044   0x08001044   0x00000194   Code   RO          262    i.HAL_FDCAN_MspInit  fdcan.o
    0x080011d8   0x080011d8   0x00000002   Code   RO         2921    i.HAL_FDCAN_RxBufferNewMessageCallback  stm32h7xx_hal_fdcan.o
    0x080011da   0x080011da   0x00000002   PAD
    0x080011dc   0x080011dc   0x00000034   Code   RO           13    i.HAL_FDCAN_RxFifo0Callback  bsp_fdcan.o
    0x08001210   0x08001210   0x00000002   Code   RO         2923    i.HAL_FDCAN_RxFifo1Callback  stm32h7xx_hal_fdcan.o
    0x08001212   0x08001212   0x00000032   Code   RO         2924    i.HAL_FDCAN_Start   stm32h7xx_hal_fdcan.o
    0x08001244   0x08001244   0x00000002   Code   RO         2946    i.HAL_FDCAN_TT_GlobalTimeCallback  stm32h7xx_hal_fdcan.o
    0x08001246   0x08001246   0x00000002   Code   RO         2947    i.HAL_FDCAN_TT_ScheduleSyncCallback  stm32h7xx_hal_fdcan.o
    0x08001248   0x08001248   0x00000002   Code   RO         2952    i.HAL_FDCAN_TT_StopWatchCallback  stm32h7xx_hal_fdcan.o
    0x0800124a   0x0800124a   0x00000002   Code   RO         2953    i.HAL_FDCAN_TT_TimeMarkCallback  stm32h7xx_hal_fdcan.o
    0x0800124c   0x0800124c   0x00000002   Code   RO         2954    i.HAL_FDCAN_TimeoutOccurredCallback  stm32h7xx_hal_fdcan.o
    0x0800124e   0x0800124e   0x00000002   Code   RO         2955    i.HAL_FDCAN_TimestampWraparoundCallback  stm32h7xx_hal_fdcan.o
    0x08001250   0x08001250   0x00000002   Code   RO         2956    i.HAL_FDCAN_TxBufferAbortCallback  stm32h7xx_hal_fdcan.o
    0x08001252   0x08001252   0x00000002   Code   RO         2957    i.HAL_FDCAN_TxBufferCompleteCallback  stm32h7xx_hal_fdcan.o
    0x08001254   0x08001254   0x00000002   Code   RO         2958    i.HAL_FDCAN_TxEventFifoCallback  stm32h7xx_hal_fdcan.o
    0x08001256   0x08001256   0x00000002   Code   RO         2959    i.HAL_FDCAN_TxFifoEmptyCallback  stm32h7xx_hal_fdcan.o
    0x08001258   0x08001258   0x0000021c   Code   RO         1072    i.HAL_GPIO_Init     stm32h7xx_hal_gpio.o
    0x08001474   0x08001474   0x0000000c   Code   RO         1937    i.HAL_GetTick       stm32h7xx_hal.o
    0x08001480   0x08001480   0x00000010   Code   RO         1943    i.HAL_IncTick       stm32h7xx_hal.o
    0x08001490   0x08001490   0x0000005c   Code   RO         1944    i.HAL_Init          stm32h7xx_hal.o
    0x080014ec   0x080014ec   0x00000040   Code   RO         1945    i.HAL_InitTick      stm32h7xx_hal.o
    0x0800152c   0x0800152c   0x0000005c   Code   RO          447    i.HAL_MPU_ConfigRegion  stm32h7xx_hal_cortex.o
    0x08001588   0x08001588   0x0000001c   Code   RO          448    i.HAL_MPU_Disable   stm32h7xx_hal_cortex.o
    0x080015a4   0x080015a4   0x00000024   Code   RO          450    i.HAL_MPU_Enable    stm32h7xx_hal_cortex.o
    0x080015c8   0x080015c8   0x0000001c   Code   RO          422    i.HAL_MspInit       stm32h7xx_hal_msp.o
    0x080015e4   0x080015e4   0x0000001a   Code   RO          454    i.HAL_NVIC_EnableIRQ  stm32h7xx_hal_cortex.o
    0x080015fe   0x080015fe   0x00000002   PAD
    0x08001600   0x08001600   0x00000040   Code   RO          460    i.HAL_NVIC_SetPriority  stm32h7xx_hal_cortex.o
    0x08001640   0x08001640   0x00000024   Code   RO          461    i.HAL_NVIC_SetPriorityGrouping  stm32h7xx_hal_cortex.o
    0x08001664   0x08001664   0x00000054   Code   RO         1673    i.HAL_PWREx_ConfigSupply  stm32h7xx_hal_pwr_ex.o
    0x080016b8   0x080016b8   0x0000093a   Code   RO          724    i.HAL_RCCEx_PeriphCLKConfig  stm32h7xx_hal_rcc_ex.o
    0x08001ff2   0x08001ff2   0x00000002   PAD
    0x08001ff4   0x08001ff4   0x0000025c   Code   RO          600    i.HAL_RCC_ClockConfig  stm32h7xx_hal_rcc.o
    0x08002250   0x08002250   0x00000138   Code   RO          609    i.HAL_RCC_GetSysClockFreq  stm32h7xx_hal_rcc.o
    0x08002388   0x08002388   0x00000526   Code   RO          612    i.HAL_RCC_OscConfig  stm32h7xx_hal_rcc.o
    0x080028ae   0x080028ae   0x00000026   Code   RO          465    i.HAL_SYSTICK_Config  stm32h7xx_hal_cortex.o
    0x080028d4   0x080028d4   0x00000002   Code   RO          338    i.HardFault_Handler  stm32h7xx_it.o
    0x080028d6   0x080028d6   0x00000002   PAD
    0x080028d8   0x080028d8   0x00000074   Code   RO          263    i.MX_FDCAN1_Init    fdcan.o
    0x0800294c   0x0800294c   0x00000064   Code   RO          264    i.MX_FDCAN2_Init    fdcan.o
    0x080029b0   0x080029b0   0x00000064   Code   RO          265    i.MX_FDCAN3_Init    fdcan.o
    0x08002a14   0x08002a14   0x0000004c   Code   RO          237    i.MX_GPIO_Init      gpio.o
    0x08002a60   0x08002a60   0x00000002   Code   RO          339    i.MemManage_Handler  stm32h7xx_it.o
    0x08002a62   0x08002a62   0x00000002   Code   RO          340    i.NMI_Handler       stm32h7xx_it.o
    0x08002a64   0x08002a64   0x00000002   Code   RO          341    i.PendSV_Handler    stm32h7xx_it.o
    0x08002a66   0x08002a66   0x00000002   PAD
    0x08002a68   0x08002a68   0x00000120   Code   RO          727    i.RCCEx_PLL2_Config  stm32h7xx_hal_rcc_ex.o
    0x08002b88   0x08002b88   0x00000120   Code   RO          728    i.RCCEx_PLL3_Config  stm32h7xx_hal_rcc_ex.o
    0x08002ca8   0x08002ca8   0x00000002   Code   RO          342    i.SVC_Handler       stm32h7xx_it.o
    0x08002caa   0x08002caa   0x00000004   Code   RO          343    i.SysTick_Handler   stm32h7xx_it.o
    0x08002cae   0x08002cae   0x00000002   PAD
    0x08002cb0   0x08002cb0   0x00000098   Code   RO          193    i.SystemClock_Config  main.o
    0x08002d48   0x08002d48   0x000000c0   Code   RO         3515    i.SystemInit        system_stm32h7xx.o
    0x08002e08   0x08002e08   0x00000002   Code   RO          344    i.UsageFault_Handler  stm32h7xx_it.o
    0x08002e0a   0x08002e0a   0x00000022   Code   RO          467    i.__NVIC_SetPriority  stm32h7xx_hal_cortex.o
    0x08002e2c   0x08002e2c   0x00000048   Code   RO           14    i.bsp_can_init      bsp_fdcan.o
    0x08002e74   0x08002e74   0x00000040   Code   RO           15    i.can_filter_init   bsp_fdcan.o
    0x08002eb4   0x08002eb4   0x00000014   Code   RO           16    i.fdcan1_rx_callback  bsp_fdcan.o
    0x08002ec8   0x08002ec8   0x00000014   Code   RO           17    i.fdcan2_rx_callback  bsp_fdcan.o
    0x08002edc   0x08002edc   0x00000014   Code   RO           18    i.fdcan3_rx_callback  bsp_fdcan.o
    0x08002ef0   0x08002ef0   0x00000052   Code   RO           19    i.fdcanx_receive    bsp_fdcan.o
    0x08002f42   0x08002f42   0x0000006c   Code   RO           20    i.fdcanx_send_data  bsp_fdcan.o
    0x08002fae   0x08002fae   0x00000002   PAD
    0x08002fb0   0x08002fb0   0x00000088   Code   RO          194    i.main              main.o
    0x08003038   0x08003038   0x0000000a   Code   RO         3643    x$fpl$fpinit        fz_wv.l(fpinit.o)
    0x08003042   0x08003042   0x00000002   PAD
    0x08003044   0x08003044   0x0000005c   Data   RO         2960    .constdata          stm32h7xx_hal_fdcan.o
    0x080030a0   0x080030a0   0x00000010   Data   RO         3516    .constdata          system_stm32h7xx.o
    0x080030b0   0x080030b0   0x00000030   Data   RO         3711    Region$$Table       anon$$obj.o


    Execution Region RW_IRAM1 (Exec base: 0x20000000, Load base: 0x080030e0, Size: 0x00000440, Max: 0x00020000, ABSOLUTE)

    Exec Addr    Load Addr    Size         Type   Attr      Idx    E Section Name        Object

    0x20000000   0x080030e0   0x0000001e   Data   RW           21    .data               bsp_fdcan.o
    0x2000001e   0x080030fe   0x00000008   Data   RW          195    .data               main.o
    0x20000026   0x08003106   0x00000002   PAD
    0x20000028   0x08003108   0x00000004   Data   RW          267    .data               fdcan.o
    0x2000002c   0x0800310c   0x0000000c   Data   RW         1968    .data               stm32h7xx_hal.o
    0x20000038   0x08003118   0x00000008   Data   RW         3517    .data               system_stm32h7xx.o
    0x20000040        -       0x00000400   Zero   RW            1    STACK               startup_stm32h723xx.o


    Execution Region RW_IRAM2 (Exec base: 0x24000000, Load base: 0x08003120, Size: 0x00000440, Max: 0x00020000, ABSOLUTE)

    Exec Addr    Load Addr    Size         Type   Attr      Idx    E Section Name        Object

    0x24000000        -       0x000001e0   Zero   RW          266    .bss                fdcan.o
    0x240001e0        -       0x00000060   Zero   RW         3585    .bss                c_w.l(libspace.o)
    0x24000240        -       0x00000200   Zero   RW            2    HEAP                startup_stm32h723xx.o


==============================================================================

Image component sizes


      Code (inc. data)   RO Data    RW Data    ZI Data      Debug   Object Name

       438         58          0         30          0    1124292   bsp_fdcan.o
       720         64          0          4        480       3717   fdcan.o
        76          6          0          0          0       1015   gpio.o
       292         12          0          8          0       2658   main.o
        64         26        716          0       1536        864   startup_stm32h723xx.o
       220         40          0         12          0      23841   stm32h7xx_hal.o
       354         28          0          0          0      42065   stm32h7xx_hal_cortex.o
      2926         48         92          0          0      23848   stm32h7xx_hal_fdcan.o
       540         44          0          0          0       1692   stm32h7xx_hal_gpio.o
        28          6          0          0          0        974   stm32h7xx_hal_msp.o
        84          6          0          0          0        809   stm32h7xx_hal_pwr_ex.o
      2234         66          0          0          0       5388   stm32h7xx_hal_rcc.o
      2938         46          0          0          0       5311   stm32h7xx_hal_rcc_ex.o
        44         12          0          0          0       5326   stm32h7xx_it.o
       192         34         16          8          0       1550   system_stm32h7xx.o

    ----------------------------------------------------------------------
     11170        496        872         64       2016    1243350   Object Totals
         0          0         48          0          0          0   (incl. Generated)
        20          0          0          2          0          0   (incl. Padding)

    ----------------------------------------------------------------------

      Code (inc. data)   RO Data    RW Data    ZI Data      Debug   Library Member Name

         8          0          0          0          0         68   __main.o
         0          0          0          0          0          0   __rtentry.o
        12          0          0          0          0          0   __rtentry2.o
         6          0          0          0          0          0   __rtentry4.o
        52          8          0          0          0          0   __scatter.o
        26          0          0          0          0          0   __scatter_copy.o
        28          0          0          0          0          0   __scatter_zi.o
        18          0          0          0          0         80   exit.o
         6          0          0          0          0        152   heapauxi.o
         0          0          0          0          0          0   indicate_semi.o
         2          0          0          0          0          0   libinit.o
         6          0          0          0          0          0   libinit2.o
         2          0          0          0          0          0   libshutdown.o
         2          0          0          0          0          0   libshutdown2.o
         8          4          0          0         96         68   libspace.o
        78          0          0          0          0         80   rt_memclr_w.o
       100          0          0          0          0         80   rt_memcpy_w.o
         2          0          0          0          0          0   rtexit.o
        10          0          0          0          0          0   rtexit2.o
        12          4          0          0          0         68   sys_exit.o
        74          0          0          0          0         80   sys_stackheap_outer.o
         2          0          0          0          0         68   use_no_semi.o
        10          0          0          0          0        116   fpinit.o

    ----------------------------------------------------------------------
       470         16          0          0         96        860   Library Totals
         6          0          0          0          0          0   (incl. Padding)

    ----------------------------------------------------------------------

      Code (inc. data)   RO Data    RW Data    ZI Data      Debug   Library Name

       454         16          0          0         96        744   c_w.l
        10          0          0          0          0        116   fz_wv.l

    ----------------------------------------------------------------------
       470         16          0          0         96        860   Library Totals

    ----------------------------------------------------------------------

==============================================================================


      Code (inc. data)   RO Data    RW Data    ZI Data      Debug   

     11640        512        872         64       2112    1236950   Grand Totals
     11640        512        872         64       2112    1236950   ELF Image Totals
     11640        512        872         64          0          0   ROM Totals

==============================================================================

    Total RO  Size (Code + RO Data)                12512 (  12.22kB)
    Total RW  Size (RW Data + ZI Data)              2176 (   2.13kB)
    Total ROM Size (Code + RO Data + RW Data)      12576 (  12.28kB)

==============================================================================

